Archive member included because of file (symbol)

build/sky/contiki-ng-sky.a(uart1-putchar.o)
                              build/sky/obj/contiki-main.o (putchar)
build/sky/contiki-ng-sky.a(platform.o)
                              build/sky/obj/contiki-main.o (platform_init_stage_one)
build/sky/contiki-ng-sky.a(msp430.o)
                              build/sky/contiki-ng-sky.a(platform.o) (msp430_dco_required)
build/sky/contiki-ng-sky.a(clock.o)
                              build/sky/obj/contiki-main.o (clock_init)
build/sky/contiki-ng-sky.a(leds.o)
                              build/sky/contiki-ng-sky.a(platform.o) (leds_init)
build/sky/contiki-ng-sky.a(leds-arch.o)
                              build/sky/contiki-ng-sky.a(leds.o) (leds_arch_init)
build/sky/contiki-ng-sky.a(watchdog.o)
                              build/sky/obj/contiki-main.o (watchdog_start)
build/sky/contiki-ng-sky.a(rpl-border-rout)
                              build/sky/obj/contiki-main.o (rpl_border_router_init)
build/sky/contiki-ng-sky.a(autostart.o)
                              build/sky/obj/contiki-main.o (autostart_start)
build/sky/contiki-ng-sky.a(energest.o)
                              build/sky/obj/contiki-main.o (energest_init)
build/sky/contiki-ng-sky.a(etimer.o)
                              build/sky/contiki-ng-sky.a(clock.o) (etimer_request_poll)
build/sky/contiki-ng-sky.a(log.o)
                              build/sky/obj/contiki-main.o (log_6addr)
build/sky/contiki-ng-sky.a(ctimer.o)
                              build/sky/obj/contiki-main.o (ctimer_init)
build/sky/contiki-ng-sky.a(rtimer.o)
                              build/sky/obj/contiki-main.o (rtimer_init)
build/sky/contiki-ng-sky.a(node-id.o)
                              build/sky/obj/contiki-main.o (node_id_init)
build/sky/contiki-ng-sky.a(process.o)
                              build/sky/contiki-ng-sky.a(etimer.o) (process_current)
build/sky/contiki-ng-sky.a(timer.o)
                              build/sky/contiki-ng-sky.a(platform.o) (timer_set)
build/sky/contiki-ng-sky.a(stack-check.o)
                              build/sky/obj/contiki-main.o (stack_check_init)
build/sky/contiki-ng-sky.a(list.o)
                              build/sky/contiki-ng-sky.a(ctimer.o) (list_init)
build/sky/contiki-ng-sky.a(random.o)
                              build/sky/contiki-ng-sky.a(platform.o) (random_init)
build/sky/contiki-ng-sky.a(queuebuf.o)
                              build/sky/obj/contiki-main.o (queuebuf_init)
build/sky/contiki-ng-sky.a(packetbuf.o)
                              build/sky/contiki-ng-sky.a(queuebuf.o) (packetbuf_copyto)
build/sky/contiki-ng-sky.a(netstack.o)
                              build/sky/obj/contiki-main.o (netstack_init)
build/sky/contiki-ng-sky.a(linkaddr.o)
                              build/sky/contiki-ng-sky.a(platform.o) (linkaddr_copy)
build/sky/contiki-ng-sky.a(csma.o)
                              build/sky/obj/contiki-main.o (csma_driver)
build/sky/contiki-ng-sky.a(csma-output.o)
                              build/sky/contiki-ng-sky.a(csma.o) (csma_output_packet)
build/sky/contiki-ng-sky.a(uip-ds6.o)
                              build/sky/contiki-ng-sky.a(rpl-border-rout) (uip_ds6_if)
build/sky/contiki-ng-sky.a(uip-ds6-route.o)
                              build/sky/contiki-ng-sky.a(uip-ds6.o) (uip_ds6_route_init)
build/sky/contiki-ng-sky.a(uip-ds6-nbr.o)
                              build/sky/contiki-ng-sky.a(uip-ds6.o) (uip_ds6_neighbors_init)
build/sky/contiki-ng-sky.a(tcpip.o)
                              build/sky/obj/contiki-main.o (tcpip_process)
build/sky/contiki-ng-sky.a(uip6.o)
                              build/sky/contiki-ng-sky.a(tcpip.o) (uip_aligned_buf)
build/sky/contiki-ng-sky.a(uip-nd6.o)
                              build/sky/contiki-ng-sky.a(uip6.o) (uip_nd6_init)
build/sky/contiki-ng-sky.a(sicslowpan.o)
                              build/sky/obj/contiki-main.o (sicslowpan_driver)
build/sky/contiki-ng-sky.a(uiplib.o)
                              build/sky/contiki-ng-sky.a(log.o) (uiplib_ipaddr_snprint)
build/sky/contiki-ng-sky.a(rpl.o)
                              build/sky/obj/contiki-main.o (rpl_lite_driver)
build/sky/contiki-ng-sky.a(rpl-dag.o)
                              build/sky/contiki-ng-sky.a(rpl.o) (curr_instance)
build/sky/contiki-ng-sky.a(rpl-dag-root.o)
                              build/sky/contiki-ng-sky.a(rpl.o) (rpl_dag_root_set_prefix)
build/sky/contiki-ng-sky.a(slip-bridge.o)
                              build/sky/contiki-ng-sky.a(tcpip.o) (rpl_interface)
build/sky/contiki-ng-sky.a(border-router-e)
                              build/sky/contiki-ng-sky.a(rpl-border-rout) (border_router_process)
build/sky/contiki-ng-sky.a(contiki-sky-pla)
                              build/sky/contiki-ng-sky.a(platform.o) (init_platform)
build/sky/contiki-ng-sky.a(button-sensor.o)
                              build/sky/contiki-ng-sky.a(border-router-e) (button_sensor)
[...]
Memory Configuration

Name             Origin             Length             Attributes
sfr              0x00000000         0x00000010
peripheral_8bit  0x00000010         0x000000f0
peripheral_16bit 0x00000100         0x00000100
ram_mirror       0x00000200         0x00000800         xw
infomem          0x00001000         0x00000100
infob            0x00001000         0x00000080
infoa            0x00001080         0x00000080
ram              0x00001100         0x00002800         xw
rom              0x00004000         0x0000bfe0         xr
vectors          0x0000ffe0         0x00000020
bsl              0x00000000         0x00000000
infoc            0x00000000         0x00000000
infod            0x00000000         0x00000000
ram2             0x00000000         0x00000000         xw
usbram           0x00000000         0x00000000         xw
far_rom          0x00000000         0x00000000
*default*        0x00000000         0xffffffff

Linker script and memory map

LOAD /usr/lib/gcc/msp430/4.6.3/mmpy-16/crt0ivtbl16.o
                0x00002a1a                _stack = _end
LOAD border-router.o
LOAD build/sky/obj/contiki-main.o
LOAD build/sky/contiki-ng-sky.a
LOAD /usr/lib/gcc/msp430/4.6.3/mmpy-16/libgcc.a
LOAD /usr/lib/gcc/msp430/4.6.3/../../../../msp430/lib/mmpy-16/libc.a
LOAD /usr/lib/gcc/msp430/4.6.3/mmpy-16/libgcc.a
LOAD /usr/lib/gcc/msp430/4.6.3/mmpy-16/libcrt0.a
                0x00000080                PROVIDE (__info_segment_size, 0x80)
                0x00001000                PROVIDE (__infob, 0x1000)
                0x00001080                PROVIDE (__infoa, 0x1080)
                0x00000000                __IE1 = 0x0
                0x00000002                __IFG1 = 0x2
                0x00000004                __ME1 = 0x4
                0x00000001                __IE2 = 0x1
                0x00000003                __IFG2 = 0x3
                0x00000005                __ME2 = 0x5
                0x00000120                __WDTCTL = 0x120
                0x00000130                __MPY = 0x130
                0x00000132                __MPYS = 0x132
                0x00000134                __MAC = 0x134
                0x00000136                __MACS = 0x136
                0x00000138                __OP2 = 0x138
                0x0000013a                __RESLO = 0x13a
                0x0000013c                __RESHI = 0x13c
                0x0000013e                __SUMEXT = 0x13e
                0x00000020                __P1IN = 0x20
                0x00000021                __P1OUT = 0x21
                0x00000022                __P1DIR = 0x22
                0x00000023                __P1IFG = 0x23
                0x00000024                __P1IES = 0x24
                0x00000025                __P1IE = 0x25
                0x00000026                __P1SEL = 0x26
                0x00000028                __P2IN = 0x28
                0x00000029                __P2OUT = 0x29
                0x0000002a                __P2DIR = 0x2a
                0x0000002b                __P2IFG = 0x2b
                0x0000002c                __P2IES = 0x2c
                0x0000002d                __P2IE = 0x2d
                0x0000002e                __P2SEL = 0x2e
                0x00000018                __P3IN = 0x18
                0x00000019                __P3OUT = 0x19
                0x0000001a                __P3DIR = 0x1a
                0x0000001b                __P3SEL = 0x1b
                0x0000001c                __P4IN = 0x1c
                0x0000001d                __P4OUT = 0x1d
                0x0000001e                __P4DIR = 0x1e
                0x0000001f                __P4SEL = 0x1f
                0x00000030                __P5IN = 0x30
                0x00000031                __P5OUT = 0x31
                0x00000032                __P5DIR = 0x32
                0x00000033                __P5SEL = 0x33
                0x00000034                __P6IN = 0x34
                0x00000035                __P6OUT = 0x35
                0x00000036                __P6DIR = 0x36
                0x00000037                __P6SEL = 0x37
                0x00000070                __U0CTL = 0x70
                0x00000071                __U0TCTL = 0x71
                0x00000072                __U0RCTL = 0x72
                0x00000073                __U0MCTL = 0x73
                0x00000074                __U0BR0 = 0x74
                0x00000075                __U0BR1 = 0x75
                0x00000076                __U0RXBUF = 0x76
                0x00000077                __U0TXBUF = 0x77
                0x00000078                __U1CTL = 0x78
                0x00000079                __U1TCTL = 0x79
                0x0000007a                __U1RCTL = 0x7a
                0x0000007b                __U1MCTL = 0x7b
                0x0000007c                __U1BR0 = 0x7c
                0x0000007d                __U1BR1 = 0x7d
                0x0000007e                __U1RXBUF = 0x7e
                0x0000007f                __U1TXBUF = 0x7f
                0x00000050                __I2CIE = 0x50
                0x00000051                __I2CIFG = 0x51
                0x00000052                __I2CNDAT = 0x52
                0x00000071                __I2CTCTL = 0x71
                0x00000072                __I2CDCTL = 0x72
                0x00000073                __I2CPSC = 0x73
                0x00000074                __I2CSCLH = 0x74
                0x00000075                __I2CSCLL = 0x75
                0x00000076                __I2CDRB = 0x76
                0x00000076                __I2CDRW = 0x76
                0x00000118                __I2COA = 0x118
                0x0000011a                __I2CSA = 0x11a
                0x0000011c                __I2CIV = 0x11c
                0x0000012e                __TAIV = 0x12e
                0x00000160                __TACTL = 0x160
                0x00000162                __TACCTL0 = 0x162
                0x00000164                __TACCTL1 = 0x164
                0x00000166                __TACCTL2 = 0x166
                0x00000170                __TAR = 0x170
                0x00000172                __TACCR0 = 0x172
                0x00000174                __TACCR1 = 0x174
                0x00000176                __TACCR2 = 0x176
                0x0000011e                __TBIV = 0x11e
                0x00000180                __TBCTL = 0x180
                0x00000182                __TBCCTL0 = 0x182
                0x00000184                __TBCCTL1 = 0x184
                0x00000186                __TBCCTL2 = 0x186
                0x00000188                __TBCCTL3 = 0x188
                0x0000018a                __TBCCTL4 = 0x18a
                0x0000018c                __TBCCTL5 = 0x18c
                0x0000018e                __TBCCTL6 = 0x18e
                0x00000190                __TBR = 0x190
                0x00000192                __TBCCR0 = 0x192
                0x00000194                __TBCCR1 = 0x194
                0x00000196                __TBCCR2 = 0x196
                0x00000198                __TBCCR3 = 0x198
                0x0000019a                __TBCCR4 = 0x19a
                0x0000019c                __TBCCR5 = 0x19c
                0x0000019e                __TBCCR6 = 0x19e
                0x00000056                __DCOCTL = 0x56
                0x00000057                __BCSCTL1 = 0x57
                0x00000058                __BCSCTL2 = 0x58
                0x00000055                __SVSCTL = 0x55
                0x00000128                __FCTL1 = 0x128
                0x0000012a                __FCTL2 = 0x12a
                0x0000012c                __FCTL3 = 0x12c
                0x00000059                __CACTL1 = 0x59
                0x0000005a                __CACTL2 = 0x5a
                0x0000005b                __CAPD = 0x5b
                0x000001a0                __ADC12CTL0 = 0x1a0
                0x000001a2                __ADC12CTL1 = 0x1a2
                0x000001a4                __ADC12IFG = 0x1a4
                0x000001a6                __ADC12IE = 0x1a6
                0x000001a8                __ADC12IV = 0x1a8
                0x00000140                __ADC12MEM0 = 0x140
                0x00000142                __ADC12MEM1 = 0x142
                0x00000144                __ADC12MEM2 = 0x144
                0x00000146                __ADC12MEM3 = 0x146
                0x00000148                __ADC12MEM4 = 0x148
                0x0000014a                __ADC12MEM5 = 0x14a
                0x0000014c                __ADC12MEM6 = 0x14c
                0x0000014e                __ADC12MEM7 = 0x14e
                0x00000150                __ADC12MEM8 = 0x150
                0x00000152                __ADC12MEM9 = 0x152
                0x00000154                __ADC12MEM10 = 0x154
                0x00000156                __ADC12MEM11 = 0x156
                0x00000158                __ADC12MEM12 = 0x158
                0x0000015a                __ADC12MEM13 = 0x15a
                0x0000015c                __ADC12MEM14 = 0x15c
                0x0000015e                __ADC12MEM15 = 0x15e
                0x00000080                __ADC12MCTL0 = 0x80
                0x00000081                __ADC12MCTL1 = 0x81
                0x00000082                __ADC12MCTL2 = 0x82
                0x00000083                __ADC12MCTL3 = 0x83
                0x00000084                __ADC12MCTL4 = 0x84
                0x00000085                __ADC12MCTL5 = 0x85
                0x00000086                __ADC12MCTL6 = 0x86
                0x00000087                __ADC12MCTL7 = 0x87
                0x00000088                __ADC12MCTL8 = 0x88
                0x00000089                __ADC12MCTL9 = 0x89
                0x0000008a                __ADC12MCTL10 = 0x8a
                0x0000008b                __ADC12MCTL11 = 0x8b
                0x0000008c                __ADC12MCTL12 = 0x8c
                0x0000008d                __ADC12MCTL13 = 0x8d
                0x0000008e                __ADC12MCTL14 = 0x8e
                0x0000008f                __ADC12MCTL15 = 0x8f
                0x000001c0                __DAC12_0CTL = 0x1c0
                0x000001c2                __DAC12_1CTL = 0x1c2
                0x000001c8                __DAC12_0DAT = 0x1c8
                0x000001ca                __DAC12_1DAT = 0x1ca
                0x00000122                __DMACTL0 = 0x122
                0x00000124                __DMACTL1 = 0x124
                0x000001e0                __DMA0CTL = 0x1e0
                0x000001e8                __DMA1CTL = 0x1e8
                0x000001f0                __DMA2CTL = 0x1f0
                0x000001e2                __DMA0SA = 0x1e2
                0x000001e4                __DMA0DA = 0x1e4
                0x000001e6                __DMA0SZ = 0x1e6
                0x000001ea                __DMA1SA = 0x1ea
                0x000001ec                __DMA1DA = 0x1ec
                0x000001ee                __DMA1SZ = 0x1ee
                0x000001f2                __DMA2SA = 0x1f2
                0x000001f4                __DMA2DA = 0x1f4
                0x000001f6                __DMA2SZ = 0x1f6

.hash
 *(.hash)

.dynsym
 *(.dynsym)

.dynstr
 *(.dynstr)

.gnu.version
 *(.gnu.version)

.gnu.version_d
 *(.gnu.version_d)

.gnu.version_r
 *(.gnu.version_r)

.rel.init
 *(.rel.init)

.rela.init
 *(.rela.init)

.rel.fini
 *(.rel.fini)

.rela.fini
 *(.rela.fini)

.rel.text
 *(.rel.text .rel.text.* .rel.gnu.linkonce.t.*)

.rela.text
 *(.rela.text .rela.text.* .rela.gnu.linkonce.t.*)

.rel.rodata
 *(.rel.rodata .rel.rodata.* .rel.gnu.linkonce.r.*)

.rela.rodata
 *(.rela.rodata .rela.rodata.* .rela.gnu.linkonce.r.*)

.rel.data
 *(.rel.data .rel.data.* .rel.gnu.linkonce.d.*)

.rela.data
 *(.rela.data .rela.data.* .rela.gnu.linkonce.d.*)

.rel.bss
 *(.rel.bss .rel.bss.* .rel.gnu.linkonce.b.*)

.rela.bss
 *(.rela.bss .rela.bss.* .rela.gnu.linkonce.b.*)

.rel.ctors
 *(.rel.ctors)

.rela.ctors
 *(.rela.ctors)

.rel.dtors
 *(.rel.dtors)

.rela.dtors
 *(.rela.dtors)

.rel.got
 *(.rel.got)

.rela.got
 *(.rela.got)

.rel.plt
 *(.rel.plt)

.rela.plt
 *(.rela.plt)

.text           0x00004000     0xafd0
                0x00004000                . = ALIGN (0x2)
 *(.init .init.*)
 *(.init0)
 .init0         0x00004000        0x0 /usr/lib/gcc/msp430/4.6.3/mmpy-16/libcrt0.a(_reset_vector__.o)
                0x00004000                _reset_vector__
 *(.init1)
 .init1         0x00004000        0xc /usr/lib/gcc/msp430/4.6.3/mmpy-16/libcrt0.a(__watchdog_support.o)
                0x00004000                __watchdog_support
 *(.init2)
 .init2         0x0000400c        0x4 /usr/lib/gcc/msp430/4.6.3/mmpy-16/libcrt0.a(__init_stack.o)
                0x0000400c                __init_stack
 *(.init3)
 .init3         0x00004010        0x0 /usr/lib/gcc/msp430/4.6.3/mmpy-16/libcrt0.a(__low_level_init.o)
                0x00004010                __low_level_init
 *(.init4)
 .init4         0x00004010       0x18 /usr/lib/gcc/msp430/4.6.3/mmpy-16/libcrt0.a(_copy_data.o)
                0x00004010                __do_copy_data
 .init4         0x00004028       0x16 /usr/lib/gcc/msp430/4.6.3/mmpy-16/libcrt0.a(_clear_bss.o)
                0x00004028                __do_clear_bss
 *(.init5)
 *(.init6)
 *(.init7)
 *(.init8)
 *(.init9)
 .init9         0x0000403e      0x236 build/sky/obj/contiki-main.o
                0x0000403e                main
 *(.fini9)
 .fini9         0x00004274        0x0 /usr/lib/gcc/msp430/4.6.3/mmpy-16/libcrt0.a(__stop_progExec__.o)
                0x00004274                __stop_progExec__
 *(.fini8)
 *(.fini7)
 *(.fini6)
 *(.fini5)
 *(.fini4)
 *(.fini3)
 *(.fini2)
 *(.fini1)
 *(.fini0)
 .fini0         0x00004274        0x6 /usr/lib/gcc/msp430/4.6.3/mmpy-16/libcrt0.a(_endless_loop__.o)
                0x00004274                _endless_loop__
 *(.fini .fini.*)
                0x0000427a                . = ALIGN (0x2)
                0x0000427a                __ctors_start = .
 *(.ctors)
                0x0000427a                __ctors_end = .
                0x0000427a                __dtors_start = .
 *(.dtors)
                0x0000427a                __dtors_end = .
                0x0000427a                . = ALIGN (0x2)
 *(.text .text.* .gnu.linkonce.t.*)
 .text          0x0000427a        0x4 /usr/lib/gcc/msp430/4.6.3/mmpy-16/crt0ivtbl16.o
                0x0000427a                __isr_14
                0x0000427a                __isr_11
                0x0000427a                __isr_2
                0x0000427a                __isr_7
                0x0000427a                __isr_0
                0x0000427a                __isr_8
                0x0000427a                __isr_3
                0x0000427a                __isr_12
                0x0000427a                __isr_13
                0x0000427a                __isr_9
 .text.process_thread_contiki_ng_br
                0x0000427e       0x32 border-router.o
 .text.putchar  0x000042b0       0x3c build/sky/contiki-ng-sky.a(uart1-putchar.o)
                0x000042b0                putchar
 .text.platform_init_stage_one
                0x000042ec       0x12 build/sky/contiki-ng-sky.a(platform.o)
                0x000042ec                platform_init_stage_one
 .text.platform_init_stage_two
                0x000042fe       0x66 build/sky/contiki-ng-sky.a(platform.o)
                0x000042fe                platform_init_stage_two
 .text.platform_init_stage_three
                0x00004364       0x7a build/sky/contiki-ng-sky.a(platform.o)
                0x00004364                platform_init_stage_three
 .text.platform_idle
                0x000043de       0x54 build/sky/contiki-ng-sky.a(platform.o)
                0x000043de                platform_idle
 .text.msp430_init_dco
                0x00004432       0x84 build/sky/contiki-ng-sky.a(msp430.o)
                0x00004432                msp430_init_dco
 .text.msp430_add_lpm_req
                0x000044b6        0xc build/sky/contiki-ng-sky.a(msp430.o)
                0x000044b6                msp430_add_lpm_req
 .text.msp430_cpu_init
                0x000044c2       0x2a build/sky/contiki-ng-sky.a(msp430.o)
                0x000044c2                msp430_cpu_init
 .text.splhigh_
                0x000044ec        0x8 build/sky/contiki-ng-sky.a(msp430.o)
                0x000044ec                splhigh_
 .text.msp430_sync_dco
                0x000044f4       0x68 build/sky/contiki-ng-sky.a(msp430.o)
                0x000044f4                msp430_sync_dco
 .text.timera1  0x0000455c       0xdc build/sky/contiki-ng-sky.a(clock.o)
                0x0000455c                __isr_5
                0x0000455c                timera1
 .text.clock_time
                0x00004638       0x1a build/sky/contiki-ng-sky.a(clock.o)
                0x00004638                clock_time
 .text.clock_init
                0x00004652       0x28 build/sky/contiki-ng-sky.a(clock.o)
                0x00004652                clock_init
 .text.clock_delay
                0x0000467a        0xc build/sky/contiki-ng-sky.a(clock.o)
                0x0000467a                clock_delay
 .text.clock_seconds
                0x00004686       0x1a build/sky/contiki-ng-sky.a(clock.o)
                0x00004686                clock_seconds
 .text.leds_init
                0x000046a0        0x6 build/sky/contiki-ng-sky.a(leds.o)
                0x000046a0                leds_init
 .text.leds_on  0x000046a6       0x12 build/sky/contiki-ng-sky.a(leds.o)
                0x000046a6                leds_on
 .text.leds_off
                0x000046b8       0x12 build/sky/contiki-ng-sky.a(leds.o)
                0x000046b8                leds_off
 .text.leds_arch_init
                0x000046ca        0xe build/sky/contiki-ng-sky.a(leds-arch.o)
                0x000046ca                leds_arch_init
 .text.leds_arch_get
                0x000046d8       0x36 build/sky/contiki-ng-sky.a(leds-arch.o)
                0x000046d8                leds_arch_get
 .text.leds_arch_set
                0x0000470e       0x40 build/sky/contiki-ng-sky.a(leds-arch.o)
                0x0000470e                leds_arch_set
 .text.watchdog_interrupt
                0x0000474e        0x6 build/sky/contiki-ng-sky.a(watchdog.o)
                0x0000474e                __isr_10
                0x0000474e                watchdog_interrupt
 .text.watchdog_start
                0x00004754       0x14 build/sky/contiki-ng-sky.a(watchdog.o)
                0x00004754                watchdog_start
 .text.watchdog_periodic
                0x00004768       0x12 build/sky/contiki-ng-sky.a(watchdog.o)
                0x00004768                watchdog_periodic
 .text.watchdog_stop
                0x0000477a       0x16 build/sky/contiki-ng-sky.a(watchdog.o)
                0x0000477a                watchdog_stop
 .text.watchdog_init
                0x00004790       0x14 build/sky/contiki-ng-sky.a(watchdog.o)
                0x00004790                watchdog_init
 .text.print_local_addresses
                0x000047a4       0x8c build/sky/contiki-ng-sky.a(rpl-border-rout)
                0x000047a4                print_local_addresses
 .text.set_prefix_64
                0x00004830       0x16 build/sky/contiki-ng-sky.a(rpl-border-rout)
                0x00004830                set_prefix_64
 .text.rpl_border_router_init
                0x00004846        0xc build/sky/contiki-ng-sky.a(rpl-border-rout)
                0x00004846                rpl_border_router_init
 .text.autostart_start
                0x00004852       0x16 build/sky/contiki-ng-sky.a(autostart.o)
                0x00004852                autostart_start
 .text.energest_init
                0x00004868        0x2 build/sky/contiki-ng-sky.a(energest.o)
                0x00004868                energest_init
 .text.energest_flush
                0x0000486a        0x2 build/sky/contiki-ng-sky.a(energest.o)
                0x0000486a                energest_flush
 .text.update_time
                0x0000486c       0x78 build/sky/contiki-ng-sky.a(etimer.o)
 .text.etimer_request_poll
                0x000048e4        0xa build/sky/contiki-ng-sky.a(etimer.o)
                0x000048e4                etimer_request_poll
 .text.process_thread_etimer_process
                0x000048ee       0xc8 build/sky/contiki-ng-sky.a(etimer.o)
 .text.add_timer
                0x000049b6       0x40 build/sky/contiki-ng-sky.a(etimer.o)
 .text.etimer_set
                0x000049f6       0x12 build/sky/contiki-ng-sky.a(etimer.o)
                0x000049f6                etimer_set
 .text.etimer_reset
                0x00004a08       0x12 build/sky/contiki-ng-sky.a(etimer.o)
                0x00004a08                etimer_reset
 .text.etimer_expired
                0x00004a1a        0xe build/sky/contiki-ng-sky.a(etimer.o)
                0x00004a1a                etimer_expired
 .text.etimer_pending
                0x00004a28        0xc build/sky/contiki-ng-sky.a(etimer.o)
                0x00004a28                etimer_pending
 .text.etimer_next_expiration_time
                0x00004a34       0x16 build/sky/contiki-ng-sky.a(etimer.o)
                0x00004a34                etimer_next_expiration_time
 .text.etimer_stop
                0x00004a4a       0x3c build/sky/contiki-ng-sky.a(etimer.o)
                0x00004a4a                etimer_stop
 .text.log_6addr
                0x00004a86       0x32 build/sky/contiki-ng-sky.a(log.o)
                0x00004a86                log_6addr
 .text.log_lladdr
                0x00004ab8       0x44 build/sky/contiki-ng-sky.a(log.o)
                0x00004ab8                log_lladdr
 .text.process_thread_ctimer_process
                0x00004afc       0xa4 build/sky/contiki-ng-sky.a(ctimer.o)
 .text.ctimer_init
                0x00004ba0       0x18 build/sky/contiki-ng-sky.a(ctimer.o)
                0x00004ba0                ctimer_init
 .text.ctimer_set_with_process
                0x00004bb8       0x4e build/sky/contiki-ng-sky.a(ctimer.o)
                0x00004bb8                ctimer_set_with_process
 .text.ctimer_set
                0x00004c06       0x10 build/sky/contiki-ng-sky.a(ctimer.o)
                0x00004c06                ctimer_set
 .text.ctimer_reset
                0x00004c16       0x30 build/sky/contiki-ng-sky.a(ctimer.o)
                0x00004c16                ctimer_reset
 .text.ctimer_stop
                0x00004c46       0x28 build/sky/contiki-ng-sky.a(ctimer.o)
                0x00004c46                ctimer_stop
 .text.ctimer_expired
                0x00004c6e       0x32 build/sky/contiki-ng-sky.a(ctimer.o)
                0x00004c6e                ctimer_expired
 .text.rtimer_init
                0x00004ca0        0x6 build/sky/contiki-ng-sky.a(rtimer.o)
                0x00004ca0                rtimer_init
 .text.rtimer_run_next
                0x00004ca6       0x26 build/sky/contiki-ng-sky.a(rtimer.o)
                0x00004ca6                rtimer_run_next
 .text.node_id_init
                0x00004ccc       0x14 build/sky/contiki-ng-sky.a(node-id.o)
                0x00004ccc                node_id_init
 .text.call_process
                0x00004ce0       0x4a build/sky/contiki-ng-sky.a(process.o)
 .text.exit_process
                0x00004d2a       0x96 build/sky/contiki-ng-sky.a(process.o)
 .text.do_poll  0x00004dc0       0x30 build/sky/contiki-ng-sky.a(process.o)
 .text.process_alloc_event
                0x00004df0        0xe build/sky/contiki-ng-sky.a(process.o)
                0x00004df0                process_alloc_event
 .text.process_init
                0x00004dfe       0x18 build/sky/contiki-ng-sky.a(process.o)
                0x00004dfe                process_init
 .text.process_run
                0x00004e16       0x92 build/sky/contiki-ng-sky.a(process.o)
                0x00004e16                process_run
 .text.process_nevents
                0x00004ea8        0xe build/sky/contiki-ng-sky.a(process.o)
                0x00004ea8                process_nevents
 .text.process_post
                0x00004eb6       0x42 build/sky/contiki-ng-sky.a(process.o)
                0x00004eb6                process_post
 .text.process_post_synch
                0x00004ef8       0x12 build/sky/contiki-ng-sky.a(process.o)
                0x00004ef8                process_post_synch
 .text.process_start
                0x00004f0a       0x32 build/sky/contiki-ng-sky.a(process.o)
                0x00004f0a                process_start
 .text.process_poll
                0x00004f3c       0x18 build/sky/contiki-ng-sky.a(process.o)
                0x00004f3c                process_poll
 .text.timer_set
                0x00004f54       0x1c build/sky/contiki-ng-sky.a(timer.o)
                0x00004f54                timer_set
 .text.timer_expired
                0x00004f70       0x2a build/sky/contiki-ng-sky.a(timer.o)
                0x00004f70                timer_expired
 .text.timer_reset
                0x00004f9a       0x1c build/sky/contiki-ng-sky.a(timer.o)
                0x00004f9a                timer_reset
 .text.stack_check_init
                0x00004fb6       0x2e build/sky/contiki-ng-sky.a(stack-check.o)
                0x00004fb6                stack_check_init
 .text.stack_check_get_usage
                0x00004fe4       0x5a build/sky/contiki-ng-sky.a(stack-check.o)
                0x00004fe4                stack_check_get_usage
 .text.process_thread_stack_check_process
                0x0000503e       0xec build/sky/contiki-ng-sky.a(stack-check.o)
 .text.list_init
                0x0000512a        0x6 build/sky/contiki-ng-sky.a(list.o)
                0x0000512a                list_init
 .text.list_head
                0x00005130        0x4 build/sky/contiki-ng-sky.a(list.o)
                0x00005130                list_head
 .text.list_tail
                0x00005134       0x12 build/sky/contiki-ng-sky.a(list.o)
                0x00005134                list_tail
 .text.list_remove
                0x00005146       0x34 build/sky/contiki-ng-sky.a(list.o)
                0x00005146                list_remove
 .text.list_push
                0x0000517a       0x1a build/sky/contiki-ng-sky.a(list.o)
                0x0000517a                list_push
 .text.list_add
                0x00005194       0x2a build/sky/contiki-ng-sky.a(list.o)
                0x00005194                list_add
 .text.list_length
                0x000051be       0x10 build/sky/contiki-ng-sky.a(list.o)
                0x000051be                list_length
 .text.list_item_next
                0x000051ce        0xc build/sky/contiki-ng-sky.a(list.o)
                0x000051ce                list_item_next
 .text.random_init
                0x000051da        0x6 build/sky/contiki-ng-sky.a(random.o)
                0x000051da                random_init
 .text.random_rand
                0x000051e0        0x6 build/sky/contiki-ng-sky.a(random.o)
                0x000051e0                random_rand
 .text.queuebuf_init
                0x000051e6       0x12 build/sky/contiki-ng-sky.a(queuebuf.o)
                0x000051e6                queuebuf_init
 .text.queuebuf_numfree
                0x000051f8        0xa build/sky/contiki-ng-sky.a(queuebuf.o)
                0x000051f8                queuebuf_numfree
 .text.queuebuf_new_from_packetbuf
                0x00005202       0x52 build/sky/contiki-ng-sky.a(queuebuf.o)
                0x00005202                queuebuf_new_from_packetbuf
 .text.queuebuf_update_attr_from_packetbuf
                0x00005254       0x12 build/sky/contiki-ng-sky.a(queuebuf.o)
                0x00005254                queuebuf_update_attr_from_packetbuf
 .text.queuebuf_free
                0x00005266       0x2a build/sky/contiki-ng-sky.a(queuebuf.o)
                0x00005266                queuebuf_free
 .text.queuebuf_to_packetbuf
                0x00005290       0x32 build/sky/contiki-ng-sky.a(queuebuf.o)
                0x00005290                queuebuf_to_packetbuf
 .text.packetbuf_hdrreduce
                0x000052c2       0x1a build/sky/contiki-ng-sky.a(packetbuf.o)
                0x000052c2                packetbuf_hdrreduce
 .text.packetbuf_set_datalen
                0x000052dc        0x6 build/sky/contiki-ng-sky.a(packetbuf.o)
                0x000052dc                packetbuf_set_datalen
 .text.packetbuf_hdrptr
                0x000052e2        0x6 build/sky/contiki-ng-sky.a(packetbuf.o)
                0x000052e2                packetbuf_hdrptr
 .text.packetbuf_datalen
                0x000052e8        0x6 build/sky/contiki-ng-sky.a(packetbuf.o)
                0x000052e8                packetbuf_datalen
 .text.packetbuf_hdrlen
                0x000052ee        0xa build/sky/contiki-ng-sky.a(packetbuf.o)
                0x000052ee                packetbuf_hdrlen
 .text.packetbuf_dataptr
                0x000052f8        0xc build/sky/contiki-ng-sky.a(packetbuf.o)
                0x000052f8                packetbuf_dataptr
 .text.packetbuf_copyto
                0x00005304       0x46 build/sky/contiki-ng-sky.a(packetbuf.o)
                0x00005304                packetbuf_copyto
 .text.packetbuf_totlen
                0x0000534a        0xc build/sky/contiki-ng-sky.a(packetbuf.o)
                0x0000534a                packetbuf_totlen
 .text.packetbuf_hdralloc
                0x00005356       0x3a build/sky/contiki-ng-sky.a(packetbuf.o)
                0x00005356                packetbuf_hdralloc
 .text.packetbuf_attr_clear
                0x00005390       0x28 build/sky/contiki-ng-sky.a(packetbuf.o)
                0x00005390                packetbuf_attr_clear
 .text.packetbuf_clear
                0x000053b8       0x12 build/sky/contiki-ng-sky.a(packetbuf.o)
                0x000053b8                packetbuf_clear
 .text.packetbuf_copyfrom
                0x000053ca       0x2e build/sky/contiki-ng-sky.a(packetbuf.o)
                0x000053ca                packetbuf_copyfrom
 .text.packetbuf_attr_copyto
                0x000053f8       0x22 build/sky/contiki-ng-sky.a(packetbuf.o)
                0x000053f8                packetbuf_attr_copyto
 .text.packetbuf_attr_copyfrom
                0x0000541a       0x24 build/sky/contiki-ng-sky.a(packetbuf.o)
                0x0000541a                packetbuf_attr_copyfrom
 .text.packetbuf_set_attr
                0x0000543e        0xc build/sky/contiki-ng-sky.a(packetbuf.o)
                0x0000543e                packetbuf_set_attr
 .text.packetbuf_attr
                0x0000544a        0xa build/sky/contiki-ng-sky.a(packetbuf.o)
                0x0000544a                packetbuf_attr
 .text.packetbuf_set_addr
                0x00005454       0x18 build/sky/contiki-ng-sky.a(packetbuf.o)
                0x00005454                packetbuf_set_addr
 .text.packetbuf_addr
                0x0000546c       0x12 build/sky/contiki-ng-sky.a(packetbuf.o)
                0x0000546c                packetbuf_addr
 .text.packetbuf_holds_broadcast
                0x0000547e        0xe build/sky/contiki-ng-sky.a(packetbuf.o)
                0x0000547e                packetbuf_holds_broadcast
 .text.netstack_process_ip_callback
                0x0000548c       0x52 build/sky/contiki-ng-sky.a(netstack.o)
                0x0000548c                netstack_process_ip_callback
 .text.netstack_init
                0x000054de        0xe build/sky/contiki-ng-sky.a(netstack.o)
                0x000054de                netstack_init
 .text.linkaddr_copy
                0x000054ec        0x8 build/sky/contiki-ng-sky.a(linkaddr.o)
                0x000054ec                linkaddr_copy
 .text.linkaddr_cmp
                0x000054f4       0x12 build/sky/contiki-ng-sky.a(linkaddr.o)
                0x000054f4                linkaddr_cmp
 .text.linkaddr_set_node_addr
                0x00005506        0xc build/sky/contiki-ng-sky.a(linkaddr.o)
                0x00005506                linkaddr_set_node_addr
 .text.on       0x00005512        0x6 build/sky/contiki-ng-sky.a(csma.o)
 .text.off      0x00005518        0x6 build/sky/contiki-ng-sky.a(csma.o)
 .text.max_payload
                0x0000551e       0x38 build/sky/contiki-ng-sky.a(csma.o)
 .text.send_packet
                0x00005556        0x6 build/sky/contiki-ng-sky.a(csma.o)
 .text.input_packet
                0x0000555c       0x54 build/sky/contiki-ng-sky.a(csma.o)
 .text.init     0x000055b0       0x1c build/sky/contiki-ng-sky.a(csma.o)
 .text.schedule_transmission
                0x000055cc       0x72 build/sky/contiki-ng-sky.a(csma-output.o)
 .text.tx_done  0x0000563e       0x9a build/sky/contiki-ng-sky.a(csma-output.o)
 .text.transmit_from_queue
                0x000056d8      0x1ae build/sky/contiki-ng-sky.a(csma-output.o)
 .text.csma_output_packet
                0x00005886      0x180 build/sky/contiki-ng-sky.a(csma-output.o)
                0x00005886                csma_output_packet
 .text.csma_output_init
                0x00005a06       0x1a build/sky/contiki-ng-sky.a(csma-output.o)
                0x00005a06                csma_output_init
 .text.uip_ds6_default_prefix
                0x00005a20        0x6 build/sky/contiki-ng-sky.a(uip-ds6.o)
                0x00005a20                uip_ds6_default_prefix
 .text.uip_ds6_list_loop
                0x00005a26       0x92 build/sky/contiki-ng-sky.a(uip-ds6.o)
                0x00005a26                uip_ds6_list_loop
 .text.uip_ds6_prefix_add
                0x00005ab8       0x80 build/sky/contiki-ng-sky.a(uip-ds6.o)
                0x00005ab8                uip_ds6_prefix_add
 .text.uip_ds6_is_addr_onlink
                0x00005b38       0x54 build/sky/contiki-ng-sky.a(uip-ds6.o)
                0x00005b38                uip_ds6_is_addr_onlink
 .text.uip_ds6_addr_lookup
                0x00005b8c       0x2a build/sky/contiki-ng-sky.a(uip-ds6.o)
                0x00005b8c                uip_ds6_addr_lookup
 .text.uip_ds6_get_link_local
                0x00005bb6       0x3e build/sky/contiki-ng-sky.a(uip-ds6.o)
                0x00005bb6                uip_ds6_get_link_local
 .text.uip_ds6_maddr_add
                0x00005bf4       0x4c build/sky/contiki-ng-sky.a(uip-ds6.o)
                0x00005bf4                uip_ds6_maddr_add
 .text.uip_ds6_addr_add
                0x00005c40       0xc4 build/sky/contiki-ng-sky.a(uip-ds6.o)
                0x00005c40                uip_ds6_addr_add
 .text.uip_ds6_maddr_lookup
                0x00005d04       0x2a build/sky/contiki-ng-sky.a(uip-ds6.o)
                0x00005d04                uip_ds6_maddr_lookup
 .text.uip_ds6_addr_rm
                0x00005d2e       0x54 build/sky/contiki-ng-sky.a(uip-ds6.o)
                0x00005d2e                uip_ds6_addr_rm
 .text.uip_ds6_periodic
                0x00005d82       0x46 build/sky/contiki-ng-sky.a(uip-ds6.o)
                0x00005d82                uip_ds6_periodic
 .text.uip_ds6_set_addr_iid
                0x00005dc8       0x14 build/sky/contiki-ng-sky.a(uip-ds6.o)
                0x00005dc8                uip_ds6_set_addr_iid
 .text.uip_ds6_set_lladdr_from_iid
                0x00005ddc       0x14 build/sky/contiki-ng-sky.a(uip-ds6.o)
                0x00005ddc                uip_ds6_set_lladdr_from_iid
 .text.get_match_length
                0x00005df0       0x3e build/sky/contiki-ng-sky.a(uip-ds6.o)
                0x00005df0                get_match_length
 .text.uip_ds6_select_src
                0x00005e2e       0xaa build/sky/contiki-ng-sky.a(uip-ds6.o)
                0x00005e2e                uip_ds6_select_src
 .text.uip_ds6_compute_reachable_time
                0x00005ed8       0x3e build/sky/contiki-ng-sky.a(uip-ds6.o)
                0x00005ed8                uip_ds6_compute_reachable_time
 .text.uip_ds6_init
                0x00005f16      0x164 build/sky/contiki-ng-sky.a(uip-ds6.o)
                0x00005f16                uip_ds6_init
 .text.uip_ds6_route_init
                0x0000607a       0x12 build/sky/contiki-ng-sky.a(uip-ds6-route.o)
                0x0000607a                uip_ds6_route_init
 .text.uip_ds6_route_nexthop
                0x0000608c        0x4 build/sky/contiki-ng-sky.a(uip-ds6-route.o)
                0x0000608c                uip_ds6_route_nexthop
 .text.uip_ds6_route_lookup
                0x00006090        0x4 build/sky/contiki-ng-sky.a(uip-ds6-route.o)
                0x00006090                uip_ds6_route_lookup
 .text.uip_ds6_route_rm
                0x00006094        0x2 build/sky/contiki-ng-sky.a(uip-ds6-route.o)
                0x00006094                uip_ds6_route_rm
 .text.uip_ds6_defrt_rm
                0x00006096       0x3c build/sky/contiki-ng-sky.a(uip-ds6-route.o)
                0x00006096                uip_ds6_defrt_rm
 .text.uip_ds6_defrt_lookup
                0x000060d2       0x3e build/sky/contiki-ng-sky.a(uip-ds6-route.o)
                0x000060d2                uip_ds6_defrt_lookup
 .text.uip_ds6_defrt_add
                0x00006110       0x72 build/sky/contiki-ng-sky.a(uip-ds6-route.o)
                0x00006110                uip_ds6_defrt_add
 .text.uip_ds6_defrt_choose
                0x00006182       0x3a build/sky/contiki-ng-sky.a(uip-ds6-route.o)
                0x00006182                uip_ds6_defrt_choose
 .text.uip_ds6_defrt_periodic
                0x000061bc       0x38 build/sky/contiki-ng-sky.a(uip-ds6-route.o)
                0x000061bc                uip_ds6_defrt_periodic
 .text.uip_ds6_nbr_rm
                0x000061f4       0x1e build/sky/contiki-ng-sky.a(uip-ds6-nbr.o)
                0x000061f4                uip_ds6_nbr_rm
 .text.uip_ds6_neighbors_init
                0x00006212       0x12 build/sky/contiki-ng-sky.a(uip-ds6-nbr.o)
                0x00006212                uip_ds6_neighbors_init
 .text.uip_ds6_nbr_add
                0x00006224       0x3e build/sky/contiki-ng-sky.a(uip-ds6-nbr.o)
                0x00006224                uip_ds6_nbr_add
 .text.uip_ds6_nbr_get_ll
                0x00006262        0xc build/sky/contiki-ng-sky.a(uip-ds6-nbr.o)
                0x00006262                uip_ds6_nbr_get_ll
 .text.uip_ds6_nbr_head
                0x0000626e        0xa build/sky/contiki-ng-sky.a(uip-ds6-nbr.o)
                0x0000626e                uip_ds6_nbr_head
 .text.uip_ds6_nbr_next
                0x00006278        0xc build/sky/contiki-ng-sky.a(uip-ds6-nbr.o)
                0x00006278                uip_ds6_nbr_next
 .text.uip_ds6_nbr_lookup
                0x00006284       0x38 build/sky/contiki-ng-sky.a(uip-ds6-nbr.o)
                0x00006284                uip_ds6_nbr_lookup
 .text.uip_ds6_nbr_ll_lookup
                0x000062bc        0xc build/sky/contiki-ng-sky.a(uip-ds6-nbr.o)
                0x000062bc                uip_ds6_nbr_ll_lookup
 .text.uip_ds6_nbr_update_ll
                0x000062c8       0x76 build/sky/contiki-ng-sky.a(uip-ds6-nbr.o)
                0x000062c8                uip_ds6_nbr_update_ll
 .text.uip_ds6_nbr_ipaddr_from_lladdr
                0x0000633e        0x6 build/sky/contiki-ng-sky.a(uip-ds6-nbr.o)
                0x0000633e                uip_ds6_nbr_ipaddr_from_lladdr
 .text.uip_ds6_nbr_lladdr_from_ipaddr
                0x00006344       0x12 build/sky/contiki-ng-sky.a(uip-ds6-nbr.o)
                0x00006344                uip_ds6_nbr_lladdr_from_ipaddr
 .text.uip_ds6_link_callback
                0x00006356        0x2 build/sky/contiki-ng-sky.a(uip-ds6-nbr.o)
                0x00006356                uip_ds6_link_callback
 .text.tcpip_output
                0x00006358       0x22 build/sky/contiki-ng-sky.a(tcpip.o)
                0x00006358                tcpip_output
 .text.tcpip_input
                0x0000637a       0x1e build/sky/contiki-ng-sky.a(tcpip.o)
                0x0000637a                tcpip_input
 .text.tcpip_ipv6_output
                0x00006398      0x12e build/sky/contiki-ng-sky.a(tcpip.o)
                0x00006398                tcpip_ipv6_output
 .text.packet_input.part.4
                0x000064c6       0x12 build/sky/contiki-ng-sky.a(tcpip.o)
 .text.process_thread_tcpip_process
                0x000064d8       0xcc build/sky/contiki-ng-sky.a(tcpip.o)
 .text.tcpip_uipcall
                0x000065a4       0x2a build/sky/contiki-ng-sky.a(tcpip.o)
                0x000065a4                tcpip_uipcall
 .text.chksum   0x000065ce       0x32 build/sky/contiki-ng-sky.a(uip6.o)
 .text.upper_layer_chksum
                0x00006600       0x5a build/sky/contiki-ng-sky.a(uip6.o)
 .text.unlikely.ext_hdr_options_process
                0x0000665a       0xb4 build/sky/contiki-ng-sky.a(uip6.o)
 .text.unlikely.uip_update_ttl
                0x0000670e       0x24 build/sky/contiki-ng-sky.a(uip6.o)
 .text.uip_icmp6chksum
                0x00006732        0xa build/sky/contiki-ng-sky.a(uip6.o)
                0x00006732                uip_icmp6chksum
 .text.uip_udpchksum
                0x0000673c        0xa build/sky/contiki-ng-sky.a(uip6.o)
                0x0000673c                uip_udpchksum
 .text.uip_init
                0x00006746       0x3c build/sky/contiki-ng-sky.a(uip6.o)
                0x00006746                uip_init
 .text.uip_remove_ext_hdr
                0x00006782       0x5e build/sky/contiki-ng-sky.a(uip6.o)
                0x00006782                uip_remove_ext_hdr
 .text.uip_process
                0x000067e0      0x514 build/sky/contiki-ng-sky.a(uip6.o)
                0x000067e0                uip_process
 .text.uip_htonl
                0x00006cf4       0x2e build/sky/contiki-ng-sky.a(uip6.o)
                0x00006cf4                uip_htonl
 .text.ns_input
                0x00006d22      0x282 build/sky/contiki-ng-sky.a(uip-nd6.o)
 .text.uip_nd6_init
                0x00006fa4        0xa build/sky/contiki-ng-sky.a(uip-nd6.o)
                0x00006fa4                uip_nd6_init
 .text.clear_fragments
                0x00006fae       0x42 build/sky/contiki-ng-sky.a(sicslowpan.o)
 .text.addr_context_lookup_by_number
                0x00006ff0       0x1a build/sky/contiki-ng-sky.a(sicslowpan.o)
 .text.sicslowpan_init
                0x0000700a       0x18 build/sky/contiki-ng-sky.a(sicslowpan.o)
                0x0000700a                sicslowpan_init
 .text.set_packet_attrs
                0x00007022       0x66 build/sky/contiki-ng-sky.a(sicslowpan.o)
 .text.compress_addr_64
                0x00007088       0xae build/sky/contiki-ng-sky.a(sicslowpan.o)
 .text.addr_context_lookup_by_prefix
                0x00007136       0x24 build/sky/contiki-ng-sky.a(sicslowpan.o)
 .text.send_packet
                0x0000715a       0x1a build/sky/contiki-ng-sky.a(sicslowpan.o)
 .text.packet_sent
                0x00007174       0x56 build/sky/contiki-ng-sky.a(sicslowpan.o)
 .text.store_fragment
                0x000071ca       0xbe build/sky/contiki-ng-sky.a(sicslowpan.o)
 .text.add_fragment
                0x00007288      0x200 build/sky/contiki-ng-sky.a(sicslowpan.o)
 .text.uncompress_addr
                0x00007488       0xb4 build/sky/contiki-ng-sky.a(sicslowpan.o)
 .text.fragment_copy_payload_and_send
                0x0000753c       0x64 build/sky/contiki-ng-sky.a(sicslowpan.o)
 .text.output   0x000075a0      0x806 build/sky/contiki-ng-sky.a(sicslowpan.o)
 .text.input    0x00007da6      0xd54 build/sky/contiki-ng-sky.a(sicslowpan.o)
 .text.uiplib_ipaddr_snprint
                0x00008afa      0x12a build/sky/contiki-ng-sky.a(uiplib.o)
                0x00008afa                uiplib_ipaddr_snprint
 .text.rpl_has_joined
                0x00008c24       0x16 build/sky/contiki-ng-sky.a(rpl.o)
                0x00008c24                rpl_has_joined
 .text.rpl_is_reachable
                0x00008c3a       0x16 build/sky/contiki-ng-sky.a(rpl.o)
                0x00008c3a                rpl_is_reachable
 .text.neighbor_state_changed
                0x00008c50        0x2 build/sky/contiki-ng-sky.a(rpl.o)
 .text.drop_route
                0x00008c52        0x2 build/sky/contiki-ng-sky.a(rpl.o)
 .text.rpl_get_leaf_only
                0x00008c54        0x6 build/sky/contiki-ng-sky.a(rpl.o)
                0x00008c54                rpl_get_leaf_only
 .text.get_sr_node_ipaddr
                0x00008c5a       0x34 build/sky/contiki-ng-sky.a(rpl.o)
 .text.init     0x00008c8e       0x42 build/sky/contiki-ng-sky.a(rpl.o)
 .text.set_ip_from_prefix
                0x00008cd0       0x38 build/sky/contiki-ng-sky.a(rpl.o)
 .text.rpl_link_callback
                0x00008d08       0x1e build/sky/contiki-ng-sky.a(rpl.o)
                0x00008d08                rpl_link_callback
 .text.rpl_lollipop_greater_than
                0x00008d26       0x44 build/sky/contiki-ng-sky.a(rpl.o)
                0x00008d26                rpl_lollipop_greater_than
 .text.rpl_get_global_address
                0x00008d6a       0xba build/sky/contiki-ng-sky.a(rpl.o)
                0x00008d6a                rpl_get_global_address
 .text.rpl_reset_prefix
                0x00008e24       0x24 build/sky/contiki-ng-sky.a(rpl.o)
                0x00008e24                rpl_reset_prefix
 .text.rpl_set_prefix_from_addr
                0x00008e48       0x92 build/sky/contiki-ng-sky.a(rpl.o)
                0x00008e48                rpl_set_prefix_from_addr
 .text.init_dag
                0x00008eda       0x80 build/sky/contiki-ng-sky.a(rpl-dag.o)
 .text.init_dag_from_dio
                0x00008f5a       0x94 build/sky/contiki-ng-sky.a(rpl-dag.o)
 .text.rpl_dag_get_root_ipaddr
                0x00008fee       0x22 build/sky/contiki-ng-sky.a(rpl-dag.o)
                0x00008fee                rpl_dag_get_root_ipaddr
 .text.rpl_dag_leave
                0x00009010       0x4c build/sky/contiki-ng-sky.a(rpl-dag.o)
                0x00009010                rpl_dag_leave
 .text.rpl_dag_poison_and_leave
                0x0000905c        0xc build/sky/contiki-ng-sky.a(rpl-dag.o)
                0x0000905c                rpl_dag_poison_and_leave
 .text.rpl_dag_periodic
                0x00009068       0x6a build/sky/contiki-ng-sky.a(rpl-dag.o)
                0x00009068                rpl_dag_periodic
 .text.rpl_is_addr_in_our_dag
                0x000090d2       0x34 build/sky/contiki-ng-sky.a(rpl-dag.o)
                0x000090d2                rpl_is_addr_in_our_dag
 .text.rpl_local_repair
                0x00009106       0x2a build/sky/contiki-ng-sky.a(rpl-dag.o)
                0x00009106                rpl_local_repair
 .text.rpl_global_repair
                0x00009130       0x2e build/sky/contiki-ng-sky.a(rpl-dag.o)
                0x00009130                rpl_global_repair
 .text.rpl_dag_ready_to_advertise
                0x0000915e       0x26 build/sky/contiki-ng-sky.a(rpl-dag.o)
                0x0000915e                rpl_dag_ready_to_advertise
 .text.rpl_dag_update_state
                0x00009184      0x140 build/sky/contiki-ng-sky.a(rpl-dag.o)
                0x00009184                rpl_dag_update_state
 .text.rpl_process_dio
                0x000092c4      0x1ea build/sky/contiki-ng-sky.a(rpl-dag.o)
                0x000092c4                rpl_process_dio
 .text.rpl_process_dis
                0x000094ae       0x2a build/sky/contiki-ng-sky.a(rpl-dag.o)
                0x000094ae                rpl_process_dis
 .text.rpl_process_dao
                0x000094d8       0x66 build/sky/contiki-ng-sky.a(rpl-dag.o)
                0x000094d8                rpl_process_dao
 .text.rpl_process_dao_ack
                0x0000953e       0x54 build/sky/contiki-ng-sky.a(rpl-dag.o)
                0x0000953e                rpl_process_dao_ack
 .text.rpl_process_hbh
                0x00009592       0x2e build/sky/contiki-ng-sky.a(rpl-dag.o)
                0x00009592                rpl_process_hbh
 .text.rpl_dag_init_root
                0x000095c0       0xbc build/sky/contiki-ng-sky.a(rpl-dag.o)
                0x000095c0                rpl_dag_init_root
 .text.rpl_dag_init
                0x0000967c       0x10 build/sky/contiki-ng-sky.a(rpl-dag.o)
                0x0000967c                rpl_dag_init
 .text.rpl_dag_root_set_prefix
                0x0000968c       0x62 build/sky/contiki-ng-sky.a(rpl-dag-root.o)
                0x0000968c                rpl_dag_root_set_prefix
 .text.rpl_dag_root_start
                0x000096ee       0x8c build/sky/contiki-ng-sky.a(rpl-dag-root.o)
                0x000096ee                rpl_dag_root_start
 .text.rpl_dag_root_is_root
                0x0000977a       0x18 build/sky/contiki-ng-sky.a(rpl-dag-root.o)
                0x0000977a                rpl_dag_root_is_root
 .text.output   0x00009792       0x1c build/sky/contiki-ng-sky.a(slip-bridge.o)
 .text.init     0x000097ae       0x18 build/sky/contiki-ng-sky.a(slip-bridge.o)
 .text.slip_input_callback
                0x000097c6       0xb4 build/sky/contiki-ng-sky.a(slip-bridge.o)
 .text.request_prefix
                0x0000987a       0x20 build/sky/contiki-ng-sky.a(slip-bridge.o)
                0x0000987a                request_prefix
 .text.process_thread_border_router_process
                0x0000989a      0x108 build/sky/contiki-ng-sky.a(border-router-e)
 .text.init_platform
                0x000099a2        0xc build/sky/contiki-ng-sky.a(contiki-sky-pla)
                0x000099a2                init_platform
 .text.status   0x000099ae       0x16 build/sky/contiki-ng-sky.a(button-sensor.o)
 .text.configure
                0x000099c4       0x52 build/sky/contiki-ng-sky.a(button-sensor.o)
 .text.value    0x00009a16       0x22 build/sky/contiki-ng-sky.a(button-sensor.o)
 .text.irq_p2   0x00009a38       0x48 build/sky/contiki-ng-sky.a(button-sensor.o)
                0x00009a38                irq_p2
                0x00009a38                __isr_1
 .text.owreadb  0x00009a80       0x52 build/sky/contiki-ng-sky.a(ds2411.o)
 .text.ds2411_init
                0x00009ad2      0x122 build/sky/contiki-ng-sky.a(ds2411.o)
                0x00009ad2                ds2411_init
 .text.xmem_init
                0x00009bf4       0x3e build/sky/contiki-ng-sky.a(xmem.o)
                0x00009bf4                xmem_init
 .text.process_thread_sensors_process
                0x00009c32       0xbe build/sky/contiki-ng-sky.a(sensors.o)
 .text.sensors_changed
                0x00009cf0       0x2a build/sky/contiki-ng-sky.a(sensors.o)
                0x00009cf0                sensors_changed
 .text.get_object
                0x00009d1a        0x4 build/sky/contiki-ng-sky.a(cc2420.o)
 .text.set_object
                0x00009d1e        0x4 build/sky/contiki-ng-sky.a(cc2420.o)
 .text.strobe   0x00009d22       0x20 build/sky/contiki-ng-sky.a(cc2420.o)
 .text.getreg   0x00009d42       0x54 build/sky/contiki-ng-sky.a(cc2420.o)
 .text.setreg   0x00009d96       0x52 build/sky/contiki-ng-sky.a(cc2420.o)
 .text.write_ram
                0x00009de8       0x80 build/sky/contiki-ng-sky.a(cc2420.o)
 .text.write_fifo_buf
                0x00009e68       0x40 build/sky/contiki-ng-sky.a(cc2420.o)
 .text.get_status
                0x00009ea8       0x24 build/sky/contiki-ng-sky.a(cc2420.o)
 .text.on       0x00009ecc       0x1a build/sky/contiki-ng-sky.a(cc2420.o)
 .text.cc2420_receiving_packet
                0x00009ee6        0xe build/sky/contiki-ng-sky.a(cc2420.o)
 .text.pending_packet
                0x00009ef4        0x8 build/sky/contiki-ng-sky.a(cc2420.o)
 .text.wait_for_transmission
                0x00009efc       0x22 build/sky/contiki-ng-sky.a(cc2420.o)
 .text.wait_for_status
                0x00009f1e       0x2a build/sky/contiki-ng-sky.a(cc2420.o)
 .text.getrxdata
                0x00009f48       0x56 build/sky/contiki-ng-sky.a(cc2420.o)
 .text.flushrx  0x00009f9e       0x1a build/sky/contiki-ng-sky.a(cc2420.o)
 .text.off      0x00009fb8       0x2c build/sky/contiki-ng-sky.a(cc2420.o)
 .text.RELEASE_LOCK
                0x00009fe4       0x28 build/sky/contiki-ng-sky.a(cc2420.o)
 .text.set_key  0x0000a00c       0x18 build/sky/contiki-ng-sky.a(cc2420.o)
 .text.set_frame_filtering
                0x0000a024       0x30 build/sky/contiki-ng-sky.a(cc2420.o)
 .text.set_auto_ack
                0x0000a054       0x30 build/sky/contiki-ng-sky.a(cc2420.o)
 .text.set_poll_mode
                0x0000a084       0x36 build/sky/contiki-ng-sky.a(cc2420.o)
 .text.cc2420_prepare
                0x0000a0ba       0x46 build/sky/contiki-ng-sky.a(cc2420.o)
 .text.cc2420_on
                0x0000a100       0x22 build/sky/contiki-ng-sky.a(cc2420.o)
                0x0000a100                cc2420_on
 .text.cc2420_transmit
                0x0000a122       0x66 build/sky/contiki-ng-sky.a(cc2420.o)
 .text.cc2420_send
                0x0000a188       0x12 build/sky/contiki-ng-sky.a(cc2420.o)
 .text.cc2420_off
                0x0000a19a       0x30 build/sky/contiki-ng-sky.a(cc2420.o)
                0x0000a19a                cc2420_off
 .text.cc2420_cca
                0x0000a1ca       0x5e build/sky/contiki-ng-sky.a(cc2420.o)
 .text.cc2420_read
                0x0000a228       0xc2 build/sky/contiki-ng-sky.a(cc2420.o)
 .text.process_thread_cc2420_process
                0x0000a2ea       0x5e build/sky/contiki-ng-sky.a(cc2420.o)
 .text.encrypt  0x0000a348       0x8e build/sky/contiki-ng-sky.a(cc2420.o)
 .text.cc2420_set_channel
                0x0000a3d6       0x3c build/sky/contiki-ng-sky.a(cc2420.o)
                0x0000a3d6                cc2420_set_channel
 .text.cc2420_set_pan_addr
                0x0000a412       0x4c build/sky/contiki-ng-sky.a(cc2420.o)
                0x0000a412                cc2420_set_pan_addr
 .text.cc2420_interrupt
                0x0000a45e       0x18 build/sky/contiki-ng-sky.a(cc2420.o)
                0x0000a45e                cc2420_interrupt
 .text.cc2420_set_txpower
                0x0000a476       0x2e build/sky/contiki-ng-sky.a(cc2420.o)
                0x0000a476                cc2420_set_txpower
 .text.cc2420_get_txpower
                0x0000a4a4       0x1e build/sky/contiki-ng-sky.a(cc2420.o)
                0x0000a4a4                cc2420_get_txpower
 .text.cc2420_rssi
                0x0000a4c2       0x4c build/sky/contiki-ng-sky.a(cc2420.o)
                0x0000a4c2                cc2420_rssi
 .text.get_value
                0x0000a50e      0x122 build/sky/contiki-ng-sky.a(cc2420.o)
 .text.cc2420_set_cca_threshold
                0x0000a630       0x16 build/sky/contiki-ng-sky.a(cc2420.o)
                0x0000a630                cc2420_set_cca_threshold
 .text.set_value
                0x0000a646      0x152 build/sky/contiki-ng-sky.a(cc2420.o)
 .text.cc2420_init
                0x0000a798       0xf0 build/sky/contiki-ng-sky.a(cc2420.o)
                0x0000a798                cc2420_init
 .text.cc2420_port1_interrupt
                0x0000a888       0x20 build/sky/contiki-ng-sky.a(cc2420-arch.o)
                0x0000a888                __isr_4
                0x0000a888                cc2420_port1_interrupt
 .text.cc2420_arch_init
                0x0000a8a8       0x1a build/sky/contiki-ng-sky.a(cc2420-arch.o)
                0x0000a8a8                cc2420_arch_init
 .text.handle_rxdma_timer
                0x0000a8c2       0x3a build/sky/contiki-ng-sky.a(uart1.o)
 .text.uart1_active
                0x0000a8fc       0x1a build/sky/contiki-ng-sky.a(uart1.o)
                0x0000a8fc                uart1_active
 .text.uart1_set_input
                0x0000a916       0x20 build/sky/contiki-ng-sky.a(uart1.o)
                0x0000a916                uart1_set_input
 .text.uart1_writeb
                0x0000a936       0x1a build/sky/contiki-ng-sky.a(uart1.o)
                0x0000a936                uart1_writeb
 .text.uart1_init
                0x0000a950       0xf6 build/sky/contiki-ng-sky.a(uart1.o)
                0x0000a950                uart1_init
 .text.slip_arch_writeb
                0x0000aa46        0x6 build/sky/contiki-ng-sky.a(slip_uart1.o)
                0x0000aa46                slip_arch_writeb
 .text.slip_arch_init
                0x0000aa4c        0xa build/sky/contiki-ng-sky.a(slip_uart1.o)
                0x0000aa4c                slip_arch_init
 .text.process_thread_slip_process
                0x0000aa56      0x1c6 build/sky/contiki-ng-sky.a(slip.o)
 .text.slip_set_input_callback
                0x0000ac1c        0x6 build/sky/contiki-ng-sky.a(slip.o)
                0x0000ac1c                slip_set_input_callback
 .text.slip_write
                0x0000ac22       0x58 build/sky/contiki-ng-sky.a(slip.o)
                0x0000ac22                slip_write
 .text.slip_send
                0x0000ac7a        0xe build/sky/contiki-ng-sky.a(slip.o)
                0x0000ac7a                slip_send
 .text.slip_input_byte
                0x0000ac88       0x94 build/sky/contiki-ng-sky.a(slip.o)
                0x0000ac88                slip_input_byte
 .text.timera0  0x0000ad1c       0x2e build/sky/contiki-ng-sky.a(rtimer-arch.o)
                0x0000ad1c                __isr_6
                0x0000ad1c                timera0
 .text.rtimer_arch_init
                0x0000ad4a        0xe build/sky/contiki-ng-sky.a(rtimer-arch.o)
                0x0000ad4a                rtimer_arch_init
 .text.rtimer_arch_now
                0x0000ad58        0xe build/sky/contiki-ng-sky.a(rtimer-arch.o)
                0x0000ad58                rtimer_arch_now
 .text.rtimer_arch_schedule
                0x0000ad66        0x6 build/sky/contiki-ng-sky.a(rtimer-arch.o)
                0x0000ad66                rtimer_arch_schedule
 .text.stimer_set
                0x0000ad6c       0x1c build/sky/contiki-ng-sky.a(stimer.o)
                0x0000ad6c                stimer_set
 .text.stimer_expired
                0x0000ad88       0x30 build/sky/contiki-ng-sky.a(stimer.o)
                0x0000ad88                stimer_expired
 .text.memb_init
                0x0000adb8       0x36 build/sky/contiki-ng-sky.a(memb.o)
                0x0000adb8                memb_init
 .text.memb_alloc
                0x0000adee       0x3e build/sky/contiki-ng-sky.a(memb.o)
                0x0000adee                memb_alloc
 .text.memb_free
                0x0000ae2c       0x32 build/sky/contiki-ng-sky.a(memb.o)
                0x0000ae2c                memb_free
 .text.memb_inmemb
                0x0000ae5e       0x2e build/sky/contiki-ng-sky.a(memb.o)
                0x0000ae5e                memb_inmemb
 .text.memb_numfree
                0x0000ae8c       0x26 build/sky/contiki-ng-sky.a(memb.o)
                0x0000ae8c                memb_numfree
 .text.index_from_key
                0x0000aeb2       0x48 build/sky/contiki-ng-sky.a(nbr-table.o)
 .text.item_from_key
                0x0000aefa       0x34 build/sky/contiki-ng-sky.a(nbr-table.o)
 .text.nbr_set_bit
                0x0000af2e       0x8e build/sky/contiki-ng-sky.a(nbr-table.o)
 .text.index_from_lladdr
                0x0000afbc       0x42 build/sky/contiki-ng-sky.a(nbr-table.o)
 .text.nbr_get_bit.constprop.0
                0x0000affe       0x62 build/sky/contiki-ng-sky.a(nbr-table.o)
 .text.nbr_table_is_registered
                0x0000b060       0x26 build/sky/contiki-ng-sky.a(nbr-table.o)
                0x0000b060                nbr_table_is_registered
 .text.nbr_table_register
                0x0000b086       0x42 build/sky/contiki-ng-sky.a(nbr-table.o)
                0x0000b086                nbr_table_register
 .text.nbr_table_next
                0x0000b0c8       0x90 build/sky/contiki-ng-sky.a(nbr-table.o)
                0x0000b0c8                nbr_table_next
 .text.nbr_table_head
                0x0000b158       0x36 build/sky/contiki-ng-sky.a(nbr-table.o)
                0x0000b158                nbr_table_head
 .text.nbr_table_add_lladdr
                0x0000b18e      0x180 build/sky/contiki-ng-sky.a(nbr-table.o)
                0x0000b18e                nbr_table_add_lladdr
 .text.nbr_table_get_from_lladdr
                0x0000b30e       0x48 build/sky/contiki-ng-sky.a(nbr-table.o)
                0x0000b30e                nbr_table_get_from_lladdr
 .text.nbr_table_remove
                0x0000b356       0x32 build/sky/contiki-ng-sky.a(nbr-table.o)
                0x0000b356                nbr_table_remove
 .text.nbr_table_lock
                0x0000b388       0x10 build/sky/contiki-ng-sky.a(nbr-table.o)
                0x0000b388                nbr_table_lock
 .text.nbr_table_unlock
                0x0000b398       0x10 build/sky/contiki-ng-sky.a(nbr-table.o)
                0x0000b398                nbr_table_unlock
 .text.nbr_table_get_lladdr
                0x0000b3a8       0x5a build/sky/contiki-ng-sky.a(nbr-table.o)
                0x0000b3a8                nbr_table_get_lladdr
 .text.periodic
                0x0000b402       0x28 build/sky/contiki-ng-sky.a(link-stats.o)
 .text.link_stats_from_lladdr
                0x0000b42a        0xc build/sky/contiki-ng-sky.a(link-stats.o)
                0x0000b42a                link_stats_from_lladdr
 .text.link_stats_is_fresh
                0x0000b436       0x2e build/sky/contiki-ng-sky.a(link-stats.o)
                0x0000b436                link_stats_is_fresh
 .text.guess_etx_from_rssi
                0x0000b464       0x42 build/sky/contiki-ng-sky.a(link-stats.o)
                0x0000b464                guess_etx_from_rssi
 .text.link_stats_packet_sent
                0x0000b4a6       0xe2 build/sky/contiki-ng-sky.a(link-stats.o)
                0x0000b4a6                link_stats_packet_sent
 .text.link_stats_input_callback
                0x0000b588       0xb6 build/sky/contiki-ng-sky.a(link-stats.o)
                0x0000b588                link_stats_input_callback
 .text.link_stats_reset
                0x0000b63e       0x2a build/sky/contiki-ng-sky.a(link-stats.o)
                0x0000b63e                link_stats_reset
 .text.link_stats_init
                0x0000b668       0x22 build/sky/contiki-ng-sky.a(link-stats.o)
                0x0000b668                link_stats_init
 .text.mac_sequence_is_duplicate
                0x0000b68a       0x78 build/sky/contiki-ng-sky.a(mac-sequence.o)
                0x0000b68a                mac_sequence_is_duplicate
 .text.mac_sequence_register_seqno
                0x0000b702       0x98 build/sky/contiki-ng-sky.a(mac-sequence.o)
                0x0000b702                mac_sequence_register_seqno
 .text.mac_call_sent_callback
                0x0000b79a       0x14 build/sky/contiki-ng-sky.a(mac.o)
                0x0000b79a                mac_call_sent_callback
 .text.parse    0x0000b7ae       0xa0 build/sky/contiki-ng-sky.a(framer-802154.o)
 .text.framer_802154_setup_params
                0x0000b84e       0xb8 build/sky/contiki-ng-sky.a(framer-802154.o)
                0x0000b84e                framer_802154_setup_params
 .text.create_frame
                0x0000b906       0xde build/sky/contiki-ng-sky.a(framer-802154.o)
 .text.create   0x0000b9e4        0x8 build/sky/contiki-ng-sky.a(framer-802154.o)
 .text.hdr_length
                0x0000b9ec        0x8 build/sky/contiki-ng-sky.a(framer-802154.o)
 .text.frame802154_get_pan_id
                0x0000b9f4        0x6 build/sky/contiki-ng-sky.a(frame802154.o)
                0x0000b9f4                frame802154_get_pan_id
 .text.frame802154_has_panid
                0x0000b9fa       0xdc build/sky/contiki-ng-sky.a(frame802154.o)
                0x0000b9fa                frame802154_has_panid
 .text.field_len
                0x0000bad6       0xb2 build/sky/contiki-ng-sky.a(frame802154.o)
 .text.frame802154_is_broadcast_addr
                0x0000bb88       0x24 build/sky/contiki-ng-sky.a(frame802154.o)
                0x0000bb88                frame802154_is_broadcast_addr
 .text.frame802154_hdrlen
                0x0000bbac       0x32 build/sky/contiki-ng-sky.a(frame802154.o)
                0x0000bbac                frame802154_hdrlen
 .text.frame802154_create_fcf
                0x0000bbde       0x96 build/sky/contiki-ng-sky.a(frame802154.o)
                0x0000bbde                frame802154_create_fcf
 .text.frame802154_create
                0x0000bc74       0xe4 build/sky/contiki-ng-sky.a(frame802154.o)
                0x0000bc74                frame802154_create
 .text.frame802154_parse_fcf
                0x0000bd58       0xbe build/sky/contiki-ng-sky.a(frame802154.o)
                0x0000bd58                frame802154_parse_fcf
 .text.frame802154_parse
                0x0000be16      0x18c build/sky/contiki-ng-sky.a(frame802154.o)
                0x0000be16                frame802154_parse
 .text.csma_security_create_frame
                0x0000bfa2       0x10 build/sky/contiki-ng-sky.a(csma-security.o)
                0x0000bfa2                csma_security_create_frame
 .text.csma_security_parse_frame
                0x0000bfb2        0x6 build/sky/contiki-ng-sky.a(csma-security.o)
                0x0000bfb2                csma_security_parse_frame
 .text.uipbuf_add_ext_hdr
                0x0000bfb8       0x1c build/sky/contiki-ng-sky.a(uipbuf.o)
                0x0000bfb8                uipbuf_add_ext_hdr
 .text.uipbuf_set_len
                0x0000bfd4       0x12 build/sky/contiki-ng-sky.a(uipbuf.o)
                0x0000bfd4                uipbuf_set_len
 .text.uipbuf_set_len_field
                0x0000bfe6        0xe build/sky/contiki-ng-sky.a(uipbuf.o)
                0x0000bfe6                uipbuf_set_len_field
 .text.uipbuf_get_len_field
                0x0000bff4        0xe build/sky/contiki-ng-sky.a(uipbuf.o)
                0x0000bff4                uipbuf_get_len_field
 .text.uipbuf_get_next_header
                0x0000c002       0x62 build/sky/contiki-ng-sky.a(uipbuf.o)
                0x0000c002                uipbuf_get_next_header
 .text.uipbuf_get_last_header
                0x0000c064       0x7a build/sky/contiki-ng-sky.a(uipbuf.o)
                0x0000c064                uipbuf_get_last_header
 .text.uipbuf_search_header
                0x0000c0de       0x88 build/sky/contiki-ng-sky.a(uipbuf.o)
                0x0000c0de                uipbuf_search_header
 .text.uipbuf_get_attr
                0x0000c166       0x14 build/sky/contiki-ng-sky.a(uipbuf.o)
                0x0000c166                uipbuf_get_attr
 .text.uipbuf_clear_attr
                0x0000c17a       0x12 build/sky/contiki-ng-sky.a(uipbuf.o)
                0x0000c17a                uipbuf_clear_attr
 .text.uipbuf_clear
                0x0000c18c       0x12 build/sky/contiki-ng-sky.a(uipbuf.o)
                0x0000c18c                uipbuf_clear
 .text.uipbuf_init
                0x0000c19e       0x1a build/sky/contiki-ng-sky.a(uipbuf.o)
                0x0000c19e                uipbuf_init
 .text.echo_reply_input
                0x0000c1b8       0x68 build/sky/contiki-ng-sky.a(uip-icmp6.o)
 .text.echo_request_input
                0x0000c220       0x86 build/sky/contiki-ng-sky.a(uip-icmp6.o)
 .text.uip_icmp6_input
                0x0000c2a6       0x44 build/sky/contiki-ng-sky.a(uip-icmp6.o)
                0x0000c2a6                uip_icmp6_input
 .text.uip_icmp6_register_input_handler
                0x0000c2ea        0xc build/sky/contiki-ng-sky.a(uip-icmp6.o)
                0x0000c2ea                uip_icmp6_register_input_handler
 .text.uip_icmp6_error_output
                0x0000c2f6      0x146 build/sky/contiki-ng-sky.a(uip-icmp6.o)
                0x0000c2f6                uip_icmp6_error_output
 .text.uip_icmp6_send
                0x0000c43c       0x8e build/sky/contiki-ng-sky.a(uip-icmp6.o)
                0x0000c43c                uip_icmp6_send
 .text.uip_icmp6_init
                0x0000c4ca       0x12 build/sky/contiki-ng-sky.a(uip-icmp6.o)
                0x0000c4ca                uip_icmp6_init
 .text.uip_sr_get_node
                0x0000c4dc       0x54 build/sky/contiki-ng-sky.a(uip-sr.o)
                0x0000c4dc                uip_sr_get_node
 .text.uip_sr_is_addr_reachable
                0x0000c530       0x4e build/sky/contiki-ng-sky.a(uip-sr.o)
                0x0000c530                uip_sr_is_addr_reachable
 .text.uip_sr_expire_parent
                0x0000c57e       0x56 build/sky/contiki-ng-sky.a(uip-sr.o)
                0x0000c57e                uip_sr_expire_parent
 .text.uip_sr_update_node
                0x0000c5d4       0xbc build/sky/contiki-ng-sky.a(uip-sr.o)
                0x0000c5d4                uip_sr_update_node
 .text.uip_sr_init
                0x0000c690       0x16 build/sky/contiki-ng-sky.a(uip-sr.o)
                0x0000c690                uip_sr_init
 .text.uip_sr_periodic
                0x0000c6a6       0x9a build/sky/contiki-ng-sky.a(uip-sr.o)
                0x0000c6a6                uip_sr_periodic
 .text.uip_sr_free_all
                0x0000c740       0x3c build/sky/contiki-ng-sky.a(uip-sr.o)
                0x0000c740                uip_sr_free_all
 .text.get32    0x0000c77c       0x46 build/sky/contiki-ng-sky.a(rpl-icmp6.o)
 .text.set32    0x0000c7c2       0x2a build/sky/contiki-ng-sky.a(rpl-icmp6.o)
 .text.get16    0x0000c7ec        0xe build/sky/contiki-ng-sky.a(rpl-icmp6.o)
 .text.set16    0x0000c7fa       0x10 build/sky/contiki-ng-sky.a(rpl-icmp6.o)
 .text.dao_ack_input
                0x0000c80a       0x2a build/sky/contiki-ng-sky.a(rpl-icmp6.o)
 .text.dao_input
                0x0000c834      0x14c build/sky/contiki-ng-sky.a(rpl-icmp6.o)
 .text.dio_input
                0x0000c980      0x2a0 build/sky/contiki-ng-sky.a(rpl-icmp6.o)
 .text.dis_input
                0x0000cc20       0x1e build/sky/contiki-ng-sky.a(rpl-icmp6.o)
 .text.rpl_icmp6_update_nbr_table
                0x0000cc3e       0x36 build/sky/contiki-ng-sky.a(rpl-icmp6.o)
                0x0000cc3e                rpl_icmp6_update_nbr_table
 .text.rpl_icmp6_dis_output
                0x0000cc74       0x34 build/sky/contiki-ng-sky.a(rpl-icmp6.o)
                0x0000cc74                rpl_icmp6_dis_output
 .text.rpl_icmp6_dio_output
                0x0000cca8      0x232 build/sky/contiki-ng-sky.a(rpl-icmp6.o)
                0x0000cca8                rpl_icmp6_dio_output
 .text.rpl_icmp6_dao_output
                0x0000ceda       0xe4 build/sky/contiki-ng-sky.a(rpl-icmp6.o)
                0x0000ceda                rpl_icmp6_dao_output
 .text.rpl_icmp6_dao_ack_output
                0x0000cfbe       0x44 build/sky/contiki-ng-sky.a(rpl-icmp6.o)
                0x0000cfbe                rpl_icmp6_dao_ack_output
 .text.rpl_icmp6_init
                0x0000d002       0x22 build/sky/contiki-ng-sky.a(rpl-icmp6.o)
                0x0000d002                rpl_icmp6_init
 .text.acceptable_rank
                0x0000d024       0x3c build/sky/contiki-ng-sky.a(rpl-neighbor.o)
 .text.remove_neighbor
                0x0000d060       0x24 build/sky/contiki-ng-sky.a(rpl-neighbor.o)
 .text.rpl_neighbor_get_from_lladdr
                0x0000d084        0xc build/sky/contiki-ng-sky.a(rpl-neighbor.o)
                0x0000d084                rpl_neighbor_get_from_lladdr
 .text.rpl_neighbor_rank_via_nbr
                0x0000d090       0x1c build/sky/contiki-ng-sky.a(rpl-neighbor.o)
                0x0000d090                rpl_neighbor_rank_via_nbr
 .text.rpl_neighbor_get_lladdr
                0x0000d0ac        0xc build/sky/contiki-ng-sky.a(rpl-neighbor.o)
                0x0000d0ac                rpl_neighbor_get_lladdr
 .text.rpl_neighbor_get_ipaddr
                0x0000d0b8        0xa build/sky/contiki-ng-sky.a(rpl-neighbor.o)
                0x0000d0b8                rpl_neighbor_get_ipaddr
 .text.rpl_neighbor_get_link_stats
                0x0000d0c2        0xa build/sky/contiki-ng-sky.a(rpl-neighbor.o)
                0x0000d0c2                rpl_neighbor_get_link_stats
 .text.rpl_neighbor_is_fresh
                0x0000d0cc        0xa build/sky/contiki-ng-sky.a(rpl-neighbor.o)
                0x0000d0cc                rpl_neighbor_is_fresh
 .text.best_parent
                0x0000d0d6       0x72 build/sky/contiki-ng-sky.a(rpl-neighbor.o)
 .text.rpl_neighbor_is_parent
                0x0000d148       0x18 build/sky/contiki-ng-sky.a(rpl-neighbor.o)
                0x0000d148                rpl_neighbor_is_parent
 .text.rpl_neighbor_set_preferred_parent
                0x0000d160       0x48 build/sky/contiki-ng-sky.a(rpl-neighbor.o)
                0x0000d160                rpl_neighbor_set_preferred_parent
 .text.rpl_neighbor_remove_all
                0x0000d1a8       0x30 build/sky/contiki-ng-sky.a(rpl-neighbor.o)
                0x0000d1a8                rpl_neighbor_remove_all
 .text.rpl_neighbor_get_from_ipaddr
                0x0000d1d8       0x14 build/sky/contiki-ng-sky.a(rpl-neighbor.o)
                0x0000d1d8                rpl_neighbor_get_from_ipaddr
 .text.rpl_neighbor_select_best
                0x0000d1ec       0x52 build/sky/contiki-ng-sky.a(rpl-neighbor.o)
                0x0000d1ec                rpl_neighbor_select_best
 .text.rpl_neighbor_init
                0x0000d23e        0xe build/sky/contiki-ng-sky.a(rpl-neighbor.o)
                0x0000d23e                rpl_neighbor_init
 .text.handle_state_update
                0x0000d24c        0x6 build/sky/contiki-ng-sky.a(rpl-timers.o)
 .text.handle_leaving_timer
                0x0000d252        0xc build/sky/contiki-ng-sky.a(rpl-timers.o)
 .text.schedule_dao_retransmission
                0x0000d25e       0x34 build/sky/contiki-ng-sky.a(rpl-timers.o)
 .text.new_dio_interval
                0x0000d292       0x8a build/sky/contiki-ng-sky.a(rpl-timers.o)
 .text.handle_unicast_dio_timer
                0x0000d31c       0x12 build/sky/contiki-ng-sky.a(rpl-timers.o)
 .text.send_new_dao
                0x0000d32e       0x28 build/sky/contiki-ng-sky.a(rpl-timers.o)
 .text.resend_dao
                0x0000d356       0x24 build/sky/contiki-ng-sky.a(rpl-timers.o)
 .text.handle_dao_ack_timer
                0x0000d37a       0x12 build/sky/contiki-ng-sky.a(rpl-timers.o)
 .text.handle_dio_timer
                0x0000d38c       0x6e build/sky/contiki-ng-sky.a(rpl-timers.o)
 .text.rpl_timers_schedule_periodic_dis
                0x0000d3fa       0x40 build/sky/contiki-ng-sky.a(rpl-timers.o)
                0x0000d3fa                rpl_timers_schedule_periodic_dis
 .text.handle_periodic_timer
                0x0000d43a       0x3a build/sky/contiki-ng-sky.a(rpl-timers.o)
 .text.handle_dis_timer
                0x0000d474       0x26 build/sky/contiki-ng-sky.a(rpl-timers.o)
 .text.rpl_timers_dio_reset
                0x0000d49a       0x2e build/sky/contiki-ng-sky.a(rpl-timers.o)
                0x0000d49a                rpl_timers_dio_reset
 .text.rpl_timers_schedule_unicast_dio
                0x0000d4c8       0x20 build/sky/contiki-ng-sky.a(rpl-timers.o)
                0x0000d4c8                rpl_timers_schedule_unicast_dio
 .text.rpl_timers_schedule_dao
                0x0000d4e8       0x3a build/sky/contiki-ng-sky.a(rpl-timers.o)
                0x0000d4e8                rpl_timers_schedule_dao
 .text.rpl_timers_schedule_dao_ack
                0x0000d522       0x34 build/sky/contiki-ng-sky.a(rpl-timers.o)
                0x0000d522                rpl_timers_schedule_dao_ack
 .text.rpl_timers_notify_dao_ack
                0x0000d556       0x74 build/sky/contiki-ng-sky.a(rpl-timers.o)
                0x0000d556                rpl_timers_notify_dao_ack
 .text.get_probing_delay
                0x0000d5ca       0x1c build/sky/contiki-ng-sky.a(rpl-timers.o)
                0x0000d5ca                get_probing_delay
 .text.get_probing_target
                0x0000d5e6       0xec build/sky/contiki-ng-sky.a(rpl-timers.o)
                0x0000d5e6                get_probing_target
 .text.rpl_schedule_probing
                0x0000d6d2       0x20 build/sky/contiki-ng-sky.a(rpl-timers.o)
                0x0000d6d2                rpl_schedule_probing
 .text.handle_probing_timer
                0x0000d6f2       0x2a build/sky/contiki-ng-sky.a(rpl-timers.o)
 .text.rpl_schedule_probing_now
                0x0000d71c       0x32 build/sky/contiki-ng-sky.a(rpl-timers.o)
                0x0000d71c                rpl_schedule_probing_now
 .text.rpl_timers_unschedule_leaving
                0x0000d74e       0x1c build/sky/contiki-ng-sky.a(rpl-timers.o)
                0x0000d74e                rpl_timers_unschedule_leaving
 .text.rpl_timers_schedule_leaving
                0x0000d76a       0x2a build/sky/contiki-ng-sky.a(rpl-timers.o)
                0x0000d76a                rpl_timers_schedule_leaving
 .text.rpl_timers_init
                0x0000d794       0x1c build/sky/contiki-ng-sky.a(rpl-timers.o)
                0x0000d794                rpl_timers_init
 .text.rpl_timers_stop_dag_timers
                0x0000d7b0       0x4c build/sky/contiki-ng-sky.a(rpl-timers.o)
                0x0000d7b0                rpl_timers_stop_dag_timers
 .text.rpl_timers_unschedule_state_update
                0x0000d7fc       0x10 build/sky/contiki-ng-sky.a(rpl-timers.o)
                0x0000d7fc                rpl_timers_unschedule_state_update
 .text.rpl_timers_schedule_state_update
                0x0000d80c       0x1c build/sky/contiki-ng-sky.a(rpl-timers.o)
                0x0000d80c                rpl_timers_schedule_state_update
 .text.update_hbh_header
                0x0000d828       0x4e build/sky/contiki-ng-sky.a(rpl-ext-header.)
 .text.rpl_ext_header_srh_get_next_hop
                0x0000d876       0x86 build/sky/contiki-ng-sky.a(rpl-ext-header.)
                0x0000d876                rpl_ext_header_srh_get_next_hop
 .text.rpl_ext_header_srh_update
                0x0000d8fc      0x150 build/sky/contiki-ng-sky.a(rpl-ext-header.)
                0x0000d8fc                rpl_ext_header_srh_update
 .text.rpl_ext_header_hbh_update
                0x0000da4c       0x98 build/sky/contiki-ng-sky.a(rpl-ext-header.)
                0x0000da4c                rpl_ext_header_hbh_update
 .text.rpl_ext_header_remove
                0x0000dae4      0x164 build/sky/contiki-ng-sky.a(rpl-ext-header.)
                0x0000dae4                rpl_ext_header_remove
 .text.rpl_ext_header_update
                0x0000dc48      0x2c8 build/sky/contiki-ng-sky.a(rpl-ext-header.)
                0x0000dc48                rpl_ext_header_update
 .text.update_state
                0x0000df10       0x78 build/sky/contiki-ng-sky.a(rpl-nbr-policy.)
 .text.rpl_nbr_policy_find_removable
                0x0000df88       0x50 build/sky/contiki-ng-sky.a(rpl-nbr-policy.)
                0x0000df88                rpl_nbr_policy_find_removable
 .text.reset    0x0000dfd8        0x2 build/sky/contiki-ng-sky.a(rpl-mrhof.o)
 .text.update_metric_container
                0x0000dfda        0x6 build/sky/contiki-ng-sky.a(rpl-mrhof.o)
 .text.nbr_link_metric
                0x0000dfe0       0x12 build/sky/contiki-ng-sky.a(rpl-mrhof.o)
 .text.nbr_has_usable_link
                0x0000dff2       0x14 build/sky/contiki-ng-sky.a(rpl-mrhof.o)
 .text.nbr_path_cost
                0x0000e006       0x38 build/sky/contiki-ng-sky.a(rpl-mrhof.o)
 .text.within_hysteresis
                0x0000e03e       0x5a build/sky/contiki-ng-sky.a(rpl-mrhof.o)
 .text.nbr_is_acceptable_parent
                0x0000e098       0x2c build/sky/contiki-ng-sky.a(rpl-mrhof.o)
 .text.rank_via_nbr
                0x0000e0c4       0x48 build/sky/contiki-ng-sky.a(rpl-mrhof.o)
 .text.best_parent
                0x0000e10c       0x7e build/sky/contiki-ng-sky.a(rpl-mrhof.o)
 .text.spi_init
                0x0000e18a       0x32 build/sky/contiki-ng-sky.a(spi-legacy.o)
                0x0000e18a                spi_init
 .text.libgcc   0x0000e1bc       0x2c /usr/lib/gcc/msp430/4.6.3/mmpy-16/libgcc.a(_mulsi3.o)
                0x0000e1bc                __mulsi3
 .text.libgcc   0x0000e1e8       0x22 /usr/lib/gcc/msp430/4.6.3/mmpy-16/libgcc.a(_udivmod16.o)
                0x0000e1e8                __udivhi3
                0x0000e1e8                __ext_udivmod16
                0x0000e202                __umodhi3
 .text.libgcc   0x0000e20a       0x3a /usr/lib/gcc/msp430/4.6.3/mmpy-16/libgcc.a(_divmod16.o)
                0x0000e20a                __ext_divmod16
                0x0000e20a                __divhi3
                0x0000e23c                __modhi3
 .text.libgcc   0x0000e244       0x40 /usr/lib/gcc/msp430/4.6.3/mmpy-16/libgcc.a(_udivmod32.o)
                0x0000e244                __udivsi3
                0x0000e244                __ext_udivmod32
                0x0000e27a                __umodsi3
 .text.libgcc   0x0000e284       0x4c /usr/lib/gcc/msp430/4.6.3/mmpy-16/libgcc.a(_divmod32.o)
                0x0000e284                __ext_divmod32
                0x0000e284                __divsi3
                0x0000e2c6                __modsi3
 .text          0x0000e2d0       0x20 /usr/lib/gcc/msp430/4.6.3/../../../../msp430/lib/mmpy-16/libc.a(memcmp.o)
                0x0000e2d0                memcmp
 .text          0x0000e2f0       0xfa /usr/lib/gcc/msp430/4.6.3/../../../../msp430/lib/mmpy-16/libc.a(memcpy.o)
                0x0000e2f0                memcpy
 .text          0x0000e3ea       0xfa /usr/lib/gcc/msp430/4.6.3/../../../../msp430/lib/mmpy-16/libc.a(memmove.o)
                0x0000e3ea                memmove
 .text          0x0000e4e4       0x6a /usr/lib/gcc/msp430/4.6.3/../../../../msp430/lib/mmpy-16/libc.a(memset.o)
                0x0000e4e4                memset
 .text          0x0000e54e       0x1e /usr/lib/gcc/msp430/4.6.3/../../../../msp430/lib/mmpy-16/libc.a(printf.o)
                0x0000e54e                printf
                0x0000e55e                vprintf
 .text          0x0000e56c       0xbc /usr/lib/gcc/msp430/4.6.3/../../../../msp430/lib/mmpy-16/libc.a(sprintf.o)
                0x0000e5ca                sprintf
                0x0000e5e6                snprintf
                0x0000e600                vsprintf
                0x0000e616                vsnprintf
 .text          0x0000e628      0x836 /usr/lib/gcc/msp430/4.6.3/../../../../msp430/lib/mmpy-16/libc.a(vuprintf.o)
                0x0000e7c0                vuprintf
 .text          0x0000ee5e       0x2c /usr/lib/gcc/msp430/4.6.3/../../../../msp430/lib/mmpy-16/libc.a(puts.o)
                0x0000ee5e                puts
 .text          0x0000ee8a       0x54 /usr/lib/gcc/msp430/4.6.3/../../../../msp430/lib/mmpy-16/libc.a(rand.o)
                0x0000ee8a                rand_r
                0x0000eeae                rand
                0x0000eed4                srand
 .text.libgcc   0x0000eede       0xf0 /usr/lib/gcc/msp430/4.6.3/mmpy-16/libgcc.a(_udivmod64.o)
                0x0000eede                __xabi_udivmod64
                0x0000ef3c                __udivdi3
                0x0000ef62                __umoddi3
                0x0000ef90                __udivmoddi4
 .text.crt0     0x0000efce        0x2 /usr/lib/gcc/msp430/4.6.3/mmpy-16/libcrt0.a(_unexpected_.o)
                0x0000efce                _unexpected_
                0x0000efd0                . = ALIGN (0x2)

.rodata         0x0000efd0      0x5d4
                0x0000efd0                . = ALIGN (0x2)
 *(.rodata .rodata.* .gnu.linkonce.r.*)
 .rodata        0x0000efd0       0x5a border-router.o
                0x0000f00c                autostart_processes
 .rodata        0x0000f02a       0xf3 build/sky/obj/contiki-main.o
 .rodata        0x0000f11d       0x31 build/sky/contiki-ng-sky.a(platform.o)
 .rodata        0x0000f14e       0x31 build/sky/contiki-ng-sky.a(rpl-border-rout)
 .rodata        0x0000f17f        0xc build/sky/contiki-ng-sky.a(etimer.o)
 *fill*         0x0000f18b        0x1 00
 .rodata        0x0000f18c       0xb6 build/sky/contiki-ng-sky.a(log.o)
 .rodata        0x0000f242        0xf build/sky/contiki-ng-sky.a(ctimer.o)
 .rodata        0x0000f251       0x6a build/sky/contiki-ng-sky.a(stack-check.o)
 *fill*         0x0000f2bb        0x1 00
 .rodata        0x0000f2bc        0x8 build/sky/contiki-ng-sky.a(linkaddr.o)
                0x0000f2bc                linkaddr_null
 .rodata        0x0000f2c4       0x14 build/sky/contiki-ng-sky.a(csma.o)
                0x0000f2ca                csma_driver
 .rodata        0x0000f2d8        0xd build/sky/contiki-ng-sky.a(tcpip.o)
 *fill*         0x0000f2e5        0x1 00
 .rodata        0x0000f2e6       0x26 build/sky/contiki-ng-sky.a(sicslowpan.o)
                0x0000f2f2                sicslowpan_driver
                0x0000f2fa                llprefix
                0x0000f2fc                unc_mxconf
                0x0000f300                unc_ctxconf
                0x0000f304                unc_llconf
 .rodata        0x0000f30c       0x2d build/sky/contiki-ng-sky.a(uiplib.o)
 *fill*         0x0000f339        0x1 00
 .rodata        0x0000f33a       0x34 build/sky/contiki-ng-sky.a(rpl.o)
                0x0000f344                rpl_lite_driver
 .rodata        0x0000f36e       0xe0 build/sky/contiki-ng-sky.a(rpl-dag.o)
 .rodata        0x0000f44e       0x16 build/sky/contiki-ng-sky.a(slip-bridge.o)
                0x0000f460                rpl_interface
 .rodata        0x0000f464       0x80 build/sky/contiki-ng-sky.a(border-router-e)
 .rodata        0x0000f4e4       0x10 build/sky/contiki-ng-sky.a(button-sensor.o)
                0x0000f4ec                button_sensor
 .rodata        0x0000f4f4        0x8 build/sky/contiki-ng-sky.a(sensors.o)
 .rodata        0x0000f4fc       0x80 build/sky/contiki-ng-sky.a(cc2420.o)
                0x0000f53e                cc2420_aes_128_driver
                0x0000f542                cc2420_driver
 .rodata        0x0000f57c        0xc build/sky/contiki-ng-sky.a(slip.o)
 .rodata        0x0000f588        0x6 build/sky/contiki-ng-sky.a(framer-802154.o)
                0x0000f588                framer_802154
 .rodata        0x0000f58e        0x2 build/sky/contiki-ng-sky.a(frame802154.o)
 .rodata        0x0000f590        0xc build/sky/contiki-ng-sky.a(rpl-timers.o)
 .rodata        0x0000f59c        0x7 /usr/lib/gcc/msp430/4.6.3/../../../../msp430/lib/mmpy-16/libc.a(vuprintf.o)
                0x0000f5a4                . = ALIGN (0x2)
 *fill*         0x0000f5a3        0x1 00
                0x0000f5a4                _etext = .

.data           0x00001100      0x14e load address 0x0000f5a4
                0x00001100                . = ALIGN (0x2)
                0x00001100                PROVIDE (__data_start, .)
 *(.data .data.* .gnu.linkonce.d.*)
 .data          0x00001100        0xa border-router.o
                0x00001100                contiki_ng_br
 .data          0x0000110a        0x2 build/sky/contiki-ng-sky.a(msp430.o)
 .data          0x0000110c        0xa build/sky/contiki-ng-sky.a(etimer.o)
                0x0000110c                etimer_process
 .data          0x00001116       0x50 build/sky/contiki-ng-sky.a(log.o)
                0x00001116                all_modules
                0x00001164                curr_log_level_main
 .data          0x00001166        0xa build/sky/contiki-ng-sky.a(ctimer.o)
                0x00001166                ctimer_process
 .data          0x00001170        0xa build/sky/contiki-ng-sky.a(stack-check.o)
                0x00001170                stack_check_process
 .data          0x0000117a       0x10 build/sky/contiki-ng-sky.a(queuebuf.o)
 .data          0x0000118a       0x18 build/sky/contiki-ng-sky.a(csma-output.o)
 .data          0x000011a2        0x8 build/sky/contiki-ng-sky.a(uip-ds6-route.o)
 .data          0x000011aa        0x8 build/sky/contiki-ng-sky.a(uip-ds6-nbr.o)
 .data          0x000011b2        0xa build/sky/contiki-ng-sky.a(tcpip.o)
                0x000011b2                tcpip_process
 .data          0x000011bc        0x6 build/sky/contiki-ng-sky.a(uip-nd6.o)
 .data          0x000011c2        0xa build/sky/contiki-ng-sky.a(border-router-e)
                0x000011c2                border_router_process
 .data          0x000011cc        0x4 build/sky/contiki-ng-sky.a(contiki-sky-pla)
                0x000011cc                sensors
 .data          0x000011d0        0xa build/sky/contiki-ng-sky.a(sensors.o)
                0x000011d0                sensors_process
 .data          0x000011da        0xc build/sky/contiki-ng-sky.a(cc2420.o)
                0x000011da                cc2420_process
 .data          0x000011e6        0xa build/sky/contiki-ng-sky.a(slip.o)
                0x000011e6                slip_process
 .data          0x000011f0        0x8 build/sky/contiki-ng-sky.a(nbr-table.o)
 .data          0x000011f8        0x8 build/sky/contiki-ng-sky.a(link-stats.o)
 .data          0x00001200        0x2 build/sky/contiki-ng-sky.a(frame802154.o)
 .data          0x00001202        0xc build/sky/contiki-ng-sky.a(uip-icmp6.o)
 .data          0x0000120e        0x8 build/sky/contiki-ng-sky.a(uip-sr.o)
 .data          0x00001216       0x18 build/sky/contiki-ng-sky.a(rpl-icmp6.o)
 .data          0x0000122e        0xa build/sky/contiki-ng-sky.a(rpl-neighbor.o)
                0x0000122e                rpl_neighbors
 .data          0x00001238       0x12 build/sky/contiki-ng-sky.a(rpl-mrhof.o)
                0x00001238                rpl_mrhof
 .data          0x0000124a        0x4 /usr/lib/gcc/msp430/4.6.3/../../../../msp430/lib/mmpy-16/libc.a(rand.o)
                0x0000124e                . = ALIGN (0x2)
                0x0000124e                _edata = .
                0x0000f5a4                PROVIDE (__data_load_start, LOADADDR (.data))
                0x0000014e                PROVIDE (__data_size, SIZEOF (.data))

.bss            0x0000124e     0x17ca load address 0x0000f6f2
                0x0000124e                PROVIDE (__bss_start, .)
 *(.bss .bss.*)
 .bss           0x0000124e        0x1 build/sky/contiki-ng-sky.a(uart1-putchar.o)
 *fill*         0x0000124f        0x1 00
 .bss           0x00001250        0x8 build/sky/contiki-ng-sky.a(platform.o)
 .bss           0x00001258        0xa build/sky/contiki-ng-sky.a(clock.o)
 .bss           0x00001262        0x2 build/sky/contiki-ng-sky.a(watchdog.o)
 .bss           0x00001264        0x6 build/sky/contiki-ng-sky.a(etimer.o)
 .bss           0x0000126a       0x16 build/sky/contiki-ng-sky.a(log.o)
                0x0000126a                curr_log_level_lwm2m
                0x0000126c                curr_log_level_snmp
                0x0000126e                curr_log_level_coap
                0x00001270                curr_log_level_6top
                0x00001272                curr_log_level_framer
                0x00001274                curr_log_level_mac
                0x00001276                curr_log_level_nullnet
                0x00001278                curr_log_level_6lowpan
                0x0000127a                curr_log_level_ipv6
                0x0000127c                curr_log_level_tcpip
                0x0000127e                curr_log_level_rpl
 .bss           0x00001280        0x4 build/sky/contiki-ng-sky.a(ctimer.o)
 .bss           0x00001284        0x2 build/sky/contiki-ng-sky.a(rtimer.o)
 .bss           0x00001286        0x2 build/sky/contiki-ng-sky.a(node-id.o)
                0x00001286                node_id
 .bss           0x00001288       0xc8 build/sky/contiki-ng-sky.a(process.o)
                0x00001288                process_current
                0x0000128a                process_list
 .bss           0x00001350        0xe build/sky/contiki-ng-sky.a(stack-check.o)
 .bss           0x0000135e      0x2c0 build/sky/contiki-ng-sky.a(queuebuf.o)
 .bss           0x0000161e       0x86 build/sky/contiki-ng-sky.a(packetbuf.o)
 .bss           0x000016a4        0x2 build/sky/contiki-ng-sky.a(netstack.o)
 .bss           0x000016a6       0x86 build/sky/contiki-ng-sky.a(csma-output.o)
 .bss           0x0000172c       0x28 build/sky/contiki-ng-sky.a(uip-ds6.o)
 .bss           0x00001754       0x3c build/sky/contiki-ng-sky.a(uip-ds6-route.o)
 .bss           0x00001790      0x120 build/sky/contiki-ng-sky.a(uip-ds6-nbr.o)
 .bss           0x000018b0        0xc build/sky/contiki-ng-sky.a(tcpip.o)
 .bss           0x000018bc        0x8 build/sky/contiki-ng-sky.a(uip6.o)
                0x000018bc                uip_last_proto
                0x000018be                uip_ext_len
                0x000018c0                uip_ext_bitmap
 .bss           0x000018c4        0x8 build/sky/contiki-ng-sky.a(uip-nd6.o)
 .bss           0x000018cc      0x6e0 build/sky/contiki-ng-sky.a(sicslowpan.o)
 .bss           0x00001fac        0x1 build/sky/contiki-ng-sky.a(rpl.o)
 *fill*         0x00001fad        0x1 00
 .bss           0x00001fae       0x12 build/sky/contiki-ng-sky.a(rpl-dag-root.o)
 .bss           0x00001fc0       0x10 build/sky/contiki-ng-sky.a(slip-bridge.o)
 .bss           0x00001fd0        0xc build/sky/contiki-ng-sky.a(border-router-e)
 .bss           0x00001fdc        0x8 build/sky/contiki-ng-sky.a(button-sensor.o)
 .bss           0x00001fe4        0x6 build/sky/contiki-ng-sky.a(sensors.o)
 .bss           0x00001fea       0x10 build/sky/contiki-ng-sky.a(cc2420.o)
 .bss           0x00001ffa       0x9a build/sky/contiki-ng-sky.a(uart1.o)
 .bss           0x00002094       0xa6 build/sky/contiki-ng-sky.a(slip.o)
 .bss           0x0000213a       0xe4 build/sky/contiki-ng-sky.a(nbr-table.o)
 .bss           0x0000221e       0xa0 build/sky/contiki-ng-sky.a(link-stats.o)
 .bss           0x000022be       0xe0 build/sky/contiki-ng-sky.a(mac-sequence.o)
 .bss           0x0000239e        0x2 build/sky/contiki-ng-sky.a(framer-802154.o)
 .bss           0x000023a0       0x18 build/sky/contiki-ng-sky.a(uipbuf.o)
 .bss           0x000023b8       0x14 build/sky/contiki-ng-sky.a(uip-icmp6.o)
 .bss           0x000023cc      0x134 build/sky/contiki-ng-sky.a(uip-sr.o)
 .bss           0x00002500       0x80 build/sky/contiki-ng-sky.a(rpl-neighbor.o)
 .bss           0x00002580       0x28 build/sky/contiki-ng-sky.a(rpl-timers.o)
 .bss           0x000025a8        0x8 build/sky/contiki-ng-sky.a(rpl-nbr-policy.)
 .bss           0x000025b0        0x4 /usr/lib/gcc/msp430/4.6.3/../../../../msp430/lib/mmpy-16/libc.a(sprintf.o)
 *(COMMON)
 COMMON         0x000025b4        0x2 build/sky/contiki-ng-sky.a(msp430.o)
                0x000025b4                msp430_dco_required
 COMMON         0x000025b6        0x1 build/sky/contiki-ng-sky.a(rpl-border-rout)
                0x000025b6                prefix_set
 *fill*         0x000025b7        0x1 00
 COMMON         0x000025b8       0x2a build/sky/contiki-ng-sky.a(packetbuf.o)
                0x000025b8                packetbuf_addrs
                0x000025c8                packetbuf_attrs
 COMMON         0x000025e2        0x8 build/sky/contiki-ng-sky.a(linkaddr.o)
                0x000025e2                linkaddr_node_addr
 COMMON         0x000025ea      0x180 build/sky/contiki-ng-sky.a(uip-ds6.o)
                0x000025ea                uip_ds6_timer_ra
                0x000025f2                uip_ds6_if