Archive member included because of file (symbol)

build/sky/contiki-ng-sky.a(sht11-sensor.o)
                              udp-ph.o (sht11_sensor)
build/sky/contiki-ng-sky.a(uart1.o)
                              udp-ph.o (uart1_set_input)
build/sky/contiki-ng-sky.a(uart1-putchar.o)
                              udp-ph.o (putchar)
build/sky/contiki-ng-sky.a(platform.o)
                              build/sky/obj/contiki-main.o (platform_init_stage_one)
build/sky/contiki-ng-sky.a(msp430.o)
                              build/sky/contiki-ng-sky.a(uart1.o) (msp430_add_lpm_req)
build/sky/contiki-ng-sky.a(clock.o)
                              build/sky/obj/contiki-main.o (clock_init)
build/sky/contiki-ng-sky.a(leds.o)
                              build/sky/contiki-ng-sky.a(platform.o) (leds_init)
build/sky/contiki-ng-sky.a(leds-arch.o)
                              build/sky/contiki-ng-sky.a(leds.o) (leds_arch_init)
build/sky/contiki-ng-sky.a(watchdog.o)
                              build/sky/obj/contiki-main.o (watchdog_start)
build/sky/contiki-ng-sky.a(rtimer-arch.o)
                              build/sky/contiki-ng-sky.a(sht11-sensor.o) (rtimer_arch_now)
build/sky/contiki-ng-sky.a(autostart.o)
                              build/sky/obj/contiki-main.o (autostart_start)
build/sky/contiki-ng-sky.a(energest.o)
                              build/sky/obj/contiki-main.o (energest_init)
build/sky/contiki-ng-sky.a(etimer.o)
                              build/sky/contiki-ng-sky.a(clock.o) (etimer_request_poll)
build/sky/contiki-ng-sky.a(log.o)
                              udp-ph.o (log_6addr)
build/sky/contiki-ng-sky.a(ctimer.o)
                              build/sky/obj/contiki-main.o (ctimer_init)
build/sky/contiki-ng-sky.a(rtimer.o)
                              build/sky/obj/contiki-main.o (rtimer_init)
build/sky/contiki-ng-sky.a(node-id.o)
                              build/sky/obj/contiki-main.o (node_id_init)
build/sky/contiki-ng-sky.a(process.o)
                              build/sky/contiki-ng-sky.a(etimer.o) (process_current)
build/sky/contiki-ng-sky.a(timer.o)
                              build/sky/contiki-ng-sky.a(platform.o) (timer_set)
build/sky/contiki-ng-sky.a(stack-check.o)
                              build/sky/obj/contiki-main.o (stack_check_init)
build/sky/contiki-ng-sky.a(list.o)
                              build/sky/contiki-ng-sky.a(ctimer.o) (list_init)
build/sky/contiki-ng-sky.a(random.o)
                              build/sky/contiki-ng-sky.a(platform.o) (random_init)
build/sky/contiki-ng-sky.a(serial-line.o)
                              udp-ph.o (serial_line_init)
build/sky/contiki-ng-sky.a(queuebuf.o)
                              build/sky/obj/contiki-main.o (queuebuf_init)
build/sky/contiki-ng-sky.a(packetbuf.o)
                              build/sky/contiki-ng-sky.a(queuebuf.o) (packetbuf_copyto)
build/sky/contiki-ng-sky.a(netstack.o)
                              build/sky/obj/contiki-main.o (netstack_init)
build/sky/contiki-ng-sky.a(linkaddr.o)
                              build/sky/contiki-ng-sky.a(platform.o) (linkaddr_copy)
build/sky/contiki-ng-sky.a(csma.o)
                              build/sky/obj/contiki-main.o (csma_driver)
build/sky/contiki-ng-sky.a(csma-output.o)
                              build/sky/contiki-ng-sky.a(csma.o) (csma_output_packet)
build/sky/contiki-ng-sky.a(uip-ds6.o)
                              build/sky/obj/contiki-main.o (uip_ds6_get_link_local)
build/sky/contiki-ng-sky.a(uip-ds6-route.o)
                              build/sky/contiki-ng-sky.a(uip-ds6.o) (uip_ds6_route_init)
build/sky/contiki-ng-sky.a(uip-ds6-nbr.o)
                              build/sky/contiki-ng-sky.a(uip-ds6.o) (uip_ds6_neighbors_init)
build/sky/contiki-ng-sky.a(tcpip.o)
                              build/sky/obj/contiki-main.o (tcpip_process)
build/sky/contiki-ng-sky.a(uip6.o)
                              build/sky/contiki-ng-sky.a(tcpip.o) (uip_aligned_buf)
build/sky/contiki-ng-sky.a(uip-nd6.o)
                              build/sky/contiki-ng-sky.a(uip6.o) (uip_nd6_init)
build/sky/contiki-ng-sky.a(simple-udp.o)
                              udp-ph.o (simple_udp_sendto)
build/sky/contiki-ng-sky.a(sicslowpan.o)
                              udp-ph.o (sicslowpan_get_last_rssi)
build/sky/contiki-ng-sky.a(uiplib.o)
                              build/sky/contiki-ng-sky.a(log.o) (uiplib_ipaddr_snprint)
build/sky/contiki-ng-sky.a(rpl.o)
                              udp-ph.o (rpl_lite_driver)
build/sky/contiki-ng-sky.a(rpl-dag.o)
                              build/sky/contiki-ng-sky.a(rpl.o) (curr_instance)
build/sky/contiki-ng-sky.a(rpl-dag-root.o)
                              build/sky/contiki-ng-sky.a(rpl.o) (rpl_dag_root_set_prefix)
build/sky/contiki-ng-sky.a(contiki-sky-pla)
                              build/sky/contiki-ng-sky.a(platform.o) (init_platform)
build/sky/contiki-ng-sky.a(sht11.o)
[...]
Memory Configuration

Name             Origin             Length             Attributes
sfr              0x00000000         0x00000010
peripheral_8bit  0x00000010         0x000000f0
peripheral_16bit 0x00000100         0x00000100
ram_mirror       0x00000200         0x00000800         xw
infomem          0x00001000         0x00000100
infob            0x00001000         0x00000080
infoa            0x00001080         0x00000080
ram              0x00001100         0x00002800         xw
rom              0x00004000         0x0000bfe0         xr
vectors          0x0000ffe0         0x00000020
bsl              0x00000000         0x00000000
infoc            0x00000000         0x00000000
infod            0x00000000         0x00000000
ram2             0x00000000         0x00000000         xw
usbram           0x00000000         0x00000000         xw
far_rom          0x00000000         0x00000000
*default*        0x00000000         0xffffffff

Linker script and memory map

LOAD /usr/lib/gcc/msp430/4.6.3/mmpy-16/crt0ivtbl16.o
                0x00002f0a                _stack = _end
LOAD udp-ph.o
LOAD build/sky/obj/contiki-main.o
LOAD build/sky/contiki-ng-sky.a
LOAD /usr/lib/gcc/msp430/4.6.3/mmpy-16/libgcc.a
LOAD /usr/lib/gcc/msp430/4.6.3/../../../../msp430/lib/mmpy-16/libc.a
LOAD /usr/lib/gcc/msp430/4.6.3/mmpy-16/libgcc.a
LOAD /usr/lib/gcc/msp430/4.6.3/mmpy-16/libcrt0.a
                0x00000080                PROVIDE (__info_segment_size, 0x80)
                0x00001000                PROVIDE (__infob, 0x1000)
                0x00001080                PROVIDE (__infoa, 0x1080)
                0x00000000                __IE1 = 0x0
                0x00000002                __IFG1 = 0x2
                0x00000004                __ME1 = 0x4
                0x00000001                __IE2 = 0x1
                0x00000003                __IFG2 = 0x3
                0x00000005                __ME2 = 0x5
                0x00000120                __WDTCTL = 0x120
                0x00000130                __MPY = 0x130
                0x00000132                __MPYS = 0x132
                0x00000134                __MAC = 0x134
                0x00000136                __MACS = 0x136
                0x00000138                __OP2 = 0x138
                0x0000013a                __RESLO = 0x13a
                0x0000013c                __RESHI = 0x13c
                0x0000013e                __SUMEXT = 0x13e
                0x00000020                __P1IN = 0x20
                0x00000021                __P1OUT = 0x21
                0x00000022                __P1DIR = 0x22
                0x00000023                __P1IFG = 0x23
                0x00000024                __P1IES = 0x24
                0x00000025                __P1IE = 0x25
                0x00000026                __P1SEL = 0x26
                0x00000028                __P2IN = 0x28
                0x00000029                __P2OUT = 0x29
                0x0000002a                __P2DIR = 0x2a
                0x0000002b                __P2IFG = 0x2b
                0x0000002c                __P2IES = 0x2c
                0x0000002d                __P2IE = 0x2d
                0x0000002e                __P2SEL = 0x2e
                0x00000018                __P3IN = 0x18
                0x00000019                __P3OUT = 0x19
                0x0000001a                __P3DIR = 0x1a
                0x0000001b                __P3SEL = 0x1b
                0x0000001c                __P4IN = 0x1c
                0x0000001d                __P4OUT = 0x1d
                0x0000001e                __P4DIR = 0x1e
                0x0000001f                __P4SEL = 0x1f
                0x00000030                __P5IN = 0x30
                0x00000031                __P5OUT = 0x31
                0x00000032                __P5DIR = 0x32
                0x00000033                __P5SEL = 0x33
                0x00000034                __P6IN = 0x34
                0x00000035                __P6OUT = 0x35
                0x00000036                __P6DIR = 0x36
                0x00000037                __P6SEL = 0x37
                0x00000070                __U0CTL = 0x70
                0x00000071                __U0TCTL = 0x71
                0x00000072                __U0RCTL = 0x72
                0x00000073                __U0MCTL = 0x73
                0x00000074                __U0BR0 = 0x74
                0x00000075                __U0BR1 = 0x75
                0x00000076                __U0RXBUF = 0x76
                0x00000077                __U0TXBUF = 0x77
                0x00000078                __U1CTL = 0x78
                0x00000079                __U1TCTL = 0x79
                0x0000007a                __U1RCTL = 0x7a
                0x0000007b                __U1MCTL = 0x7b
                0x0000007c                __U1BR0 = 0x7c
                0x0000007d                __U1BR1 = 0x7d
                0x0000007e                __U1RXBUF = 0x7e
                0x0000007f                __U1TXBUF = 0x7f
                0x00000050                __I2CIE = 0x50
                0x00000051                __I2CIFG = 0x51
                0x00000052                __I2CNDAT = 0x52
                0x00000071                __I2CTCTL = 0x71
                0x00000072                __I2CDCTL = 0x72
                0x00000073                __I2CPSC = 0x73
                0x00000074                __I2CSCLH = 0x74
                0x00000075                __I2CSCLL = 0x75
                0x00000076                __I2CDRB = 0x76
                0x00000076                __I2CDRW = 0x76
                0x00000118                __I2COA = 0x118
                0x0000011a                __I2CSA = 0x11a
                0x0000011c                __I2CIV = 0x11c
                0x0000012e                __TAIV = 0x12e
                0x00000160                __TACTL = 0x160
                0x00000162                __TACCTL0 = 0x162
                0x00000164                __TACCTL1 = 0x164
                0x00000166                __TACCTL2 = 0x166
                0x00000170                __TAR = 0x170
                0x00000172                __TACCR0 = 0x172
                0x00000174                __TACCR1 = 0x174
                0x00000176                __TACCR2 = 0x176
                0x0000011e                __TBIV = 0x11e
                0x00000180                __TBCTL = 0x180
                0x00000182                __TBCCTL0 = 0x182
                0x00000184                __TBCCTL1 = 0x184
                0x00000186                __TBCCTL2 = 0x186
                0x00000188                __TBCCTL3 = 0x188
                0x0000018a                __TBCCTL4 = 0x18a
                0x0000018c                __TBCCTL5 = 0x18c
                0x0000018e                __TBCCTL6 = 0x18e
                0x00000190                __TBR = 0x190
                0x00000192                __TBCCR0 = 0x192
                0x00000194                __TBCCR1 = 0x194
                0x00000196                __TBCCR2 = 0x196
                0x00000198                __TBCCR3 = 0x198
                0x0000019a                __TBCCR4 = 0x19a
                0x0000019c                __TBCCR5 = 0x19c
                0x0000019e                __TBCCR6 = 0x19e
                0x00000056                __DCOCTL = 0x56
                0x00000057                __BCSCTL1 = 0x57
                0x00000058                __BCSCTL2 = 0x58
                0x00000055                __SVSCTL = 0x55
                0x00000128                __FCTL1 = 0x128
                0x0000012a                __FCTL2 = 0x12a
                0x0000012c                __FCTL3 = 0x12c
                0x00000059                __CACTL1 = 0x59
                0x0000005a                __CACTL2 = 0x5a
                0x0000005b                __CAPD = 0x5b
                0x000001a0                __ADC12CTL0 = 0x1a0
                0x000001a2                __ADC12CTL1 = 0x1a2
                0x000001a4                __ADC12IFG = 0x1a4
                0x000001a6                __ADC12IE = 0x1a6
                0x000001a8                __ADC12IV = 0x1a8
                0x00000140                __ADC12MEM0 = 0x140
                0x00000142                __ADC12MEM1 = 0x142
                0x00000144                __ADC12MEM2 = 0x144
                0x00000146                __ADC12MEM3 = 0x146
                0x00000148                __ADC12MEM4 = 0x148
                0x0000014a                __ADC12MEM5 = 0x14a
                0x0000014c                __ADC12MEM6 = 0x14c
                0x0000014e                __ADC12MEM7 = 0x14e
                0x00000150                __ADC12MEM8 = 0x150
                0x00000152                __ADC12MEM9 = 0x152
                0x00000154                __ADC12MEM10 = 0x154
                0x00000156                __ADC12MEM11 = 0x156
                0x00000158                __ADC12MEM12 = 0x158
                0x0000015a                __ADC12MEM13 = 0x15a
                0x0000015c                __ADC12MEM14 = 0x15c
                0x0000015e                __ADC12MEM15 = 0x15e
                0x00000080                __ADC12MCTL0 = 0x80
                0x00000081                __ADC12MCTL1 = 0x81
                0x00000082                __ADC12MCTL2 = 0x82
                0x00000083                __ADC12MCTL3 = 0x83
                0x00000084                __ADC12MCTL4 = 0x84
                0x00000085                __ADC12MCTL5 = 0x85
                0x00000086                __ADC12MCTL6 = 0x86
                0x00000087                __ADC12MCTL7 = 0x87
                0x00000088                __ADC12MCTL8 = 0x88
                0x00000089                __ADC12MCTL9 = 0x89
                0x0000008a                __ADC12MCTL10 = 0x8a
                0x0000008b                __ADC12MCTL11 = 0x8b
                0x0000008c                __ADC12MCTL12 = 0x8c
                0x0000008d                __ADC12MCTL13 = 0x8d
                0x0000008e                __ADC12MCTL14 = 0x8e
                0x0000008f                __ADC12MCTL15 = 0x8f
                0x000001c0                __DAC12_0CTL = 0x1c0
                0x000001c2                __DAC12_1CTL = 0x1c2
                0x000001c8                __DAC12_0DAT = 0x1c8
                0x000001ca                __DAC12_1DAT = 0x1ca
                0x00000122                __DMACTL0 = 0x122
                0x00000124                __DMACTL1 = 0x124
                0x000001e0                __DMA0CTL = 0x1e0
                0x000001e8                __DMA1CTL = 0x1e8
                0x000001f0                __DMA2CTL = 0x1f0
                0x000001e2                __DMA0SA = 0x1e2
                0x000001e4                __DMA0DA = 0x1e4
                0x000001e6                __DMA0SZ = 0x1e6
                0x000001ea                __DMA1SA = 0x1ea
                0x000001ec                __DMA1DA = 0x1ec
                0x000001ee                __DMA1SZ = 0x1ee
                0x000001f2                __DMA2SA = 0x1f2
                0x000001f4                __DMA2DA = 0x1f4
                0x000001f6                __DMA2SZ = 0x1f6

.hash
 *(.hash)

.dynsym
 *(.dynsym)

.dynstr
 *(.dynstr)

.gnu.version
 *(.gnu.version)

.gnu.version_d
 *(.gnu.version_d)

.gnu.version_r
 *(.gnu.version_r)

.rel.init
 *(.rel.init)

.rela.init
 *(.rela.init)

.rel.fini
 *(.rel.fini)

.rela.fini
 *(.rela.fini)

.rel.text
 *(.rel.text .rel.text.* .rel.gnu.linkonce.t.*)

.rela.text
 *(.rela.text .rela.text.* .rela.gnu.linkonce.t.*)

.rel.rodata
 *(.rel.rodata .rel.rodata.* .rel.gnu.linkonce.r.*)

.rela.rodata
 *(.rela.rodata .rela.rodata.* .rela.gnu.linkonce.r.*)

.rel.data
 *(.rel.data .rel.data.* .rel.gnu.linkonce.d.*)

.rela.data
 *(.rela.data .rela.data.* .rela.gnu.linkonce.d.*)

.rel.bss
 *(.rel.bss .rel.bss.* .rel.gnu.linkonce.b.*)

.rela.bss
 *(.rela.bss .rela.bss.* .rela.gnu.linkonce.b.*)

.rel.ctors
 *(.rel.ctors)

.rela.ctors
 *(.rela.ctors)

.rel.dtors
 *(.rel.dtors)

.rela.dtors
 *(.rela.dtors)

.rel.got
 *(.rel.got)

.rela.got
 *(.rela.got)

.rel.plt
 *(.rel.plt)

.rela.plt
 *(.rela.plt)

.text           0x00004000     0xb342
                0x00004000                . = ALIGN (0x2)
 *(.init .init.*)
 *(.init0)
 .init0         0x00004000        0x0 /usr/lib/gcc/msp430/4.6.3/mmpy-16/libcrt0.a(_reset_vector__.o)
                0x00004000                _reset_vector__
 *(.init1)
 .init1         0x00004000        0xc /usr/lib/gcc/msp430/4.6.3/mmpy-16/libcrt0.a(__watchdog_support.o)
                0x00004000                __watchdog_support
 *(.init2)
 .init2         0x0000400c        0x4 /usr/lib/gcc/msp430/4.6.3/mmpy-16/libcrt0.a(__init_stack.o)
                0x0000400c                __init_stack
 *(.init3)
 .init3         0x00004010        0x0 /usr/lib/gcc/msp430/4.6.3/mmpy-16/libcrt0.a(__low_level_init.o)
                0x00004010                __low_level_init
 *(.init4)
 .init4         0x00004010       0x18 /usr/lib/gcc/msp430/4.6.3/mmpy-16/libcrt0.a(_copy_data.o)
                0x00004010                __do_copy_data
 .init4         0x00004028       0x16 /usr/lib/gcc/msp430/4.6.3/mmpy-16/libcrt0.a(_clear_bss.o)
                0x00004028                __do_clear_bss
 *(.init5)
 *(.init6)
 *(.init7)
 *(.init8)
 *(.init9)
 .init9         0x0000403e      0x232 build/sky/obj/contiki-main.o
                0x0000403e                main
 *(.fini9)
 .fini9         0x00004270        0x0 /usr/lib/gcc/msp430/4.6.3/mmpy-16/libcrt0.a(__stop_progExec__.o)
                0x00004270                __stop_progExec__
 *(.fini8)
 *(.fini7)
 *(.fini6)
 *(.fini5)
 *(.fini4)
 *(.fini3)
 *(.fini2)
 *(.fini1)
 *(.fini0)
 .fini0         0x00004270        0x6 /usr/lib/gcc/msp430/4.6.3/mmpy-16/libcrt0.a(_endless_loop__.o)
                0x00004270                _endless_loop__
 *(.fini .fini.*)
                0x00004276                . = ALIGN (0x2)
                0x00004276                __ctors_start = .
 *(.ctors)
                0x00004276                __ctors_end = .
                0x00004276                __dtors_start = .
 *(.dtors)
                0x00004276                __dtors_end = .
                0x00004276                . = ALIGN (0x2)
 *(.text .text.* .gnu.linkonce.t.*)
 .text          0x00004276        0x4 /usr/lib/gcc/msp430/4.6.3/mmpy-16/crt0ivtbl16.o
                0x00004276                __isr_14
                0x00004276                __isr_11
                0x00004276                __isr_2
                0x00004276                __isr_7
                0x00004276                __isr_0
                0x00004276                __isr_8
                0x00004276                __isr_3
                0x00004276                __isr_12
                0x00004276                __isr_13
                0x00004276                __isr_9
 .text.udp_rx_callback
                0x0000427a       0x3e udp-ph.o
 .text.process_thread_udp_client_process
                0x000042b8      0x1ea udp-ph.o
 .text.serial_input_byte
                0x000044a2       0x36 udp-ph.o
                0x000044a2                serial_input_byte
 .text.status   0x000044d8       0x18 build/sky/contiki-ng-sky.a(sht11-sensor.o)
 .text.configure
                0x000044f0       0x40 build/sky/contiki-ng-sky.a(sht11-sensor.o)
 .text.value    0x00004530       0x2e build/sky/contiki-ng-sky.a(sht11-sensor.o)
 .text.handle_rxdma_timer
                0x0000455e       0x3a build/sky/contiki-ng-sky.a(uart1.o)
 .text.uart1_active
                0x00004598       0x1a build/sky/contiki-ng-sky.a(uart1.o)
                0x00004598                uart1_active
 .text.uart1_set_input
                0x000045b2       0x20 build/sky/contiki-ng-sky.a(uart1.o)
                0x000045b2                uart1_set_input
 .text.uart1_writeb
                0x000045d2       0x1a build/sky/contiki-ng-sky.a(uart1.o)
                0x000045d2                uart1_writeb
 .text.uart1_init
                0x000045ec       0xf6 build/sky/contiki-ng-sky.a(uart1.o)
                0x000045ec                uart1_init
 .text.putchar  0x000046e2       0x10 build/sky/contiki-ng-sky.a(uart1-putchar.o)
                0x000046e2                putchar
 .text.platform_init_stage_one
                0x000046f2       0x12 build/sky/contiki-ng-sky.a(platform.o)
                0x000046f2                platform_init_stage_one
 .text.platform_init_stage_two
                0x00004704       0x66 build/sky/contiki-ng-sky.a(platform.o)
                0x00004704                platform_init_stage_two
 .text.platform_init_stage_three
                0x0000476a       0x7a build/sky/contiki-ng-sky.a(platform.o)
                0x0000476a                platform_init_stage_three
 .text.platform_idle
                0x000047e4       0x54 build/sky/contiki-ng-sky.a(platform.o)
                0x000047e4                platform_idle
 .text.msp430_init_dco
                0x00004838       0x84 build/sky/contiki-ng-sky.a(msp430.o)
                0x00004838                msp430_init_dco
 .text.msp430_add_lpm_req
                0x000048bc        0xc build/sky/contiki-ng-sky.a(msp430.o)
                0x000048bc                msp430_add_lpm_req
 .text.msp430_cpu_init
                0x000048c8       0x2a build/sky/contiki-ng-sky.a(msp430.o)
                0x000048c8                msp430_cpu_init
 .text.splhigh_
                0x000048f2        0x8 build/sky/contiki-ng-sky.a(msp430.o)
                0x000048f2                splhigh_
 .text.msp430_sync_dco
                0x000048fa       0x68 build/sky/contiki-ng-sky.a(msp430.o)
                0x000048fa                msp430_sync_dco
 .text.timera1  0x00004962       0xdc build/sky/contiki-ng-sky.a(clock.o)
                0x00004962                __isr_5
                0x00004962                timera1
 .text.clock_time
                0x00004a3e       0x1a build/sky/contiki-ng-sky.a(clock.o)
                0x00004a3e                clock_time
 .text.clock_init
                0x00004a58       0x28 build/sky/contiki-ng-sky.a(clock.o)
                0x00004a58                clock_init
 .text.clock_delay
                0x00004a80        0xc build/sky/contiki-ng-sky.a(clock.o)
                0x00004a80                clock_delay
 .text.clock_wait
                0x00004a8c       0x34 build/sky/contiki-ng-sky.a(clock.o)
                0x00004a8c                clock_wait
 .text.clock_seconds
                0x00004ac0       0x1a build/sky/contiki-ng-sky.a(clock.o)
                0x00004ac0                clock_seconds
 .text.leds_init
                0x00004ada        0x6 build/sky/contiki-ng-sky.a(leds.o)
                0x00004ada                leds_init
 .text.leds_on  0x00004ae0       0x12 build/sky/contiki-ng-sky.a(leds.o)
                0x00004ae0                leds_on
 .text.leds_off
                0x00004af2       0x12 build/sky/contiki-ng-sky.a(leds.o)
                0x00004af2                leds_off
 .text.leds_arch_init
                0x00004b04        0xe build/sky/contiki-ng-sky.a(leds-arch.o)
                0x00004b04                leds_arch_init
 .text.leds_arch_get
                0x00004b12       0x36 build/sky/contiki-ng-sky.a(leds-arch.o)
                0x00004b12                leds_arch_get
 .text.leds_arch_set
                0x00004b48       0x40 build/sky/contiki-ng-sky.a(leds-arch.o)
                0x00004b48                leds_arch_set
 .text.watchdog_interrupt
                0x00004b88        0x6 build/sky/contiki-ng-sky.a(watchdog.o)
                0x00004b88                __isr_10
                0x00004b88                watchdog_interrupt
 .text.watchdog_start
                0x00004b8e       0x14 build/sky/contiki-ng-sky.a(watchdog.o)
                0x00004b8e                watchdog_start
 .text.watchdog_periodic
                0x00004ba2       0x12 build/sky/contiki-ng-sky.a(watchdog.o)
                0x00004ba2                watchdog_periodic
 .text.watchdog_stop
                0x00004bb4       0x16 build/sky/contiki-ng-sky.a(watchdog.o)
                0x00004bb4                watchdog_stop
 .text.watchdog_init
                0x00004bca       0x14 build/sky/contiki-ng-sky.a(watchdog.o)
                0x00004bca                watchdog_init
 .text.timera0  0x00004bde       0x2e build/sky/contiki-ng-sky.a(rtimer-arch.o)
                0x00004bde                __isr_6
                0x00004bde                timera0
 .text.rtimer_arch_init
                0x00004c0c        0xe build/sky/contiki-ng-sky.a(rtimer-arch.o)
                0x00004c0c                rtimer_arch_init
 .text.rtimer_arch_now
                0x00004c1a        0xe build/sky/contiki-ng-sky.a(rtimer-arch.o)
                0x00004c1a                rtimer_arch_now
 .text.rtimer_arch_schedule
                0x00004c28        0x6 build/sky/contiki-ng-sky.a(rtimer-arch.o)
                0x00004c28                rtimer_arch_schedule
 .text.autostart_start
                0x00004c2e       0x16 build/sky/contiki-ng-sky.a(autostart.o)
                0x00004c2e                autostart_start
 .text.energest_init
                0x00004c44        0x2 build/sky/contiki-ng-sky.a(energest.o)
                0x00004c44                energest_init
 .text.energest_flush
                0x00004c46        0x2 build/sky/contiki-ng-sky.a(energest.o)
                0x00004c46                energest_flush
 .text.update_time
                0x00004c48       0x78 build/sky/contiki-ng-sky.a(etimer.o)
 .text.etimer_request_poll
                0x00004cc0        0xa build/sky/contiki-ng-sky.a(etimer.o)
                0x00004cc0                etimer_request_poll
 .text.process_thread_etimer_process
                0x00004cca       0xc8 build/sky/contiki-ng-sky.a(etimer.o)
 .text.add_timer
                0x00004d92       0x40 build/sky/contiki-ng-sky.a(etimer.o)
 .text.etimer_set
                0x00004dd2       0x12 build/sky/contiki-ng-sky.a(etimer.o)
                0x00004dd2                etimer_set
 .text.etimer_reset
                0x00004de4       0x12 build/sky/contiki-ng-sky.a(etimer.o)
                0x00004de4                etimer_reset
 .text.etimer_expired
                0x00004df6        0xe build/sky/contiki-ng-sky.a(etimer.o)
                0x00004df6                etimer_expired
 .text.etimer_pending
                0x00004e04        0xc build/sky/contiki-ng-sky.a(etimer.o)
                0x00004e04                etimer_pending
 .text.etimer_next_expiration_time
                0x00004e10       0x16 build/sky/contiki-ng-sky.a(etimer.o)
                0x00004e10                etimer_next_expiration_time
 .text.etimer_stop
                0x00004e26       0x3c build/sky/contiki-ng-sky.a(etimer.o)
                0x00004e26                etimer_stop
 .text.log_6addr
                0x00004e62       0x32 build/sky/contiki-ng-sky.a(log.o)
                0x00004e62                log_6addr
 .text.log_lladdr
                0x00004e94       0x44 build/sky/contiki-ng-sky.a(log.o)
                0x00004e94                log_lladdr
 .text.process_thread_ctimer_process
                0x00004ed8       0xa4 build/sky/contiki-ng-sky.a(ctimer.o)
 .text.ctimer_init
                0x00004f7c       0x18 build/sky/contiki-ng-sky.a(ctimer.o)
                0x00004f7c                ctimer_init
 .text.ctimer_set_with_process
                0x00004f94       0x4e build/sky/contiki-ng-sky.a(ctimer.o)
                0x00004f94                ctimer_set_with_process
 .text.ctimer_set
                0x00004fe2       0x10 build/sky/contiki-ng-sky.a(ctimer.o)
                0x00004fe2                ctimer_set
 .text.ctimer_reset
                0x00004ff2       0x30 build/sky/contiki-ng-sky.a(ctimer.o)
                0x00004ff2                ctimer_reset
 .text.ctimer_stop
                0x00005022       0x28 build/sky/contiki-ng-sky.a(ctimer.o)
                0x00005022                ctimer_stop
 .text.ctimer_expired
                0x0000504a       0x32 build/sky/contiki-ng-sky.a(ctimer.o)
                0x0000504a                ctimer_expired
 .text.rtimer_init
                0x0000507c        0x6 build/sky/contiki-ng-sky.a(rtimer.o)
                0x0000507c                rtimer_init
 .text.rtimer_run_next
                0x00005082       0x26 build/sky/contiki-ng-sky.a(rtimer.o)
                0x00005082                rtimer_run_next
 .text.node_id_init
                0x000050a8       0x14 build/sky/contiki-ng-sky.a(node-id.o)
                0x000050a8                node_id_init
 .text.call_process
                0x000050bc       0x4a build/sky/contiki-ng-sky.a(process.o)
 .text.exit_process
                0x00005106       0x96 build/sky/contiki-ng-sky.a(process.o)
 .text.do_poll  0x0000519c       0x30 build/sky/contiki-ng-sky.a(process.o)
 .text.process_alloc_event
                0x000051cc        0xe build/sky/contiki-ng-sky.a(process.o)
                0x000051cc                process_alloc_event
 .text.process_init
                0x000051da       0x18 build/sky/contiki-ng-sky.a(process.o)
                0x000051da                process_init
 .text.process_run
                0x000051f2       0x92 build/sky/contiki-ng-sky.a(process.o)
                0x000051f2                process_run
 .text.process_nevents
                0x00005284        0xe build/sky/contiki-ng-sky.a(process.o)
                0x00005284                process_nevents
 .text.process_post
                0x00005292       0x42 build/sky/contiki-ng-sky.a(process.o)
                0x00005292                process_post
 .text.process_post_synch
                0x000052d4       0x12 build/sky/contiki-ng-sky.a(process.o)
                0x000052d4                process_post_synch
 .text.process_start
                0x000052e6       0x32 build/sky/contiki-ng-sky.a(process.o)
                0x000052e6                process_start
 .text.process_poll
                0x00005318       0x18 build/sky/contiki-ng-sky.a(process.o)
                0x00005318                process_poll
 .text.timer_set
                0x00005330       0x1c build/sky/contiki-ng-sky.a(timer.o)
                0x00005330                timer_set
 .text.timer_expired
                0x0000534c       0x2a build/sky/contiki-ng-sky.a(timer.o)
                0x0000534c                timer_expired
 .text.timer_reset
                0x00005376       0x1c build/sky/contiki-ng-sky.a(timer.o)
                0x00005376                timer_reset
 .text.stack_check_init
                0x00005392       0x2e build/sky/contiki-ng-sky.a(stack-check.o)
                0x00005392                stack_check_init
 .text.stack_check_get_usage
                0x000053c0       0x5a build/sky/contiki-ng-sky.a(stack-check.o)
                0x000053c0                stack_check_get_usage
 .text.process_thread_stack_check_process
                0x0000541a       0xec build/sky/contiki-ng-sky.a(stack-check.o)
 .text.list_init
                0x00005506        0x6 build/sky/contiki-ng-sky.a(list.o)
                0x00005506                list_init
 .text.list_head
                0x0000550c        0x4 build/sky/contiki-ng-sky.a(list.o)
                0x0000550c                list_head
 .text.list_tail
                0x00005510       0x12 build/sky/contiki-ng-sky.a(list.o)
                0x00005510                list_tail
 .text.list_remove
                0x00005522       0x34 build/sky/contiki-ng-sky.a(list.o)
                0x00005522                list_remove
 .text.list_push
                0x00005556       0x1a build/sky/contiki-ng-sky.a(list.o)
                0x00005556                list_push
 .text.list_add
                0x00005570       0x2a build/sky/contiki-ng-sky.a(list.o)
                0x00005570                list_add
 .text.list_length
                0x0000559a       0x10 build/sky/contiki-ng-sky.a(list.o)
                0x0000559a                list_length
 .text.list_item_next
                0x000055aa        0xc build/sky/contiki-ng-sky.a(list.o)
                0x000055aa                list_item_next
 .text.random_init
                0x000055b6        0x6 build/sky/contiki-ng-sky.a(random.o)
                0x000055b6                random_init
 .text.random_rand
                0x000055bc        0x6 build/sky/contiki-ng-sky.a(random.o)
                0x000055bc                random_rand
 .text.process_thread_serial_line_process
                0x000055c2       0xa2 build/sky/contiki-ng-sky.a(serial-line.o)
 .text.serial_line_init
                0x00005664       0x1c build/sky/contiki-ng-sky.a(serial-line.o)
                0x00005664                serial_line_init
 .text.queuebuf_init
                0x00005680       0x12 build/sky/contiki-ng-sky.a(queuebuf.o)
                0x00005680                queuebuf_init
 .text.queuebuf_numfree
                0x00005692        0xa build/sky/contiki-ng-sky.a(queuebuf.o)
                0x00005692                queuebuf_numfree
 .text.queuebuf_new_from_packetbuf
                0x0000569c       0x52 build/sky/contiki-ng-sky.a(queuebuf.o)
                0x0000569c                queuebuf_new_from_packetbuf
 .text.queuebuf_update_attr_from_packetbuf
                0x000056ee       0x12 build/sky/contiki-ng-sky.a(queuebuf.o)
                0x000056ee                queuebuf_update_attr_from_packetbuf
 .text.queuebuf_free
                0x00005700       0x2a build/sky/contiki-ng-sky.a(queuebuf.o)
                0x00005700                queuebuf_free
 .text.queuebuf_to_packetbuf
                0x0000572a       0x32 build/sky/contiki-ng-sky.a(queuebuf.o)
                0x0000572a                queuebuf_to_packetbuf
 .text.packetbuf_hdrreduce
                0x0000575c       0x1a build/sky/contiki-ng-sky.a(packetbuf.o)
                0x0000575c                packetbuf_hdrreduce
 .text.packetbuf_set_datalen
                0x00005776        0x6 build/sky/contiki-ng-sky.a(packetbuf.o)
                0x00005776                packetbuf_set_datalen
 .text.packetbuf_hdrptr
                0x0000577c        0x6 build/sky/contiki-ng-sky.a(packetbuf.o)
                0x0000577c                packetbuf_hdrptr
 .text.packetbuf_datalen
                0x00005782        0x6 build/sky/contiki-ng-sky.a(packetbuf.o)
                0x00005782                packetbuf_datalen
 .text.packetbuf_hdrlen
                0x00005788        0xa build/sky/contiki-ng-sky.a(packetbuf.o)
                0x00005788                packetbuf_hdrlen
 .text.packetbuf_dataptr
                0x00005792        0xc build/sky/contiki-ng-sky.a(packetbuf.o)
                0x00005792                packetbuf_dataptr
 .text.packetbuf_copyto
                0x0000579e       0x46 build/sky/contiki-ng-sky.a(packetbuf.o)
                0x0000579e                packetbuf_copyto
 .text.packetbuf_totlen
                0x000057e4        0xc build/sky/contiki-ng-sky.a(packetbuf.o)
                0x000057e4                packetbuf_totlen
 .text.packetbuf_hdralloc
                0x000057f0       0x3a build/sky/contiki-ng-sky.a(packetbuf.o)
                0x000057f0                packetbuf_hdralloc
 .text.packetbuf_attr_clear
                0x0000582a       0x28 build/sky/contiki-ng-sky.a(packetbuf.o)
                0x0000582a                packetbuf_attr_clear
 .text.packetbuf_clear
                0x00005852       0x12 build/sky/contiki-ng-sky.a(packetbuf.o)
                0x00005852                packetbuf_clear
 .text.packetbuf_copyfrom
                0x00005864       0x2e build/sky/contiki-ng-sky.a(packetbuf.o)
                0x00005864                packetbuf_copyfrom
 .text.packetbuf_attr_copyto
                0x00005892       0x22 build/sky/contiki-ng-sky.a(packetbuf.o)
                0x00005892                packetbuf_attr_copyto
 .text.packetbuf_attr_copyfrom
                0x000058b4       0x24 build/sky/contiki-ng-sky.a(packetbuf.o)
                0x000058b4                packetbuf_attr_copyfrom
 .text.packetbuf_set_attr
                0x000058d8        0xc build/sky/contiki-ng-sky.a(packetbuf.o)
                0x000058d8                packetbuf_set_attr
 .text.packetbuf_attr
                0x000058e4        0xa build/sky/contiki-ng-sky.a(packetbuf.o)
                0x000058e4                packetbuf_attr
 .text.packetbuf_set_addr
                0x000058ee       0x18 build/sky/contiki-ng-sky.a(packetbuf.o)
                0x000058ee                packetbuf_set_addr
 .text.packetbuf_addr
                0x00005906       0x12 build/sky/contiki-ng-sky.a(packetbuf.o)
                0x00005906                packetbuf_addr
 .text.packetbuf_holds_broadcast
                0x00005918        0xe build/sky/contiki-ng-sky.a(packetbuf.o)
                0x00005918                packetbuf_holds_broadcast
 .text.netstack_process_ip_callback
                0x00005926       0x52 build/sky/contiki-ng-sky.a(netstack.o)
                0x00005926                netstack_process_ip_callback
 .text.netstack_init
                0x00005978        0xe build/sky/contiki-ng-sky.a(netstack.o)
                0x00005978                netstack_init
 .text.linkaddr_copy
                0x00005986        0x8 build/sky/contiki-ng-sky.a(linkaddr.o)
                0x00005986                linkaddr_copy
 .text.linkaddr_cmp
                0x0000598e       0x12 build/sky/contiki-ng-sky.a(linkaddr.o)
                0x0000598e                linkaddr_cmp
 .text.linkaddr_set_node_addr
                0x000059a0        0xc build/sky/contiki-ng-sky.a(linkaddr.o)
                0x000059a0                linkaddr_set_node_addr
 .text.on       0x000059ac        0x6 build/sky/contiki-ng-sky.a(csma.o)
 .text.off      0x000059b2        0x6 build/sky/contiki-ng-sky.a(csma.o)
 .text.max_payload
                0x000059b8       0x38 build/sky/contiki-ng-sky.a(csma.o)
 .text.send_packet
                0x000059f0        0x6 build/sky/contiki-ng-sky.a(csma.o)
 .text.input_packet
                0x000059f6       0x54 build/sky/contiki-ng-sky.a(csma.o)
 .text.init     0x00005a4a       0x1c build/sky/contiki-ng-sky.a(csma.o)
 .text.schedule_transmission
                0x00005a66       0x72 build/sky/contiki-ng-sky.a(csma-output.o)
 .text.tx_done  0x00005ad8       0x9a build/sky/contiki-ng-sky.a(csma-output.o)
 .text.transmit_from_queue
                0x00005b72      0x1ae build/sky/contiki-ng-sky.a(csma-output.o)
 .text.csma_output_packet
                0x00005d20      0x180 build/sky/contiki-ng-sky.a(csma-output.o)
                0x00005d20                csma_output_packet
 .text.csma_output_init
                0x00005ea0       0x1a build/sky/contiki-ng-sky.a(csma-output.o)
                0x00005ea0                csma_output_init
 .text.uip_ds6_default_prefix
                0x00005eba        0x6 build/sky/contiki-ng-sky.a(uip-ds6.o)
                0x00005eba                uip_ds6_default_prefix
 .text.uip_ds6_list_loop
                0x00005ec0       0x92 build/sky/contiki-ng-sky.a(uip-ds6.o)
                0x00005ec0                uip_ds6_list_loop
 .text.uip_ds6_prefix_add
                0x00005f52       0x80 build/sky/contiki-ng-sky.a(uip-ds6.o)
                0x00005f52                uip_ds6_prefix_add
 .text.uip_ds6_is_addr_onlink
                0x00005fd2       0x54 build/sky/contiki-ng-sky.a(uip-ds6.o)
                0x00005fd2                uip_ds6_is_addr_onlink
 .text.uip_ds6_addr_lookup
                0x00006026       0x2a build/sky/contiki-ng-sky.a(uip-ds6.o)
                0x00006026                uip_ds6_addr_lookup
 .text.uip_ds6_get_link_local
                0x00006050       0x3e build/sky/contiki-ng-sky.a(uip-ds6.o)
                0x00006050                uip_ds6_get_link_local
 .text.uip_ds6_maddr_add
                0x0000608e       0x4c build/sky/contiki-ng-sky.a(uip-ds6.o)
                0x0000608e                uip_ds6_maddr_add
 .text.uip_ds6_addr_add
                0x000060da       0xc4 build/sky/contiki-ng-sky.a(uip-ds6.o)
                0x000060da                uip_ds6_addr_add
 .text.uip_ds6_maddr_lookup
                0x0000619e       0x2a build/sky/contiki-ng-sky.a(uip-ds6.o)
                0x0000619e                uip_ds6_maddr_lookup
 .text.uip_ds6_addr_rm
                0x000061c8       0x54 build/sky/contiki-ng-sky.a(uip-ds6.o)
                0x000061c8                uip_ds6_addr_rm
 .text.uip_ds6_periodic
                0x0000621c       0x46 build/sky/contiki-ng-sky.a(uip-ds6.o)
                0x0000621c                uip_ds6_periodic
 .text.uip_ds6_set_addr_iid
                0x00006262       0x14 build/sky/contiki-ng-sky.a(uip-ds6.o)
                0x00006262                uip_ds6_set_addr_iid
 .text.uip_ds6_set_lladdr_from_iid
                0x00006276       0x14 build/sky/contiki-ng-sky.a(uip-ds6.o)
                0x00006276                uip_ds6_set_lladdr_from_iid
 .text.get_match_length
                0x0000628a       0x3e build/sky/contiki-ng-sky.a(uip-ds6.o)
                0x0000628a                get_match_length
 .text.uip_ds6_select_src
                0x000062c8       0xaa build/sky/contiki-ng-sky.a(uip-ds6.o)
                0x000062c8                uip_ds6_select_src
 .text.uip_ds6_compute_reachable_time
                0x00006372       0x3e build/sky/contiki-ng-sky.a(uip-ds6.o)
                0x00006372                uip_ds6_compute_reachable_time
 .text.uip_ds6_init
                0x000063b0      0x164 build/sky/contiki-ng-sky.a(uip-ds6.o)
                0x000063b0                uip_ds6_init
 .text.uip_ds6_route_init
                0x00006514       0x12 build/sky/contiki-ng-sky.a(uip-ds6-route.o)
                0x00006514                uip_ds6_route_init
 .text.uip_ds6_route_nexthop
                0x00006526        0x4 build/sky/contiki-ng-sky.a(uip-ds6-route.o)
                0x00006526                uip_ds6_route_nexthop
 .text.uip_ds6_route_lookup
                0x0000652a        0x4 build/sky/contiki-ng-sky.a(uip-ds6-route.o)
                0x0000652a                uip_ds6_route_lookup
 .text.uip_ds6_route_rm
                0x0000652e        0x2 build/sky/contiki-ng-sky.a(uip-ds6-route.o)
                0x0000652e                uip_ds6_route_rm
 .text.uip_ds6_defrt_rm
                0x00006530       0x3c build/sky/contiki-ng-sky.a(uip-ds6-route.o)
                0x00006530                uip_ds6_defrt_rm
 .text.uip_ds6_defrt_lookup
                0x0000656c       0x3e build/sky/contiki-ng-sky.a(uip-ds6-route.o)
                0x0000656c                uip_ds6_defrt_lookup
 .text.uip_ds6_defrt_add
                0x000065aa       0x72 build/sky/contiki-ng-sky.a(uip-ds6-route.o)
                0x000065aa                uip_ds6_defrt_add
 .text.uip_ds6_defrt_choose
                0x0000661c       0x3a build/sky/contiki-ng-sky.a(uip-ds6-route.o)
                0x0000661c                uip_ds6_defrt_choose
 .text.uip_ds6_defrt_periodic
                0x00006656       0x38 build/sky/contiki-ng-sky.a(uip-ds6-route.o)
                0x00006656                uip_ds6_defrt_periodic
 .text.uip_ds6_nbr_rm
                0x0000668e       0x1e build/sky/contiki-ng-sky.a(uip-ds6-nbr.o)
                0x0000668e                uip_ds6_nbr_rm
 .text.uip_ds6_neighbors_init
                0x000066ac       0x12 build/sky/contiki-ng-sky.a(uip-ds6-nbr.o)
                0x000066ac                uip_ds6_neighbors_init
 .text.uip_ds6_nbr_add
                0x000066be       0x3e build/sky/contiki-ng-sky.a(uip-ds6-nbr.o)
                0x000066be                uip_ds6_nbr_add
 .text.uip_ds6_nbr_get_ll
                0x000066fc        0xc build/sky/contiki-ng-sky.a(uip-ds6-nbr.o)
                0x000066fc                uip_ds6_nbr_get_ll
 .text.uip_ds6_nbr_head
                0x00006708        0xa build/sky/contiki-ng-sky.a(uip-ds6-nbr.o)
                0x00006708                uip_ds6_nbr_head
 .text.uip_ds6_nbr_next
                0x00006712        0xc build/sky/contiki-ng-sky.a(uip-ds6-nbr.o)
                0x00006712                uip_ds6_nbr_next
 .text.uip_ds6_nbr_lookup
                0x0000671e       0x38 build/sky/contiki-ng-sky.a(uip-ds6-nbr.o)
                0x0000671e                uip_ds6_nbr_lookup
 .text.uip_ds6_nbr_ll_lookup
                0x00006756        0xc build/sky/contiki-ng-sky.a(uip-ds6-nbr.o)
                0x00006756                uip_ds6_nbr_ll_lookup
 .text.uip_ds6_nbr_update_ll
                0x00006762       0x76 build/sky/contiki-ng-sky.a(uip-ds6-nbr.o)
                0x00006762                uip_ds6_nbr_update_ll
 .text.uip_ds6_nbr_ipaddr_from_lladdr
                0x000067d8        0x6 build/sky/contiki-ng-sky.a(uip-ds6-nbr.o)
                0x000067d8                uip_ds6_nbr_ipaddr_from_lladdr
 .text.uip_ds6_nbr_lladdr_from_ipaddr
                0x000067de       0x12 build/sky/contiki-ng-sky.a(uip-ds6-nbr.o)
                0x000067de                uip_ds6_nbr_lladdr_from_ipaddr
 .text.uip_ds6_link_callback
                0x000067f0        0x2 build/sky/contiki-ng-sky.a(uip-ds6-nbr.o)
                0x000067f0                uip_ds6_link_callback
 .text.tcpip_output
                0x000067f2       0x22 build/sky/contiki-ng-sky.a(tcpip.o)
                0x000067f2                tcpip_output
 .text.udp_new  0x00006814       0x1a build/sky/contiki-ng-sky.a(tcpip.o)
                0x00006814                udp_new
 .text.tcpip_input
                0x0000682e       0x1e build/sky/contiki-ng-sky.a(tcpip.o)
                0x0000682e                tcpip_input
 .text.tcpip_ipv6_output
                0x0000684c      0x10a build/sky/contiki-ng-sky.a(tcpip.o)
                0x0000684c                tcpip_ipv6_output
 .text.packet_input.part.4
                0x00006956       0x12 build/sky/contiki-ng-sky.a(tcpip.o)
 .text.process_thread_tcpip_process
                0x00006968       0xc8 build/sky/contiki-ng-sky.a(tcpip.o)
 .text.tcpip_uipcall
                0x00006a30       0x2a build/sky/contiki-ng-sky.a(tcpip.o)
                0x00006a30                tcpip_uipcall
 .text.chksum   0x00006a5a       0x32 build/sky/contiki-ng-sky.a(uip6.o)
 .text.upper_layer_chksum
                0x00006a8c       0x5a build/sky/contiki-ng-sky.a(uip6.o)
 .text.unlikely.ext_hdr_options_process
                0x00006ae6       0xb4 build/sky/contiki-ng-sky.a(uip6.o)
 .text.unlikely.uip_update_ttl
                0x00006b9a       0x24 build/sky/contiki-ng-sky.a(uip6.o)
 .text.uip_icmp6chksum
                0x00006bbe        0xa build/sky/contiki-ng-sky.a(uip6.o)
                0x00006bbe                uip_icmp6chksum
 .text.uip_udpchksum
                0x00006bc8        0xa build/sky/contiki-ng-sky.a(uip6.o)
                0x00006bc8                uip_udpchksum
 .text.uip_init
                0x00006bd2       0x3c build/sky/contiki-ng-sky.a(uip6.o)
                0x00006bd2                uip_init
 .text.uip_remove_ext_hdr
                0x00006c0e       0x5e build/sky/contiki-ng-sky.a(uip6.o)
                0x00006c0e                uip_remove_ext_hdr
 .text.uip_udp_new
                0x00006c6c       0xaa build/sky/contiki-ng-sky.a(uip6.o)
                0x00006c6c                uip_udp_new
 .text.uip_process
                0x00006d16      0x514 build/sky/contiki-ng-sky.a(uip6.o)
                0x00006d16                uip_process
 .text.uip_htonl
                0x0000722a       0x2e build/sky/contiki-ng-sky.a(uip6.o)
                0x0000722a                uip_htonl
 .text.ns_input
                0x00007258      0x282 build/sky/contiki-ng-sky.a(uip-nd6.o)
 .text.uip_nd6_init
                0x000074da        0xa build/sky/contiki-ng-sky.a(uip-nd6.o)
                0x000074da                uip_nd6_init
 .text.process_thread_simple_udp_process
                0x000074e4       0xba build/sky/contiki-ng-sky.a(simple-udp.o)
 .text.simple_udp_sendto
                0x0000759e       0x30 build/sky/contiki-ng-sky.a(simple-udp.o)
                0x0000759e                simple_udp_sendto
 .text.simple_udp_register
                0x000075ce       0x9e build/sky/contiki-ng-sky.a(simple-udp.o)
                0x000075ce                simple_udp_register
 .text.clear_fragments
                0x0000766c       0x42 build/sky/contiki-ng-sky.a(sicslowpan.o)
 .text.addr_context_lookup_by_number
                0x000076ae       0x1a build/sky/contiki-ng-sky.a(sicslowpan.o)
 .text.sicslowpan_init
                0x000076c8       0x18 build/sky/contiki-ng-sky.a(sicslowpan.o)
                0x000076c8                sicslowpan_init
 .text.set_packet_attrs
                0x000076e0       0x66 build/sky/contiki-ng-sky.a(sicslowpan.o)
 .text.compress_addr_64
                0x00007746       0xae build/sky/contiki-ng-sky.a(sicslowpan.o)
 .text.addr_context_lookup_by_prefix
                0x000077f4       0x24 build/sky/contiki-ng-sky.a(sicslowpan.o)
 .text.send_packet
                0x00007818       0x1a build/sky/contiki-ng-sky.a(sicslowpan.o)
 .text.packet_sent
                0x00007832       0x56 build/sky/contiki-ng-sky.a(sicslowpan.o)
 .text.store_fragment
                0x00007888       0xbe build/sky/contiki-ng-sky.a(sicslowpan.o)
 .text.add_fragment
                0x00007946      0x200 build/sky/contiki-ng-sky.a(sicslowpan.o)
 .text.uncompress_addr
                0x00007b46       0xb4 build/sky/contiki-ng-sky.a(sicslowpan.o)
 .text.fragment_copy_payload_and_send
                0x00007bfa       0x64 build/sky/contiki-ng-sky.a(sicslowpan.o)
 .text.output   0x00007c5e      0x806 build/sky/contiki-ng-sky.a(sicslowpan.o)
 .text.input    0x00008464      0xd54 build/sky/contiki-ng-sky.a(sicslowpan.o)
 .text.sicslowpan_get_last_rssi
                0x000091b8        0x6 build/sky/contiki-ng-sky.a(sicslowpan.o)
                0x000091b8                sicslowpan_get_last_rssi
 .text.uiplib_ipaddr_snprint
                0x000091be      0x12a build/sky/contiki-ng-sky.a(uiplib.o)
                0x000091be                uiplib_ipaddr_snprint
 .text.rpl_has_joined
                0x000092e8       0x16 build/sky/contiki-ng-sky.a(rpl.o)
                0x000092e8                rpl_has_joined
 .text.rpl_is_reachable
                0x000092fe       0x16 build/sky/contiki-ng-sky.a(rpl.o)
                0x000092fe                rpl_is_reachable
 .text.neighbor_state_changed
                0x00009314        0x2 build/sky/contiki-ng-sky.a(rpl.o)
 .text.drop_route
                0x00009316        0x2 build/sky/contiki-ng-sky.a(rpl.o)
 .text.rpl_get_leaf_only
                0x00009318        0x6 build/sky/contiki-ng-sky.a(rpl.o)
                0x00009318                rpl_get_leaf_only
 .text.get_sr_node_ipaddr
                0x0000931e       0x34 build/sky/contiki-ng-sky.a(rpl.o)
 .text.init     0x00009352       0x42 build/sky/contiki-ng-sky.a(rpl.o)
 .text.set_ip_from_prefix
                0x00009394       0x38 build/sky/contiki-ng-sky.a(rpl.o)
 .text.rpl_link_callback
                0x000093cc       0x1e build/sky/contiki-ng-sky.a(rpl.o)
                0x000093cc                rpl_link_callback
 .text.rpl_lollipop_greater_than
                0x000093ea       0x44 build/sky/contiki-ng-sky.a(rpl.o)
                0x000093ea                rpl_lollipop_greater_than
 .text.rpl_get_global_address
                0x0000942e       0xba build/sky/contiki-ng-sky.a(rpl.o)
                0x0000942e                rpl_get_global_address
 .text.rpl_reset_prefix
                0x000094e8       0x24 build/sky/contiki-ng-sky.a(rpl.o)
                0x000094e8                rpl_reset_prefix
 .text.rpl_set_prefix_from_addr
                0x0000950c       0x92 build/sky/contiki-ng-sky.a(rpl.o)
                0x0000950c                rpl_set_prefix_from_addr
 .text.init_dag
                0x0000959e       0x80 build/sky/contiki-ng-sky.a(rpl-dag.o)
 .text.init_dag_from_dio
                0x0000961e       0x94 build/sky/contiki-ng-sky.a(rpl-dag.o)
 .text.rpl_dag_get_root_ipaddr
                0x000096b2       0x22 build/sky/contiki-ng-sky.a(rpl-dag.o)
                0x000096b2                rpl_dag_get_root_ipaddr
 .text.rpl_dag_leave
                0x000096d4       0x4c build/sky/contiki-ng-sky.a(rpl-dag.o)
                0x000096d4                rpl_dag_leave
 .text.rpl_dag_poison_and_leave
                0x00009720        0xc build/sky/contiki-ng-sky.a(rpl-dag.o)
                0x00009720                rpl_dag_poison_and_leave
 .text.rpl_dag_periodic
                0x0000972c       0x6a build/sky/contiki-ng-sky.a(rpl-dag.o)
                0x0000972c                rpl_dag_periodic
 .text.rpl_is_addr_in_our_dag
                0x00009796       0x34 build/sky/contiki-ng-sky.a(rpl-dag.o)
                0x00009796                rpl_is_addr_in_our_dag
 .text.rpl_local_repair
                0x000097ca       0x2a build/sky/contiki-ng-sky.a(rpl-dag.o)
                0x000097ca                rpl_local_repair
 .text.rpl_global_repair
                0x000097f4       0x2e build/sky/contiki-ng-sky.a(rpl-dag.o)
                0x000097f4                rpl_global_repair
 .text.rpl_dag_ready_to_advertise
                0x00009822       0x26 build/sky/contiki-ng-sky.a(rpl-dag.o)
                0x00009822                rpl_dag_ready_to_advertise
 .text.rpl_dag_update_state
                0x00009848      0x140 build/sky/contiki-ng-sky.a(rpl-dag.o)
                0x00009848                rpl_dag_update_state
 .text.rpl_process_dio
                0x00009988      0x1ea build/sky/contiki-ng-sky.a(rpl-dag.o)
                0x00009988                rpl_process_dio
 .text.rpl_process_dis
                0x00009b72       0x2a build/sky/contiki-ng-sky.a(rpl-dag.o)
                0x00009b72                rpl_process_dis
 .text.rpl_process_dao
                0x00009b9c       0x66 build/sky/contiki-ng-sky.a(rpl-dag.o)
                0x00009b9c                rpl_process_dao
 .text.rpl_process_dao_ack
                0x00009c02       0x54 build/sky/contiki-ng-sky.a(rpl-dag.o)
                0x00009c02                rpl_process_dao_ack
 .text.rpl_process_hbh
                0x00009c56       0x2e build/sky/contiki-ng-sky.a(rpl-dag.o)
                0x00009c56                rpl_process_hbh
 .text.rpl_dag_init_root
                0x00009c84       0xbc build/sky/contiki-ng-sky.a(rpl-dag.o)
                0x00009c84                rpl_dag_init_root
 .text.rpl_dag_init
                0x00009d40       0x10 build/sky/contiki-ng-sky.a(rpl-dag.o)
                0x00009d40                rpl_dag_init
 .text.rpl_dag_root_set_prefix
                0x00009d50       0x62 build/sky/contiki-ng-sky.a(rpl-dag-root.o)
                0x00009d50                rpl_dag_root_set_prefix
 .text.rpl_dag_root_start
                0x00009db2       0x8c build/sky/contiki-ng-sky.a(rpl-dag-root.o)
                0x00009db2                rpl_dag_root_start
 .text.rpl_dag_root_is_root
                0x00009e3e       0x18 build/sky/contiki-ng-sky.a(rpl-dag-root.o)
                0x00009e3e                rpl_dag_root_is_root
 .text.init_platform
                0x00009e56        0xc build/sky/contiki-ng-sky.a(contiki-sky-pla)
                0x00009e56                init_platform
 .text.crc8_add
                0x00009e62       0x1c build/sky/contiki-ng-sky.a(sht11.o)
 .text.sstart   0x00009e7e       0x3e build/sky/contiki-ng-sky.a(sht11.o)
 .text.swrite   0x00009ebc       0x52 build/sky/contiki-ng-sky.a(sht11.o)
 .text.sread    0x00009f0e       0x4e build/sky/contiki-ng-sky.a(sht11.o)
 .text.sreset   0x00009f5c       0x2a build/sky/contiki-ng-sky.a(sht11.o)
 .text.scmd.part.0
                0x00009f86       0xb0 build/sky/contiki-ng-sky.a(sht11.o)
 .text.sht11_init
                0x0000a036       0x1a build/sky/contiki-ng-sky.a(sht11.o)
                0x0000a036                sht11_init
 .text.sht11_off
                0x0000a050       0x14 build/sky/contiki-ng-sky.a(sht11.o)
                0x0000a050                sht11_off
 .text.sht11_temp
                0x0000a064        0xa build/sky/contiki-ng-sky.a(sht11.o)
                0x0000a064                sht11_temp
 .text.sht11_humidity
                0x0000a06e        0xa build/sky/contiki-ng-sky.a(sht11.o)
                0x0000a06e                sht11_humidity
 .text.sht11_sreg
                0x0000a078       0x7a build/sky/contiki-ng-sky.a(sht11.o)
                0x0000a078                sht11_sreg
 .text.status   0x0000a0f2       0x16 build/sky/contiki-ng-sky.a(button-sensor.o)
 .text.configure
                0x0000a108       0x52 build/sky/contiki-ng-sky.a(button-sensor.o)
 .text.value    0x0000a15a       0x22 build/sky/contiki-ng-sky.a(button-sensor.o)
 .text.irq_p2   0x0000a17c       0x48 build/sky/contiki-ng-sky.a(button-sensor.o)
                0x0000a17c                irq_p2
                0x0000a17c                __isr_1
 .text.owreadb  0x0000a1c4       0x52 build/sky/contiki-ng-sky.a(ds2411.o)
 .text.ds2411_init
                0x0000a216      0x122 build/sky/contiki-ng-sky.a(ds2411.o)
                0x0000a216                ds2411_init
 .text.xmem_init
                0x0000a338       0x3e build/sky/contiki-ng-sky.a(xmem.o)
                0x0000a338                xmem_init
 .text.process_thread_sensors_process
                0x0000a376       0xbe build/sky/contiki-ng-sky.a(sensors.o)
 .text.sensors_changed
                0x0000a434       0x2a build/sky/contiki-ng-sky.a(sensors.o)
                0x0000a434                sensors_changed
 .text.get_object
                0x0000a45e        0x4 build/sky/contiki-ng-sky.a(cc2420.o)
 .text.set_object
                0x0000a462        0x4 build/sky/contiki-ng-sky.a(cc2420.o)
 .text.strobe   0x0000a466       0x20 build/sky/contiki-ng-sky.a(cc2420.o)
 .text.getreg   0x0000a486       0x54 build/sky/contiki-ng-sky.a(cc2420.o)
 .text.setreg   0x0000a4da       0x52 build/sky/contiki-ng-sky.a(cc2420.o)
 .text.write_ram
                0x0000a52c       0x80 build/sky/contiki-ng-sky.a(cc2420.o)
 .text.write_fifo_buf
                0x0000a5ac       0x40 build/sky/contiki-ng-sky.a(cc2420.o)
 .text.get_status
                0x0000a5ec       0x24 build/sky/contiki-ng-sky.a(cc2420.o)
 .text.on       0x0000a610       0x1a build/sky/contiki-ng-sky.a(cc2420.o)
 .text.cc2420_receiving_packet
                0x0000a62a        0xe build/sky/contiki-ng-sky.a(cc2420.o)
 .text.pending_packet
                0x0000a638        0x8 build/sky/contiki-ng-sky.a(cc2420.o)
 .text.wait_for_transmission
                0x0000a640       0x22 build/sky/contiki-ng-sky.a(cc2420.o)
 .text.wait_for_status
                0x0000a662       0x2a build/sky/contiki-ng-sky.a(cc2420.o)
 .text.getrxdata
                0x0000a68c       0x56 build/sky/contiki-ng-sky.a(cc2420.o)
 .text.flushrx  0x0000a6e2       0x1a build/sky/contiki-ng-sky.a(cc2420.o)
 .text.off      0x0000a6fc       0x2c build/sky/contiki-ng-sky.a(cc2420.o)
 .text.RELEASE_LOCK
                0x0000a728       0x28 build/sky/contiki-ng-sky.a(cc2420.o)
 .text.set_key  0x0000a750       0x18 build/sky/contiki-ng-sky.a(cc2420.o)
 .text.set_frame_filtering
                0x0000a768       0x30 build/sky/contiki-ng-sky.a(cc2420.o)
 .text.set_auto_ack
                0x0000a798       0x30 build/sky/contiki-ng-sky.a(cc2420.o)
 .text.set_poll_mode
                0x0000a7c8       0x36 build/sky/contiki-ng-sky.a(cc2420.o)
 .text.cc2420_prepare
                0x0000a7fe       0x46 build/sky/contiki-ng-sky.a(cc2420.o)
 .text.cc2420_on
                0x0000a844       0x22 build/sky/contiki-ng-sky.a(cc2420.o)
                0x0000a844                cc2420_on
 .text.cc2420_transmit
                0x0000a866       0x66 build/sky/contiki-ng-sky.a(cc2420.o)
 .text.cc2420_send
                0x0000a8cc       0x12 build/sky/contiki-ng-sky.a(cc2420.o)
 .text.cc2420_off
                0x0000a8de       0x30 build/sky/contiki-ng-sky.a(cc2420.o)
                0x0000a8de                cc2420_off
 .text.cc2420_cca
                0x0000a90e       0x5e build/sky/contiki-ng-sky.a(cc2420.o)
 .text.cc2420_read
                0x0000a96c       0xc2 build/sky/contiki-ng-sky.a(cc2420.o)
 .text.process_thread_cc2420_process
                0x0000aa2e       0x5e build/sky/contiki-ng-sky.a(cc2420.o)
 .text.encrypt  0x0000aa8c       0x8e build/sky/contiki-ng-sky.a(cc2420.o)
 .text.cc2420_set_channel
                0x0000ab1a       0x3c build/sky/contiki-ng-sky.a(cc2420.o)
                0x0000ab1a                cc2420_set_channel
 .text.cc2420_set_pan_addr
                0x0000ab56       0x4c build/sky/contiki-ng-sky.a(cc2420.o)
                0x0000ab56                cc2420_set_pan_addr
 .text.cc2420_interrupt
                0x0000aba2       0x18 build/sky/contiki-ng-sky.a(cc2420.o)
                0x0000aba2                cc2420_interrupt
 .text.cc2420_set_txpower
                0x0000abba       0x2e build/sky/contiki-ng-sky.a(cc2420.o)
                0x0000abba                cc2420_set_txpower
 .text.cc2420_get_txpower
                0x0000abe8       0x1e build/sky/contiki-ng-sky.a(cc2420.o)
                0x0000abe8                cc2420_get_txpower
 .text.cc2420_rssi
                0x0000ac06       0x4c build/sky/contiki-ng-sky.a(cc2420.o)
                0x0000ac06                cc2420_rssi
 .text.get_value
                0x0000ac52      0x122 build/sky/contiki-ng-sky.a(cc2420.o)
 .text.cc2420_set_cca_threshold
                0x0000ad74       0x16 build/sky/contiki-ng-sky.a(cc2420.o)
                0x0000ad74                cc2420_set_cca_threshold
 .text.set_value
                0x0000ad8a      0x152 build/sky/contiki-ng-sky.a(cc2420.o)
 .text.cc2420_init
                0x0000aedc       0xf0 build/sky/contiki-ng-sky.a(cc2420.o)
                0x0000aedc                cc2420_init
 .text.cc2420_port1_interrupt
                0x0000afcc       0x20 build/sky/contiki-ng-sky.a(cc2420-arch.o)
                0x0000afcc                __isr_4
                0x0000afcc                cc2420_port1_interrupt
 .text.cc2420_arch_init
                0x0000afec       0x1a build/sky/contiki-ng-sky.a(cc2420-arch.o)
                0x0000afec                cc2420_arch_init
 .text.stimer_set
                0x0000b006       0x1c build/sky/contiki-ng-sky.a(stimer.o)
                0x0000b006                stimer_set
 .text.stimer_expired
                0x0000b022       0x30 build/sky/contiki-ng-sky.a(stimer.o)
                0x0000b022                stimer_expired
 .text.memb_init
                0x0000b052       0x36 build/sky/contiki-ng-sky.a(memb.o)
                0x0000b052                memb_init
 .text.memb_alloc
                0x0000b088       0x3e build/sky/contiki-ng-sky.a(memb.o)
                0x0000b088                memb_alloc
 .text.memb_free
                0x0000b0c6       0x32 build/sky/contiki-ng-sky.a(memb.o)
                0x0000b0c6                memb_free
 .text.memb_inmemb
                0x0000b0f8       0x2e build/sky/contiki-ng-sky.a(memb.o)
                0x0000b0f8                memb_inmemb
 .text.memb_numfree
                0x0000b126       0x26 build/sky/contiki-ng-sky.a(memb.o)
                0x0000b126                memb_numfree
 .text.ringbuf_init
                0x0000b14c       0x14 build/sky/contiki-ng-sky.a(ringbuf.o)
                0x0000b14c                ringbuf_init
 .text.ringbuf_get
                0x0000b160       0x34 build/sky/contiki-ng-sky.a(ringbuf.o)
                0x0000b160                ringbuf_get
 .text.index_from_key
                0x0000b194       0x48 build/sky/contiki-ng-sky.a(nbr-table.o)
 .text.item_from_key
                0x0000b1dc       0x34 build/sky/contiki-ng-sky.a(nbr-table.o)
 .text.nbr_set_bit
                0x0000b210       0x8e build/sky/contiki-ng-sky.a(nbr-table.o)
 .text.index_from_lladdr
                0x0000b29e       0x42 build/sky/contiki-ng-sky.a(nbr-table.o)
 .text.nbr_get_bit.constprop.0
                0x0000b2e0       0x62 build/sky/contiki-ng-sky.a(nbr-table.o)
 .text.nbr_table_is_registered
                0x0000b342       0x26 build/sky/contiki-ng-sky.a(nbr-table.o)
                0x0000b342                nbr_table_is_registered
 .text.nbr_table_register
                0x0000b368       0x42 build/sky/contiki-ng-sky.a(nbr-table.o)
                0x0000b368                nbr_table_register
 .text.nbr_table_next
                0x0000b3aa       0x90 build/sky/contiki-ng-sky.a(nbr-table.o)
                0x0000b3aa                nbr_table_next
 .text.nbr_table_head
                0x0000b43a       0x36 build/sky/contiki-ng-sky.a(nbr-table.o)
                0x0000b43a                nbr_table_head
 .text.nbr_table_add_lladdr
                0x0000b470      0x180 build/sky/contiki-ng-sky.a(nbr-table.o)
                0x0000b470                nbr_table_add_lladdr
 .text.nbr_table_get_from_lladdr
                0x0000b5f0       0x48 build/sky/contiki-ng-sky.a(nbr-table.o)
                0x0000b5f0                nbr_table_get_from_lladdr
 .text.nbr_table_remove
                0x0000b638       0x32 build/sky/contiki-ng-sky.a(nbr-table.o)
                0x0000b638                nbr_table_remove
 .text.nbr_table_lock
                0x0000b66a       0x10 build/sky/contiki-ng-sky.a(nbr-table.o)
                0x0000b66a                nbr_table_lock
 .text.nbr_table_unlock
                0x0000b67a       0x10 build/sky/contiki-ng-sky.a(nbr-table.o)
                0x0000b67a                nbr_table_unlock
 .text.nbr_table_get_lladdr
                0x0000b68a       0x5a build/sky/contiki-ng-sky.a(nbr-table.o)
                0x0000b68a                nbr_table_get_lladdr
 .text.periodic
                0x0000b6e4       0x28 build/sky/contiki-ng-sky.a(link-stats.o)
 .text.link_stats_from_lladdr
                0x0000b70c        0xc build/sky/contiki-ng-sky.a(link-stats.o)
                0x0000b70c                link_stats_from_lladdr
 .text.link_stats_is_fresh
                0x0000b718       0x2e build/sky/contiki-ng-sky.a(link-stats.o)
                0x0000b718                link_stats_is_fresh
 .text.guess_etx_from_rssi
                0x0000b746       0x42 build/sky/contiki-ng-sky.a(link-stats.o)
                0x0000b746                guess_etx_from_rssi
 .text.link_stats_packet_sent
                0x0000b788       0xe2 build/sky/contiki-ng-sky.a(link-stats.o)
                0x0000b788                link_stats_packet_sent
 .text.link_stats_input_callback
                0x0000b86a       0xb6 build/sky/contiki-ng-sky.a(link-stats.o)
                0x0000b86a                link_stats_input_callback
 .text.link_stats_reset
                0x0000b920       0x2a build/sky/contiki-ng-sky.a(link-stats.o)
                0x0000b920                link_stats_reset
 .text.link_stats_init
                0x0000b94a       0x22 build/sky/contiki-ng-sky.a(link-stats.o)
                0x0000b94a                link_stats_init
 .text.mac_sequence_is_duplicate
                0x0000b96c       0x78 build/sky/contiki-ng-sky.a(mac-sequence.o)
                0x0000b96c                mac_sequence_is_duplicate
 .text.mac_sequence_register_seqno
                0x0000b9e4       0x98 build/sky/contiki-ng-sky.a(mac-sequence.o)
                0x0000b9e4                mac_sequence_register_seqno
 .text.mac_call_sent_callback
                0x0000ba7c       0x14 build/sky/contiki-ng-sky.a(mac.o)
                0x0000ba7c                mac_call_sent_callback
 .text.parse    0x0000ba90       0xa0 build/sky/contiki-ng-sky.a(framer-802154.o)
 .text.framer_802154_setup_params
                0x0000bb30       0xb8 build/sky/contiki-ng-sky.a(framer-802154.o)
                0x0000bb30                framer_802154_setup_params
 .text.create_frame
                0x0000bbe8       0xde build/sky/contiki-ng-sky.a(framer-802154.o)
 .text.create   0x0000bcc6        0x8 build/sky/contiki-ng-sky.a(framer-802154.o)
 .text.hdr_length
                0x0000bcce        0x8 build/sky/contiki-ng-sky.a(framer-802154.o)
 .text.frame802154_get_pan_id
                0x0000bcd6        0x6 build/sky/contiki-ng-sky.a(frame802154.o)
                0x0000bcd6                frame802154_get_pan_id
 .text.frame802154_has_panid
                0x0000bcdc       0xdc build/sky/contiki-ng-sky.a(frame802154.o)
                0x0000bcdc                frame802154_has_panid
 .text.field_len
                0x0000bdb8       0xb2 build/sky/contiki-ng-sky.a(frame802154.o)
 .text.frame802154_is_broadcast_addr
                0x0000be6a       0x24 build/sky/contiki-ng-sky.a(frame802154.o)
                0x0000be6a                frame802154_is_broadcast_addr
 .text.frame802154_hdrlen
                0x0000be8e       0x32 build/sky/contiki-ng-sky.a(frame802154.o)
                0x0000be8e                frame802154_hdrlen
 .text.frame802154_create_fcf
                0x0000bec0       0x96 build/sky/contiki-ng-sky.a(frame802154.o)
                0x0000bec0                frame802154_create_fcf
 .text.frame802154_create
                0x0000bf56       0xe4 build/sky/contiki-ng-sky.a(frame802154.o)
                0x0000bf56                frame802154_create
 .text.frame802154_parse_fcf
                0x0000c03a       0xbe build/sky/contiki-ng-sky.a(frame802154.o)
                0x0000c03a                frame802154_parse_fcf
 .text.frame802154_parse
                0x0000c0f8      0x18c build/sky/contiki-ng-sky.a(frame802154.o)
                0x0000c0f8                frame802154_parse
 .text.csma_security_create_frame
                0x0000c284       0x10 build/sky/contiki-ng-sky.a(csma-security.o)
                0x0000c284                csma_security_create_frame
 .text.csma_security_parse_frame
                0x0000c294        0x6 build/sky/contiki-ng-sky.a(csma-security.o)
                0x0000c294                csma_security_parse_frame
 .text.uipbuf_add_ext_hdr
                0x0000c29a       0x1c build/sky/contiki-ng-sky.a(uipbuf.o)
                0x0000c29a                uipbuf_add_ext_hdr
 .text.uipbuf_set_len
                0x0000c2b6       0x12 build/sky/contiki-ng-sky.a(uipbuf.o)
                0x0000c2b6                uipbuf_set_len
 .text.uipbuf_set_len_field
                0x0000c2c8        0xe build/sky/contiki-ng-sky.a(uipbuf.o)
                0x0000c2c8                uipbuf_set_len_field
 .text.uipbuf_get_len_field
                0x0000c2d6        0xe build/sky/contiki-ng-sky.a(uipbuf.o)
                0x0000c2d6                uipbuf_get_len_field
 .text.uipbuf_get_next_header
                0x0000c2e4       0x62 build/sky/contiki-ng-sky.a(uipbuf.o)
                0x0000c2e4                uipbuf_get_next_header
 .text.uipbuf_get_last_header
                0x0000c346       0x7a build/sky/contiki-ng-sky.a(uipbuf.o)
                0x0000c346                uipbuf_get_last_header
 .text.uipbuf_search_header
                0x0000c3c0       0x88 build/sky/contiki-ng-sky.a(uipbuf.o)
                0x0000c3c0                uipbuf_search_header
 .text.uipbuf_get_attr
                0x0000c448       0x14 build/sky/contiki-ng-sky.a(uipbuf.o)
                0x0000c448                uipbuf_get_attr
 .text.uipbuf_clear_attr
                0x0000c45c       0x12 build/sky/contiki-ng-sky.a(uipbuf.o)
                0x0000c45c                uipbuf_clear_attr
 .text.uipbuf_clear
                0x0000c46e       0x12 build/sky/contiki-ng-sky.a(uipbuf.o)
                0x0000c46e                uipbuf_clear
 .text.uipbuf_init
                0x0000c480       0x1a build/sky/contiki-ng-sky.a(uipbuf.o)
                0x0000c480                uipbuf_init
 .text.echo_reply_input
                0x0000c49a       0x68 build/sky/contiki-ng-sky.a(uip-icmp6.o)
 .text.echo_request_input
                0x0000c502       0x86 build/sky/contiki-ng-sky.a(uip-icmp6.o)
 .text.uip_icmp6_input
                0x0000c588       0x44 build/sky/contiki-ng-sky.a(uip-icmp6.o)
                0x0000c588                uip_icmp6_input
 .text.uip_icmp6_register_input_handler
                0x0000c5cc        0xc build/sky/contiki-ng-sky.a(uip-icmp6.o)
                0x0000c5cc                uip_icmp6_register_input_handler
 .text.uip_icmp6_error_output
                0x0000c5d8      0x146 build/sky/contiki-ng-sky.a(uip-icmp6.o)
                0x0000c5d8                uip_icmp6_error_output
 .text.uip_icmp6_send
                0x0000c71e       0x8e build/sky/contiki-ng-sky.a(uip-icmp6.o)
                0x0000c71e                uip_icmp6_send
 .text.uip_icmp6_init
                0x0000c7ac       0x12 build/sky/contiki-ng-sky.a(uip-icmp6.o)
                0x0000c7ac                uip_icmp6_init
 .text.uip_sr_get_node
                0x0000c7be       0x54 build/sky/contiki-ng-sky.a(uip-sr.o)
                0x0000c7be                uip_sr_get_node
 .text.uip_sr_is_addr_reachable
                0x0000c812       0x4e build/sky/contiki-ng-sky.a(uip-sr.o)
                0x0000c812                uip_sr_is_addr_reachable
 .text.uip_sr_expire_parent
                0x0000c860       0x56 build/sky/contiki-ng-sky.a(uip-sr.o)
                0x0000c860                uip_sr_expire_parent
 .text.uip_sr_update_node
                0x0000c8b6       0xbc build/sky/contiki-ng-sky.a(uip-sr.o)
                0x0000c8b6                uip_sr_update_node
 .text.uip_sr_init
                0x0000c972       0x16 build/sky/contiki-ng-sky.a(uip-sr.o)
                0x0000c972                uip_sr_init
 .text.uip_sr_periodic
                0x0000c988       0x9a build/sky/contiki-ng-sky.a(uip-sr.o)
                0x0000c988                uip_sr_periodic
 .text.uip_sr_free_all
                0x0000ca22       0x3c build/sky/contiki-ng-sky.a(uip-sr.o)
                0x0000ca22                uip_sr_free_all
 .text.uip_udp_packet_send
                0x0000ca5e       0x2a build/sky/contiki-ng-sky.a(uip-udp-packet.)
                0x0000ca5e                uip_udp_packet_send
 .text.uip_udp_packet_sendto
                0x0000ca88       0x66 build/sky/contiki-ng-sky.a(uip-udp-packet.)
                0x0000ca88                uip_udp_packet_sendto
 .text.get32    0x0000caee       0x46 build/sky/contiki-ng-sky.a(rpl-icmp6.o)
 .text.set32    0x0000cb34       0x2a build/sky/contiki-ng-sky.a(rpl-icmp6.o)
 .text.get16    0x0000cb5e        0xe build/sky/contiki-ng-sky.a(rpl-icmp6.o)
 .text.set16    0x0000cb6c       0x10 build/sky/contiki-ng-sky.a(rpl-icmp6.o)
 .text.dao_ack_input
                0x0000cb7c       0x2a build/sky/contiki-ng-sky.a(rpl-icmp6.o)
 .text.dao_input
                0x0000cba6      0x14c build/sky/contiki-ng-sky.a(rpl-icmp6.o)
 .text.dio_input
                0x0000ccf2      0x2a0 build/sky/contiki-ng-sky.a(rpl-icmp6.o)
 .text.dis_input
                0x0000cf92       0x1e build/sky/contiki-ng-sky.a(rpl-icmp6.o)
 .text.rpl_icmp6_update_nbr_table
                0x0000cfb0       0x36 build/sky/contiki-ng-sky.a(rpl-icmp6.o)
                0x0000cfb0                rpl_icmp6_update_nbr_table
 .text.rpl_icmp6_dis_output
                0x0000cfe6       0x34 build/sky/contiki-ng-sky.a(rpl-icmp6.o)
                0x0000cfe6                rpl_icmp6_dis_output
 .text.rpl_icmp6_dio_output
                0x0000d01a      0x232 build/sky/contiki-ng-sky.a(rpl-icmp6.o)
                0x0000d01a                rpl_icmp6_dio_output
 .text.rpl_icmp6_dao_output
                0x0000d24c       0xe4 build/sky/contiki-ng-sky.a(rpl-icmp6.o)
                0x0000d24c                rpl_icmp6_dao_output
 .text.rpl_icmp6_dao_ack_output
                0x0000d330       0x44 build/sky/contiki-ng-sky.a(rpl-icmp6.o)
                0x0000d330                rpl_icmp6_dao_ack_output
 .text.rpl_icmp6_init
                0x0000d374       0x22 build/sky/contiki-ng-sky.a(rpl-icmp6.o)
                0x0000d374                rpl_icmp6_init
 .text.acceptable_rank
                0x0000d396       0x3c build/sky/contiki-ng-sky.a(rpl-neighbor.o)
 .text.remove_neighbor
                0x0000d3d2       0x24 build/sky/contiki-ng-sky.a(rpl-neighbor.o)
 .text.rpl_neighbor_get_from_lladdr
                0x0000d3f6        0xc build/sky/contiki-ng-sky.a(rpl-neighbor.o)
                0x0000d3f6                rpl_neighbor_get_from_lladdr
 .text.rpl_neighbor_rank_via_nbr
                0x0000d402       0x1c build/sky/contiki-ng-sky.a(rpl-neighbor.o)
                0x0000d402                rpl_neighbor_rank_via_nbr
 .text.rpl_neighbor_get_lladdr
                0x0000d41e        0xc build/sky/contiki-ng-sky.a(rpl-neighbor.o)
                0x0000d41e                rpl_neighbor_get_lladdr
 .text.rpl_neighbor_get_ipaddr
                0x0000d42a        0xa build/sky/contiki-ng-sky.a(rpl-neighbor.o)
                0x0000d42a                rpl_neighbor_get_ipaddr
 .text.rpl_neighbor_get_link_stats
                0x0000d434        0xa build/sky/contiki-ng-sky.a(rpl-neighbor.o)
                0x0000d434                rpl_neighbor_get_link_stats
 .text.rpl_neighbor_is_fresh
                0x0000d43e        0xa build/sky/contiki-ng-sky.a(rpl-neighbor.o)
                0x0000d43e                rpl_neighbor_is_fresh
 .text.best_parent
                0x0000d448       0x72 build/sky/contiki-ng-sky.a(rpl-neighbor.o)
 .text.rpl_neighbor_is_parent
                0x0000d4ba       0x18 build/sky/contiki-ng-sky.a(rpl-neighbor.o)
                0x0000d4ba                rpl_neighbor_is_parent
 .text.rpl_neighbor_set_preferred_parent
                0x0000d4d2       0x48 build/sky/contiki-ng-sky.a(rpl-neighbor.o)
                0x0000d4d2                rpl_neighbor_set_preferred_parent
 .text.rpl_neighbor_remove_all
                0x0000d51a       0x30 build/sky/contiki-ng-sky.a(rpl-neighbor.o)
                0x0000d51a                rpl_neighbor_remove_all
 .text.rpl_neighbor_get_from_ipaddr
                0x0000d54a       0x14 build/sky/contiki-ng-sky.a(rpl-neighbor.o)
                0x0000d54a                rpl_neighbor_get_from_ipaddr
 .text.rpl_neighbor_select_best
                0x0000d55e       0x52 build/sky/contiki-ng-sky.a(rpl-neighbor.o)
                0x0000d55e                rpl_neighbor_select_best
 .text.rpl_neighbor_init
                0x0000d5b0        0xe build/sky/contiki-ng-sky.a(rpl-neighbor.o)
                0x0000d5b0                rpl_neighbor_init
 .text.handle_state_update
                0x0000d5be        0x6 build/sky/contiki-ng-sky.a(rpl-timers.o)
 .text.handle_leaving_timer
                0x0000d5c4        0xc build/sky/contiki-ng-sky.a(rpl-timers.o)
 .text.schedule_dao_retransmission
                0x0000d5d0       0x34 build/sky/contiki-ng-sky.a(rpl-timers.o)
 .text.new_dio_interval
                0x0000d604       0x8a build/sky/contiki-ng-sky.a(rpl-timers.o)
 .text.handle_unicast_dio_timer
                0x0000d68e       0x12 build/sky/contiki-ng-sky.a(rpl-timers.o)
 .text.send_new_dao
                0x0000d6a0       0x28 build/sky/contiki-ng-sky.a(rpl-timers.o)
 .text.resend_dao
                0x0000d6c8       0x24 build/sky/contiki-ng-sky.a(rpl-timers.o)
 .text.handle_dao_ack_timer
                0x0000d6ec       0x12 build/sky/contiki-ng-sky.a(rpl-timers.o)
 .text.handle_dio_timer
                0x0000d6fe       0x6e build/sky/contiki-ng-sky.a(rpl-timers.o)
 .text.rpl_timers_schedule_periodic_dis
                0x0000d76c       0x40 build/sky/contiki-ng-sky.a(rpl-timers.o)
                0x0000d76c                rpl_timers_schedule_periodic_dis
 .text.handle_periodic_timer
                0x0000d7ac       0x3a build/sky/contiki-ng-sky.a(rpl-timers.o)
 .text.handle_dis_timer
                0x0000d7e6       0x26 build/sky/contiki-ng-sky.a(rpl-timers.o)
 .text.rpl_timers_dio_reset
                0x0000d80c       0x2e build/sky/contiki-ng-sky.a(rpl-timers.o)
                0x0000d80c                rpl_timers_dio_reset
 .text.rpl_timers_schedule_unicast_dio
                0x0000d83a       0x20 build/sky/contiki-ng-sky.a(rpl-timers.o)
                0x0000d83a                rpl_timers_schedule_unicast_dio
 .text.rpl_timers_schedule_dao
                0x0000d85a       0x3a build/sky/contiki-ng-sky.a(rpl-timers.o)
                0x0000d85a                rpl_timers_schedule_dao
 .text.rpl_timers_schedule_dao_ack
                0x0000d894       0x34 build/sky/contiki-ng-sky.a(rpl-timers.o)
                0x0000d894                rpl_timers_schedule_dao_ack
 .text.rpl_timers_notify_dao_ack
                0x0000d8c8       0x74 build/sky/contiki-ng-sky.a(rpl-timers.o)
                0x0000d8c8                rpl_timers_notify_dao_ack
 .text.get_probing_delay
                0x0000d93c       0x1c build/sky/contiki-ng-sky.a(rpl-timers.o)
                0x0000d93c                get_probing_delay
 .text.get_probing_target
                0x0000d958       0xec build/sky/contiki-ng-sky.a(rpl-timers.o)
                0x0000d958                get_probing_target
 .text.rpl_schedule_probing
                0x0000da44       0x20 build/sky/contiki-ng-sky.a(rpl-timers.o)
                0x0000da44                rpl_schedule_probing
 .text.handle_probing_timer
                0x0000da64       0x2a build/sky/contiki-ng-sky.a(rpl-timers.o)
 .text.rpl_schedule_probing_now
                0x0000da8e       0x32 build/sky/contiki-ng-sky.a(rpl-timers.o)
                0x0000da8e                rpl_schedule_probing_now
 .text.rpl_timers_unschedule_leaving
                0x0000dac0       0x1c build/sky/contiki-ng-sky.a(rpl-timers.o)
                0x0000dac0                rpl_timers_unschedule_leaving
 .text.rpl_timers_schedule_leaving
                0x0000dadc       0x2a build/sky/contiki-ng-sky.a(rpl-timers.o)
                0x0000dadc                rpl_timers_schedule_leaving
 .text.rpl_timers_init
                0x0000db06       0x1c build/sky/contiki-ng-sky.a(rpl-timers.o)
                0x0000db06                rpl_timers_init
 .text.rpl_timers_stop_dag_timers
                0x0000db22       0x4c build/sky/contiki-ng-sky.a(rpl-timers.o)
                0x0000db22                rpl_timers_stop_dag_timers
 .text.rpl_timers_unschedule_state_update
                0x0000db6e       0x10 build/sky/contiki-ng-sky.a(rpl-timers.o)
                0x0000db6e                rpl_timers_unschedule_state_update
 .text.rpl_timers_schedule_state_update
                0x0000db7e       0x1c build/sky/contiki-ng-sky.a(rpl-timers.o)
                0x0000db7e                rpl_timers_schedule_state_update
 .text.update_hbh_header
                0x0000db9a       0x4e build/sky/contiki-ng-sky.a(rpl-ext-header.)
 .text.rpl_ext_header_srh_get_next_hop
                0x0000dbe8       0x86 build/sky/contiki-ng-sky.a(rpl-ext-header.)
                0x0000dbe8                rpl_ext_header_srh_get_next_hop
 .text.rpl_ext_header_srh_update
                0x0000dc6e      0x150 build/sky/contiki-ng-sky.a(rpl-ext-header.)
                0x0000dc6e                rpl_ext_header_srh_update
 .text.rpl_ext_header_hbh_update
                0x0000ddbe       0x98 build/sky/contiki-ng-sky.a(rpl-ext-header.)
                0x0000ddbe                rpl_ext_header_hbh_update
 .text.rpl_ext_header_remove
                0x0000de56      0x164 build/sky/contiki-ng-sky.a(rpl-ext-header.)
                0x0000de56                rpl_ext_header_remove
 .text.rpl_ext_header_update
                0x0000dfba      0x2c8 build/sky/contiki-ng-sky.a(rpl-ext-header.)
                0x0000dfba                rpl_ext_header_update
 .text.update_state
                0x0000e282       0x78 build/sky/contiki-ng-sky.a(rpl-nbr-policy.)
 .text.rpl_nbr_policy_find_removable
                0x0000e2fa       0x50 build/sky/contiki-ng-sky.a(rpl-nbr-policy.)
                0x0000e2fa                rpl_nbr_policy_find_removable
 .text.reset    0x0000e34a        0x2 build/sky/contiki-ng-sky.a(rpl-mrhof.o)
 .text.update_metric_container
                0x0000e34c        0x6 build/sky/contiki-ng-sky.a(rpl-mrhof.o)
 .text.nbr_link_metric
                0x0000e352       0x12 build/sky/contiki-ng-sky.a(rpl-mrhof.o)
 .text.nbr_has_usable_link
                0x0000e364       0x14 build/sky/contiki-ng-sky.a(rpl-mrhof.o)
 .text.nbr_path_cost
                0x0000e378       0x38 build/sky/contiki-ng-sky.a(rpl-mrhof.o)
 .text.within_hysteresis
                0x0000e3b0       0x5a build/sky/contiki-ng-sky.a(rpl-mrhof.o)
 .text.nbr_is_acceptable_parent
                0x0000e40a       0x2c build/sky/contiki-ng-sky.a(rpl-mrhof.o)
 .text.rank_via_nbr
                0x0000e436       0x48 build/sky/contiki-ng-sky.a(rpl-mrhof.o)
 .text.best_parent
                0x0000e47e       0x7e build/sky/contiki-ng-sky.a(rpl-mrhof.o)
 .text.spi_init
                0x0000e4fc       0x32 build/sky/contiki-ng-sky.a(spi-legacy.o)
                0x0000e4fc                spi_init
 .text.libgcc   0x0000e52e       0x2c /usr/lib/gcc/msp430/4.6.3/mmpy-16/libgcc.a(_mulsi3.o)
                0x0000e52e                __mulsi3
 .text.libgcc   0x0000e55a       0x22 /usr/lib/gcc/msp430/4.6.3/mmpy-16/libgcc.a(_udivmod16.o)
                0x0000e55a                __udivhi3
                0x0000e55a                __ext_udivmod16
                0x0000e574                __umodhi3
 .text.libgcc   0x0000e57c       0x3a /usr/lib/gcc/msp430/4.6.3/mmpy-16/libgcc.a(_divmod16.o)
                0x0000e57c                __ext_divmod16
                0x0000e57c                __divhi3
                0x0000e5ae                __modhi3
 .text.libgcc   0x0000e5b6       0x40 /usr/lib/gcc/msp430/4.6.3/mmpy-16/libgcc.a(_udivmod32.o)
                0x0000e5b6                __udivsi3
                0x0000e5b6                __ext_udivmod32
                0x0000e5ec                __umodsi3
 .text.libgcc   0x0000e5f6       0x4c /usr/lib/gcc/msp430/4.6.3/mmpy-16/libgcc.a(_divmod32.o)
                0x0000e5f6                __ext_divmod32
                0x0000e5f6                __divsi3
                0x0000e638                __modsi3
 .text          0x0000e642       0x20 /usr/lib/gcc/msp430/4.6.3/../../../../msp430/lib/mmpy-16/libc.a(memcmp.o)
                0x0000e642                memcmp
 .text          0x0000e662       0xfa /usr/lib/gcc/msp430/4.6.3/../../../../msp430/lib/mmpy-16/libc.a(memcpy.o)
                0x0000e662                memcpy
 .text          0x0000e75c       0xfa /usr/lib/gcc/msp430/4.6.3/../../../../msp430/lib/mmpy-16/libc.a(memmove.o)
                0x0000e75c                memmove
 .text          0x0000e856       0x6a /usr/lib/gcc/msp430/4.6.3/../../../../msp430/lib/mmpy-16/libc.a(memset.o)
                0x0000e856                memset
 .text          0x0000e8c0       0x1e /usr/lib/gcc/msp430/4.6.3/../../../../msp430/lib/mmpy-16/libc.a(printf.o)
                0x0000e8c0                printf
                0x0000e8d0                vprintf
 .text          0x0000e8de       0xbc /usr/lib/gcc/msp430/4.6.3/../../../../msp430/lib/mmpy-16/libc.a(sprintf.o)
                0x0000e93c                sprintf
                0x0000e958                snprintf
                0x0000e972                vsprintf
                0x0000e988                vsnprintf
 .text          0x0000e99a      0x836 /usr/lib/gcc/msp430/4.6.3/../../../../msp430/lib/mmpy-16/libc.a(vuprintf.o)
                0x0000eb32                vuprintf
 .text          0x0000f1d0       0x2c /usr/lib/gcc/msp430/4.6.3/../../../../msp430/lib/mmpy-16/libc.a(puts.o)
                0x0000f1d0                puts
 .text          0x0000f1fc       0x54 /usr/lib/gcc/msp430/4.6.3/../../../../msp430/lib/mmpy-16/libc.a(rand.o)
                0x0000f1fc                rand_r
                0x0000f220                rand
                0x0000f246                srand
 .text.libgcc   0x0000f250       0xf0 /usr/lib/gcc/msp430/4.6.3/mmpy-16/libgcc.a(_udivmod64.o)
                0x0000f250                __xabi_udivmod64
                0x0000f2ae                __udivdi3
                0x0000f2d4                __umoddi3
                0x0000f302                __udivmoddi4
 .text.crt0     0x0000f340        0x2 /usr/lib/gcc/msp430/4.6.3/mmpy-16/libcrt0.a(_unexpected_.o)
                0x0000f340                _unexpected_
                0x0000f342                . = ALIGN (0x2)

.rodata         0x0000f342      0x57c
                0x0000f342                . = ALIGN (0x2)
 *(.rodata .rodata.* .gnu.linkonce.r.*)
 .rodata        0x0000f342       0xa6 udp-ph.o
                0x0000f3d8                autostart_processes
 .rodata        0x0000f3e8       0xf3 build/sky/obj/contiki-main.o
 *fill*         0x0000f4db        0x1 00
 .rodata        0x0000f4dc        0xe build/sky/contiki-ng-sky.a(sht11-sensor.o)
                0x0000f4e2                sht11_sensor
 .rodata        0x0000f4ea       0x31 build/sky/contiki-ng-sky.a(platform.o)
 .rodata        0x0000f51b        0xc build/sky/contiki-ng-sky.a(etimer.o)
 *fill*         0x0000f527        0x1 00
 .rodata        0x0000f528       0xb6 build/sky/contiki-ng-sky.a(log.o)
 .rodata        0x0000f5de        0xf build/sky/contiki-ng-sky.a(ctimer.o)
 .rodata        0x0000f5ed       0x6a build/sky/contiki-ng-sky.a(stack-check.o)
 .rodata        0x0000f657        0xe build/sky/contiki-ng-sky.a(serial-line.o)
 *fill*         0x0000f665        0x1 00
 .rodata        0x0000f666        0x8 build/sky/contiki-ng-sky.a(linkaddr.o)
                0x0000f666                linkaddr_null
 .rodata        0x0000f66e       0x14 build/sky/contiki-ng-sky.a(csma.o)
                0x0000f674                csma_driver
 .rodata        0x0000f682        0xd build/sky/contiki-ng-sky.a(tcpip.o)
 .rodata        0x0000f68f       0x13 build/sky/contiki-ng-sky.a(simple-udp.o)
 .rodata        0x0000f6a2       0x26 build/sky/contiki-ng-sky.a(sicslowpan.o)
                0x0000f6ae                sicslowpan_driver
                0x0000f6b6                llprefix
                0x0000f6b8                unc_mxconf
                0x0000f6bc                unc_ctxconf
                0x0000f6c0                unc_llconf
 .rodata        0x0000f6c8       0x2d build/sky/contiki-ng-sky.a(uiplib.o)
 *fill*         0x0000f6f5        0x1 00
 .rodata        0x0000f6f6       0x34 build/sky/contiki-ng-sky.a(rpl.o)
                0x0000f700                rpl_lite_driver
 .rodata        0x0000f72a       0xe0 build/sky/contiki-ng-sky.a(rpl-dag.o)
 .rodata        0x0000f80a       0x10 build/sky/contiki-ng-sky.a(button-sensor.o)
                0x0000f812                button_sensor
 .rodata        0x0000f81a        0x8 build/sky/contiki-ng-sky.a(sensors.o)
 .rodata        0x0000f822       0x80 build/sky/contiki-ng-sky.a(cc2420.o)
                0x0000f864                cc2420_aes_128_driver
                0x0000f868                cc2420_driver
 .rodata        0x0000f8a2        0x6 build/sky/contiki-ng-sky.a(framer-802154.o)
                0x0000f8a2                framer_802154
 .rodata        0x0000f8a8        0x2 build/sky/contiki-ng-sky.a(frame802154.o)
 .rodata        0x0000f8aa        0xc build/sky/contiki-ng-sky.a(rpl-timers.o)
 .rodata        0x0000f8b6        0x7 /usr/lib/gcc/msp430/4.6.3/../../../../msp430/lib/mmpy-16/libc.a(vuprintf.o)
                0x0000f8be                . = ALIGN (0x2)
 *fill*         0x0000f8bd        0x1 00
                0x0000f8be                _etext = .

.data           0x00001100      0x152 load address 0x0000f8be
                0x00001100                . = ALIGN (0x2)
                0x00001100                PROVIDE (__data_start, .)
 *(.data .data.* .gnu.linkonce.d.*)
 .data          0x00001100        0xc udp-ph.o
                0x00001100                udp_client_process
                0x0000110a                id
 .data          0x0000110c        0x1 build/sky/contiki-ng-sky.a(sht11-sensor.o)
 *fill*         0x0000110d        0x1 00
 .data          0x0000110e        0x2 build/sky/contiki-ng-sky.a(msp430.o)
 .data          0x00001110        0xa build/sky/contiki-ng-sky.a(etimer.o)
                0x00001110                etimer_process
 .data          0x0000111a       0x50 build/sky/contiki-ng-sky.a(log.o)
                0x0000111a                all_modules
                0x00001168                curr_log_level_main
 .data          0x0000116a        0xa build/sky/contiki-ng-sky.a(ctimer.o)
                0x0000116a                ctimer_process
 .data          0x00001174        0xa build/sky/contiki-ng-sky.a(stack-check.o)
                0x00001174                stack_check_process
 .data          0x0000117e        0xa build/sky/contiki-ng-sky.a(serial-line.o)
                0x0000117e                serial_line_process
 .data          0x00001188       0x10 build/sky/contiki-ng-sky.a(queuebuf.o)
 .data          0x00001198       0x18 build/sky/contiki-ng-sky.a(csma-output.o)
 .data          0x000011b0        0x8 build/sky/contiki-ng-sky.a(uip-ds6-route.o)
 .data          0x000011b8        0x8 build/sky/contiki-ng-sky.a(uip-ds6-nbr.o)
 .data          0x000011c0        0xa build/sky/contiki-ng-sky.a(tcpip.o)
                0x000011c0                tcpip_process
 .data          0x000011ca        0x6 build/sky/contiki-ng-sky.a(uip-nd6.o)
 .data          0x000011d0        0xa build/sky/contiki-ng-sky.a(simple-udp.o)
                0x000011d0                simple_udp_process
 .data          0x000011da        0x4 build/sky/contiki-ng-sky.a(contiki-sky-pla)
                0x000011da                sensors
 .data          0x000011de        0xa build/sky/contiki-ng-sky.a(sensors.o)
                0x000011de                sensors_process
 .data          0x000011e8        0xc build/sky/contiki-ng-sky.a(cc2420.o)
                0x000011e8                cc2420_process
 .data          0x000011f4        0x8 build/sky/contiki-ng-sky.a(nbr-table.o)
 .data          0x000011fc        0x8 build/sky/contiki-ng-sky.a(link-stats.o)
 .data          0x00001204        0x2 build/sky/contiki-ng-sky.a(frame802154.o)
 .data          0x00001206        0xc build/sky/contiki-ng-sky.a(uip-icmp6.o)
 .data          0x00001212        0x8 build/sky/contiki-ng-sky.a(uip-sr.o)
 .data          0x0000121a       0x18 build/sky/contiki-ng-sky.a(rpl-icmp6.o)
 .data          0x00001232        0xa build/sky/contiki-ng-sky.a(rpl-neighbor.o)
                0x00001232                rpl_neighbors
 .data          0x0000123c       0x12 build/sky/contiki-ng-sky.a(rpl-mrhof.o)
                0x0000123c                rpl_mrhof
 .data          0x0000124e        0x4 /usr/lib/gcc/msp430/4.6.3/../../../../msp430/lib/mmpy-16/libc.a(rand.o)
                0x00001252                . = ALIGN (0x2)
                0x00001252                _edata = .
                0x0000f8be                PROVIDE (__data_load_start, LOADADDR (.data))
                0x00000152                PROVIDE (__data_size, SIZEOF (.data))

.bss            0x00001252     0x1cb6 load address 0x0000fa10
                0x00001252                PROVIDE (__bss_start, .)
 *(.bss .bss.*)
 .bss           0x00001252       0x54 udp-ph.o
 .bss           0x000012a6       0x9a build/sky/contiki-ng-sky.a(uart1.o)
 .bss           0x00001340        0x8 build/sky/contiki-ng-sky.a(platform.o)
 .bss           0x00001348        0xa build/sky/contiki-ng-sky.a(clock.o)
 .bss           0x00001352        0x2 build/sky/contiki-ng-sky.a(watchdog.o)
 .bss           0x00001354        0x6 build/sky/contiki-ng-sky.a(etimer.o)
 .bss           0x0000135a       0x16 build/sky/contiki-ng-sky.a(log.o)
                0x0000135a                curr_log_level_lwm2m
                0x0000135c                curr_log_level_snmp
                0x0000135e                curr_log_level_coap
                0x00001360                curr_log_level_6top
                0x00001362                curr_log_level_framer
                0x00001364                curr_log_level_mac
                0x00001366                curr_log_level_nullnet
                0x00001368                curr_log_level_6lowpan
                0x0000136a                curr_log_level_ipv6
                0x0000136c                curr_log_level_tcpip
                0x0000136e                curr_log_level_rpl
 .bss           0x00001370        0x4 build/sky/contiki-ng-sky.a(ctimer.o)
 .bss           0x00001374        0x2 build/sky/contiki-ng-sky.a(rtimer.o)
 .bss           0x00001376        0x2 build/sky/contiki-ng-sky.a(node-id.o)
                0x00001376                node_id
 .bss           0x00001378       0xc8 build/sky/contiki-ng-sky.a(process.o)
                0x00001378                process_current
                0x0000137a                process_list
 .bss           0x00001440        0xe build/sky/contiki-ng-sky.a(stack-check.o)
 .bss           0x0000144e      0x10a build/sky/contiki-ng-sky.a(serial-line.o)
 .bss           0x00001558      0x580 build/sky/contiki-ng-sky.a(queuebuf.o)
 .bss           0x00001ad8       0x86 build/sky/contiki-ng-sky.a(packetbuf.o)
 .bss           0x00001b5e        0x2 build/sky/contiki-ng-sky.a(netstack.o)
 .bss           0x00001b60       0xbe build/sky/contiki-ng-sky.a(csma-output.o)
 .bss           0x00001c1e       0x28 build/sky/contiki-ng-sky.a(uip-ds6.o)
 .bss           0x00001c46       0x3c build/sky/contiki-ng-sky.a(uip-ds6-route.o)
 .bss           0x00001c82      0x120 build/sky/contiki-ng-sky.a(uip-ds6-nbr.o)
 .bss           0x00001da2        0xc build/sky/contiki-ng-sky.a(tcpip.o)
 .bss           0x00001dae        0x8 build/sky/contiki-ng-sky.a(uip6.o)
                0x00001dae                uip_last_proto
                0x00001db0                uip_ext_len
                0x00001db2                uip_ext_bitmap
 .bss           0x00001db6        0x8 build/sky/contiki-ng-sky.a(uip-nd6.o)
 .bss           0x00001dbe       0xf2 build/sky/contiki-ng-sky.a(simple-udp.o)
 .bss           0x00001eb0      0x6e0 build/sky/contiki-ng-sky.a(sicslowpan.o)
 .bss           0x00002590        0x1 build/sky/contiki-ng-sky.a(rpl.o)
 *fill*         0x00002591        0x1 00
 .bss           0x00002592       0x12 build/sky/contiki-ng-sky.a(rpl-dag-root.o)
 .bss           0x000025a4        0x8 build/sky/contiki-ng-sky.a(button-sensor.o)
 .bss           0x000025ac        0x6 build/sky/contiki-ng-sky.a(sensors.o)
 .bss           0x000025b2       0x10 build/sky/contiki-ng-sky.a(cc2420.o)
 .bss           0x000025c2       0xe4 build/sky/contiki-ng-sky.a(nbr-table.o)
 .bss           0x000026a6       0xa0 build/sky/contiki-ng-sky.a(link-stats.o)
 .bss           0x00002746       0xe0 build/sky/contiki-ng-sky.a(mac-sequence.o)
 .bss           0x00002826        0x2 build/sky/contiki-ng-sky.a(framer-802154.o)